VBCSCompilerPreWarmer: watching VBCSCompiler (PID 20324)
VBCSCompilerPreWarmer: pre-warm launched (dotnet PID 25944)
VBCSCompiler prewarm took 55.19 ms
[Licensing::Module] Trying to connect to existing licensing client channel...
Built from '6000.6/staging' branch; Version is '6000.6.3f1 (45d8eee7de74) revision 4577518'; Using compiler version '194234433'; Build Type 'Release'
[Licensing::IpcConnector] Successfully connected to: "LicenseClient-obscu" at "2026-10-01T18:37:53.0302001Z"
OS: 'Windows 11  (10.0.26200) Professional' Language: 'en' Physical Memory: 15182 MB
BatchMode: 1, IsHumanControllingUs: 0, StartBugReporterOnCrash: 0, Is64bit: 1
System  architecture: x64
Process architecture: x64
Date: 2026-10-01T18:37:53Z
[Licensing::Client] Code 10 while verifying Licensing Client signature (process Id: 13088, path: "D:/Unity/Unity Hub/UnityLicensingClient_V1/Unity.Licensing.Client.exe")
[Licensing::Module] LicensingClient has failed validation; ignoring
[Licensing::Client] Handshaking with LicensingClient:
  Version:                 1.18.3+d7ffd15
  Session Id:              d1c1af5fba8f4ffcaad32907edc0b13c
  Correlation Id:          9e0b16346ac2c644471135d41f0f4599
  External correlation Id: 2966145726539701360
  Machine Id:              TExqC4bzIoEipys504spRup1M8I=
[Licensing::Module] Successfully connected to LicensingClient on channel: "LicenseClient-obscu" (connect: 0.00s, validation: 0.00s, handshake: 0.10s)
[Licensing::IpcConnector] Successfully connected to: "LicenseClient-obscu-notifications" at "2026-10-01T18:37:53.1390169Z"
[Licensing::Module] Error: Access token is unavailable; failed to update
[Licensing::Client] Successfully resolved entitlement details
[Licensing::Module] License group:
  Id: 2476054553666-UnityPersXXXX
  Product: Unity Personal
  Type: Assigned
  Expiration: Unlimited
[Licensing::Client] Successfully updated license, isAsync: True, time: 0.00
[Licensing::Client] Successfully resolved entitlement details
[Licensing::Module] Licensing Background thread has ended after 0.13s

COMMAND LINE ARGUMENTS:
D:\Unity\6000.6.3f1\Editor\Unity.exe
-batchmode
-projectPath
D:\Unity\HTH3 Project
-executeMethod
TherapyGame.Editor.TherapyRareFishVfxChecks.RunBatch
-logFile
D:\Hack the Hill\Deliverables\RareFishVfx\Checks\Unity-Vfx.log
Successfully changed project path to: D:\Unity\HTH3 Project
D:/Unity/HTH3 Project
[UnityMemory] Configuration Parameters - Can be set up in boot.config
    "memorysetup-temp-allocator-size-gi-baking-worker=262144"
    "memorysetup-temp-allocator-size-gi-baking-worker=262144"
    "memorysetup-temp-allocator-size-gi-baking-worker=262144"
    "memorysetup-temp-allocator-size-gi-baking-worker=262144"
    "memorysetup-temp-allocator-size-gi-baking-worker=262144"
    "memorysetup-temp-allocator-size-nav-mesh-worker=65536"
    "memorysetup-temp-allocator-size-audio-worker=65536"
    "memorysetup-temp-allocator-size-cloud-worker=32768"
    "memorysetup-temp-allocator-size-gfx=262144"
    "memorysetup-remapper-allocator-initial-capacity=32768"
    "memorysetup-temp-allocator-size-preload-manager=33554432"
    "memorysetup-allocator-temp-initial-block-size-main=262144"
    "memorysetup-allocator-temp-initial-block-size-worker=262144"
    "memorysetup-temp-allocator-size-job-worker=262144"
    "memorysetup-temp-allocator-size-background-worker=32768"
    "memorysetup-bucket-allocator-granularity=16"
    "memorysetup-bucket-allocator-bucket-count=8"
    "memorysetup-bucket-allocator-block-size=33554432"
    "memorysetup-bucket-allocator-block-count=8"
    "memorysetup-main-allocator-block-size=16777216"
    "memorysetup-thread-allocator-block-size=16777216"
    "memorysetup-main-allocator-mimalloc-enabled=1"
    "memorysetup-gfx-main-allocator-block-size=16777216"
    "memorysetup-gfx-thread-allocator-block-size=16777216"
    "memorysetup-cache-allocator-block-size=4194304"
    "memorysetup-typetree-allocator-block-size=2097152"
    "memorysetup-profiler-bucket-allocator-granularity=16"
    "memorysetup-profiler-bucket-allocator-bucket-count=8"
    "memorysetup-profiler-bucket-allocator-block-size=33554432"
    "memorysetup-profiler-bucket-allocator-block-count=8"
    "memorysetup-profiler-allocator-block-size=16777216"
    "memorysetup-profiler-editor-allocator-block-size=1048576"
    "memorysetup-temp-allocator-size-main=16777216"
    "memorysetup-job-temp-allocator-block-size=2097152"
    "memorysetup-job-temp-allocator-block-size-background=1048576"
    "memorysetup-job-temp-allocator-reduction-small-platforms=262144"
Logging is directed to a specific file, skipping project log.
Player connection [12024]  Target information:

Player connection [12024]  * "[IP] 10.0.0.49 [Port] 55504 [Flags] 2 [Guid] 3347197751 [EditorId] 3347197751 [Version] 1048832 [Id] WindowsEditor(7,LAPTOP-IUN5378O) [Debug] 1 [PackageName] WindowsEditor [ProjectName] Editor" 

Player connection [12024] Host joined multi-casting on [225.0.0.222:54997]...
Player connection [12024] Host joined alternative multi-casting on [225.0.0.222:34997]...
Input System module state changed to: Initialized.
[Physics::Module] Initialized fallback backend.
[Physics::Module] Id: 0xdecafbad
[Package Manager] Connected to IPC stream "Upm-14028" after 0.6 seconds.
[Licensing::Client] Successfully resolved entitlement details
Library Redirect Path: Library/
Launching Unity Data Store - D:/Unity/6000.6.3f1/Editor/Data/Tools/Unity.DataStore.exe 
Unity Data Store artifact dir = Library/DataStore, working dir = D:/Unity/HTH3 ProjectActive build profile path: `Assets/Settings/Build Profiles/Windows.asset`
Unity Data Store running and initialised
Got setting from build profile YAML, name `m_BuildTarget`, value `19`
Got setting from build profile YAML, name `m_Subtarget`, value `2`
Refreshing native plugins compatible for Editor in 2.07 ms, found 0 plugins.
[Physics::Module] Selected backend (deferred post-plugins).
[Physics::Module] Name: PhysX
[Physics::Module] Id: 0xf2b8ea05
[Physics::Module] SDK Version: 4.1.2
[Physics::Module] Integration Version: 1.0.0
[Physics::Module] Threading Mode: Multi-Threaded
Initialize engine version: 6000.6.3f1 (45d8eee7de74)
[EntityIdStore] init: VM path (explicit commit), pageSize=4096, blockCount=1048576, entitiesPerBlock=256, slots reserved=4294967296 bytes
[Subsystems] Discovering subsystems at path D:/Unity/6000.6.3f1/Editor/Data/Resources/UnitySubsystems
[Subsystems] Discovering subsystems at path D:/Unity/HTH3 Project/Assets
GfxDevice: creating device client; kGfxThreadingModeNonThreaded
Direct3D:
    Version:  Direct3D 11.0 [level 11.1]
    Renderer: AMD Radeon(TM) Graphics (ID=0x1638)
    Vendor:   ATI
    VRAM:     7591 MB
    Driver:   31.0.21924.4004
Initialize mono
Mono path[0] = 'D:/Unity/6000.6.3f1/Editor/Data/Managed'
Mono path[1] = 'D:/Unity/6000.6.3f1/Editor/Data/BCLExtensions/runtime/netstandard2.1'
Mono path[2] = 'D:/Unity/6000.6.3f1/Editor/Data/MonoBleedingEdge/lib/mono/unityjit-win32'
Mono config path = 'D:/Unity/6000.6.3f1/Editor/Data/MonoBleedingEdge/etc'
Using monoOptions --debugger-agent=transport=dt_socket,embedding=1,server=y,suspend=n,address=127.0.0.1:56028
CodeReloadManager initialized
ImportWorker Server TCP listen port: 0
AcceleratorClientConnectionCallback - disconnected - :0
Begin MonoManager ReloadAssembly
Registering precompiled unity dll's ...
Register platform support module: D:/Unity/6000.6.3f1/Editor/Data/PlaybackEngines/WindowsStandaloneSupport/UnityEditor.WindowsStandalone.Extensions.dll
Registered in 0.003526 seconds.
Native extension for WindowsStandalone target not found
Package Manager log level set to [2]
ScheduleIndexationOnStartup MainProcess:False IndexOnStartup:True
Scripting: successfully reloaded assembly
- Finished resetting the current domain, in  1.591 seconds
Domain Reload Profiling: 2919ms
	BeginReloadAssembly (372ms)
		CreateAndSetChildDomain (8ms)
	RebuildCommonClasses (12ms)
	RebuildNativeTypeToScriptingClass (38ms)
	initialDomainReloadingComplete (164ms)
	LoadAllAssembliesAndSetupDomain (740ms)
		LoadAssemblies (363ms)
		TypeCache.Refresh (501ms)
			TypeCache.ScanAssembly (470ms)
		AnalyzeDomain (1ms)
	FinalizeReload (1593ms)
		SetupLoadedEditorAssemblies (0ms)
			LogAssemblyErrors (4ms)
			InitializePlatformSupportModulesInManaged (7ms)
			BeforeProcessingInitializeOnLoad (250ms)
			ProcessInitializeOnLoadAttributes (287ms)
			ProcessInitializeOnLoadMethodAttributes (555ms)
[Licensing::Client] Successfully resolved entitlement details
Application.AssetDatabase Initial Refresh Start
[Package Manager] Restoring resolved packages state from cache
[Licensing::Client] Successfully resolved entitlement details
[Package Manager] Registered 66 packages:
  Packages from [https://packages.unity.com]:
    com.unity.ai.assistant@2.20.0-pre.1 (location: D:\Unity\HTH3 Project\Library\PackageCache\com.unity.ai.assistant@ceb45b7b3ebd)
    com.unity.ai.inference@2.6.1 (location: D:\Unity\HTH3 Project\Library\PackageCache\com.unity.ai.inference@9a123aee5df7)
    com.unity.ai.navigation@2.0.14 (location: D:\Unity\HTH3 Project\Library\PackageCache\com.unity.ai.navigation@134dd6a3b97b)
    com.unity.collab-proxy@2.13.6 (location: D:\Unity\HTH3 Project\Library\PackageCache\com.unity.collab-proxy@4628d2ba6ea4)
    com.unity.ide.rider@3.0.38 (location: D:\Unity\HTH3 Project\Library\PackageCache\com.unity.ide.rider@1f60b3138684)
    com.unity.ide.visualstudio@2.0.26 (location: D:\Unity\HTH3 Project\Library\PackageCache\com.unity.ide.visualstudio@a99d56dec63f)
    com.unity.inputsystem@1.20.0 (location: D:\Unity\HTH3 Project\Library\PackageCache\com.unity.inputsystem@7a4e1a2a8194)
    com.unity.visualscripting@1.9.12 (location: D:\Unity\HTH3 Project\Library\PackageCache\com.unity.visualscripting@4edfcc09512f)
    com.unity.nuget.newtonsoft-json@3.2.2 (location: D:\Unity\HTH3 Project\Library\PackageCache\com.unity.nuget.newtonsoft-json@4dfd81071c64)
    com.unity.dt.app-ui@2.1.11 (location: D:\Unity\HTH3 Project\Library\PackageCache\com.unity.dt.app-ui@cd5609b130ce)
    com.unity.nuget.mono-cecil@1.11.6 (location: D:\Unity\HTH3 Project\Library\PackageCache\com.unity.nuget.mono-cecil@ecb9724e46ff)
    com.unity.searcher@4.9.5 (location: D:\Unity\HTH3 Project\Library\PackageCache\com.unity.searcher@a463122f2c00)
    com.unity.profiling.core@1.0.3 (location: D:\Unity\HTH3 Project\Library\PackageCache\com.unity.profiling.core@8a49f7027d06)
  Built-in packages:
    com.unity.render-pipelines.universal@17.6.0 (location: D:\Unity\HTH3 Project\Library\PackageCache\com.unity.render-pipelines.universal@327d93d1cbc8)
    com.unity.test-framework@1.8.0 (location: D:\Unity\HTH3 Project\Library\PackageCache\com.unity.test-framework@80f691d4262b)
    com.unity.timeline@6.6.0 (location: D:\Unity\HTH3 Project\Library\PackageCache\com.unity.timeline@c56d56b0070b)
    com.unity.ugui@2.6.0 (location: D:\Unity\HTH3 Project\Library\PackageCache\com.unity.ugui@0727b404f3a0)
    com.unity.modules.accessibility@1.0.0 (location: D:\Unity\HTH3 Project\Library\PackageCache\com.unity.modules.accessibility)
    com.unity.modules.adaptiveperformance@1.0.0 (location: D:\Unity\HTH3 Project\Library\PackageCache\com.unity.modules.adaptiveperformance)
    com.unity.modules.ai@1.0.0 (location: D:\Unity\HTH3 Project\Library\PackageCache\com.unity.modules.ai)
    com.unity.modules.androidjni@1.0.0 (location: D:\Unity\HTH3 Project\Library\PackageCache\com.unity.modules.androidjni)
    com.unity.modules.animation@1.0.0 (location: D:\Unity\HTH3 Project\Library\PackageCache\com.unity.modules.animation)
    com.unity.modules.assetbundle@1.0.0 (location: D:\Unity\HTH3 Project\Library\PackageCache\com.unity.modules.assetbundle)
    com.unity.modules.audio@1.0.0 (location: D:\Unity\HTH3 Project\Library\PackageCache\com.unity.modules.audio)
    com.unity.modules.cloth@1.0.0 (location: D:\Unity\HTH3 Project\Library\PackageCache\com.unity.modules.cloth)
    com.unity.modules.director@1.0.0 (location: D:\Unity\HTH3 Project\Library\PackageCache\com.unity.modules.director)
    com.unity.modules.imageconversion@1.0.0 (location: D:\Unity\HTH3 Project\Library\PackageCache\com.unity.modules.imageconversion)
    com.unity.modules.imgui@1.0.0 (location: D:\Unity\HTH3 Project\Library\PackageCache\com.unity.modules.imgui)
    com.unity.modules.jsonserialize@1.0.0 (location: D:\Unity\HTH3 Project\Library\PackageCache\com.unity.modules.jsonserialize)
    com.unity.modules.particlesystem@1.0.0 (location: D:\Unity\HTH3 Project\Library\PackageCache\com.unity.modules.particlesystem)
    com.unity.modules.physics@1.0.0 (location: D:\Unity\HTH3 Project\Library\PackageCache\com.unity.modules.physics)
    com.unity.modules.physics2d@1.0.0 (location: D:\Unity\HTH3 Project\Library\PackageCache\com.unity.modules.physics2d)
    com.unity.modules.physicscore2d@1.0.0 (location: D:\Unity\HTH3 Project\Library\PackageCache\com.unity.modules.physicscore2d)
    com.unity.modules.screencapture@1.0.0 (location: D:\Unity\HTH3 Project\Library\PackageCache\com.unity.modules.screencapture)
    com.unity.modules.terrain@1.0.0 (location: D:\Unity\HTH3 Project\Library\PackageCache\com.unity.modules.terrain)
    com.unity.modules.terrainphysics@1.0.0 (location: D:\Unity\HTH3 Project\Library\PackageCache\com.unity.modules.terrainphysics)
    com.unity.modules.tetgen@1.0.0 (location: D:\Unity\HTH3 Project\Library\PackageCache\com.unity.modules.tetgen)
    com.unity.modules.tilemap@1.0.0 (location: D:\Unity\HTH3 Project\Library\PackageCache\com.unity.modules.tilemap)
    com.unity.modules.timelinefoundation@1.0.0 (location: D:\Unity\HTH3 Project\Library\PackageCache\com.unity.modules.timelinefoundation)
    com.unity.modules.ui@1.0.0 (location: D:\Unity\HTH3 Project\Library\PackageCache\com.unity.modules.ui)
    com.unity.modules.uielements@1.0.0 (location: D:\Unity\HTH3 Project\Library\PackageCache\com.unity.modules.uielements)
    com.unity.modules.umbra@1.0.0 (location: D:\Unity\HTH3 Project\Library\PackageCache\com.unity.modules.umbra)
    com.unity.modules.unityanalytics@1.0.0 (location: D:\Unity\HTH3 Project\Library\PackageCache\com.unity.modules.unityanalytics)
    com.unity.modules.unitywebrequest@1.0.0 (location: D:\Unity\HTH3 Project\Library\PackageCache\com.unity.modules.unitywebrequest)
    com.unity.modules.unitywebrequestassetbundle@1.0.0 (location: D:\Unity\HTH3 Project\Library\PackageCache\com.unity.modules.unitywebrequestassetbundle)
    com.unity.modules.unitywebrequestaudio@1.0.0 (location: D:\Unity\HTH3 Project\Library\PackageCache\com.unity.modules.unitywebrequestaudio)
    com.unity.modules.unitywebrequesttexture@1.0.0 (location: D:\Unity\HTH3 Project\Library\PackageCache\com.unity.modules.unitywebrequesttexture)
    com.unity.modules.unitywebrequestwww@1.0.0 (location: D:\Unity\HTH3 Project\Library\PackageCache\com.unity.modules.unitywebrequestwww)
    com.unity.modules.vectorgraphics@1.0.0 (location: D:\Unity\HTH3 Project\Library\PackageCache\com.unity.modules.vectorgraphics)
    com.unity.modules.vehicles@1.0.0 (location: D:\Unity\HTH3 Project\Library\PackageCache\com.unity.modules.vehicles)
    com.unity.modules.video@1.0.0 (location: D:\Unity\HTH3 Project\Library\PackageCache\com.unity.modules.video)
    com.unity.modules.wind@1.0.0 (location: D:\Unity\HTH3 Project\Library\PackageCache\com.unity.modules.wind)
    com.unity.modules.xr@1.0.0 (location: D:\Unity\HTH3 Project\Library\PackageCache\com.unity.modules.xr)
    com.unity.modules.subsystems@1.0.0 (location: D:\Unity\HTH3 Project\Library\PackageCache\com.unity.modules.subsystems)
    com.unity.modules.hierarchycore@1.0.0 (location: D:\Unity\HTH3 Project\Library\PackageCache\com.unity.modules.hierarchycore)
    com.unity.ext.nunit@2.1.0 (location: D:\Unity\HTH3 Project\Library\PackageCache\com.unity.ext.nunit@0198eae3b53e)
    com.unity.render-pipelines.core@17.6.0 (location: D:\Unity\HTH3 Project\Library\PackageCache\com.unity.render-pipelines.core@02d75770e4b3)
    com.unity.shadergraph@17.6.0 (location: D:\Unity\HTH3 Project\Library\PackageCache\com.unity.shadergraph@1dd0fd24b57e)
    com.unity.render-pipelines.universal-config@17.6.0 (location: D:\Unity\HTH3 Project\Library\PackageCache\com.unity.render-pipelines.universal-config@561422b74439)
    com.unity.burst@2.0.0 (location: D:\Unity\HTH3 Project\Library\PackageCache\com.unity.burst@626e66ab421b)
    com.unity.collections@6.6.0 (location: D:\Unity\HTH3 Project\Library\PackageCache\com.unity.collections@10fff0607388)
    com.unity.2d.sprite@1.0.0 (location: D:\Unity\HTH3 Project\Library\PackageCache\com.unity.2d.sprite@26bcb5e737a2)
    com.unity.mathematics@1.4.0 (location: D:\Unity\HTH3 Project\Library\PackageCache\com.unity.mathematics@8306a64d0cd6)
    com.unity.graph-authoring@1.0.0 (location: D:\Unity\HTH3 Project\Library\PackageCache\com.unity.graph-authoring@cfd2588851ee)
    com.unity.test-framework.performance@6.6.0 (location: D:\Unity\HTH3 Project\Library\PackageCache\com.unity.test-framework.performance@b6023decb532)
  Embedded packages:
    io.elevenlabs.agents@file:D:\Unity\HTH3 Project\Packages\io.elevenlabs.agents (location: D:\Unity\HTH3 Project\Packages\io.elevenlabs.agents)
[Subsystems] No new subsystems found in resolved package list.
[Package Manager] Done registering packages in 0.05 seconds
Assets/StreamingAssets/TherapyGame/PresageBridge/node_modules/@smartspectra/node-sdk is a symbolic link. Using symlinks in Unity projects may cause your project to become corrupted if you create multiple references to the same asset, use recursive symlinks or use symlinks to share assets between projects used with different versions of Unity. Make sure you know what you are doing.
Disabling directory monitoring for current editor session. Found symlinks in project which cannot be used with directory monitoring. Directory monitoring settings can be changed in preferences.
AcceleratorClientConnectionCallback - disconnected - :0
[ScriptCompilation] Requested script compilation because: AssetDatabase observed changes in script compilation related files
Refreshing native plugins compatible for Editor in 9.37 ms, found 5 plugins.
Starting: D:\Unity\6000.6.3f1\Editor\Data\Tools\BuildPipeline\bee_backend.exe --ipc --defer-dag-verification --dagfile="Library/Bee/1900b0aE.dag" --continue-on-failure --profile="Library/Bee/backend1.traceevents" ScriptAssemblies
WorkingDir: D:/Unity/HTH3 Project
DisplayProgressbar: Compiling Scripts
ExitCode: 4 Duration: 1s504ms
[1256/1666  0s] ILPP-Configuration Library/ilpp-configuration.nevergeneratedoutput
Rebuilding DAG because FileSignature timestamp changed: Library/Bee/1900b0aE-inputdata.json
*** Tundra requires additional run (1.41 seconds), 2 items updated, 1649 evaluated
Starting: D:\Unity\6000.6.3f1\Editor\Data\DotNetSdk\dotnet.exe "D:\Unity\6000.6.3f1\Editor\Data\Tools\BuildPipeline\ScriptCompilationBuildProgram.exe" "Library/Bee/1900b0aE.dag.json" "Library/Bee/1900b0aE-inputdata.json" "Library\Bee\buildprogram0.traceevents"
WorkingDir: D:/Unity/HTH3 Project
ExitCode: 0 Duration: 3s443ms
Starting: D:\Unity\6000.6.3f1\Editor\Data\Tools\BuildPipeline\bee_backend.exe --ipc --defer-dag-verification --dagfile="Library/Bee/1900b0aE.dag" --continue-on-failure --dagfilejson="Library\Bee\1900b0aE.dag.json" --profile="Library/Bee/backend2.traceevents" ScriptAssemblies
WorkingDir: D:/Unity/HTH3 Project
ExitCode: 0 Duration: 9s843ms
Finished compiling graph: 1670 nodes, 36625 flattened edges (30217 ToBuild, 276 ToUse), maximum node priority 1890
[ 829/1666  0s] WriteText Library/Bee/artifacts/1900b0aE.dag/TherapyGame.Runtime.rsp
[ 842/1666  0s] WriteText Library/Bee/artifacts/1900b0aE.dag/TherapyGame.Editor.rsp
[1256/1666  0s] ILPP-Configuration Library/ilpp-configuration.nevergeneratedoutput
[1650/1666  2s] Csc Library/Bee/artifacts/1900b0aE.dag/TherapyGame.Runtime.dll (+2 others)
Assets\TherapyGame\Runtime\ThirdParty\uLipSync\Profile.cs(27,31): warning UAC1001: Field 'mfccNativeArray' type 'Unity.Collections.NativeArray<float>' is skipped by serialization (missing the [Serializable] attribute). Refer to the Serialization rules analyzer reference. (https://docs.unity3d.com/6000.6/Documentation/Manual/script-serialization-analyzer.html#uac1001)
[1651/1666  1s] ILPostProcess Library/Bee/artifacts/1900b0aE.dag/post-processed/TherapyGame.Runtime.dll (+pdb)
Processing assembly Library/Bee/artifacts/1900b0aE.dag/TherapyGame.Runtime.dll, with 151 defines and 313 references

processors: Unity.Jobs.CodeGen.JobsILPostProcessor, zzzUnity.Burst.CodeGen.BurstILPostProcessor

running Unity.Jobs.CodeGen.JobsILPostProcessor

running zzzUnity.Burst.CodeGen.BurstILPostProcessor
[1652/1666  0s] CopyFiles Library/ScriptAssemblies/TherapyGame.Runtime.pdb
[1653/1666  0s] CopyFiles Library/ScriptAssemblies/TherapyGame.Runtime.dll
[1654/1666  2s] Csc Library/Bee/artifacts/1900b0aE.dag/TherapyGame.Editor.dll (+2 others)
Assets\TherapyGame\Editor\TherapyRealismUpgrade.cs(104,84): warning CS0618: 'LightingSettings.Lightmapper.ProgressiveCPU' is obsolete: 'Lightmapper.ProgressiveCPU is deprecated, use Lightmapper.UnityComputeGPU instead.'
[1655/1666  0s] Csc Library/Bee/artifacts/1900b0aE.dag/Assembly-CSharp.dll (+2 others)
[1656/1666  0s] Csc Library/Bee/artifacts/1900b0aE.dag/Assembly-CSharp-Editor.dll (+2 others)
[1657/1666  0s] ILPostProcess Library/Bee/artifacts/1900b0aE.dag/post-processed/Assembly-CSharp.dll (+pdb)
Processing assembly Library/Bee/artifacts/1900b0aE.dag/Assembly-CSharp.dll, with 151 defines and 384 references

processors: Unity.Jobs.CodeGen.JobsILPostProcessor, zzzUnity.Burst.CodeGen.BurstILPostProcessor

1 processor(s) skipped this assembly

running Unity.Jobs.CodeGen.JobsILPostProcessor
[1658/1666  0s] ILPostProcess Library/Bee/artifacts/1900b0aE.dag/post-processed/Assembly-CSharp-Editor.dll (+pdb)
Processing assembly Library/Bee/artifacts/1900b0aE.dag/Assembly-CSharp-Editor.dll, with 149 defines and 407 references

processors: Unity.Jobs.CodeGen.JobsILPostProcessor, zzzUnity.Burst.CodeGen.BurstILPostProcessor

1 processor(s) skipped this assembly

running Unity.Jobs.CodeGen.JobsILPostProcessor
[1659/1666  0s] CopyFiles Library/ScriptAssemblies/Assembly-CSharp.pdb
[1660/1666  0s] CopyFiles Library/ScriptAssemblies/Assembly-CSharp.dll
[1661/1666  0s] CopyFiles Library/ScriptAssemblies/Assembly-CSharp-Editor.pdb
[1662/1666  0s] CopyFiles Library/ScriptAssemblies/Assembly-CSharp-Editor.dll
[1663/1666  0s] ILPostProcess Library/Bee/artifacts/1900b0aE.dag/post-processed/TherapyGame.Editor.dll (+pdb)
Processing assembly Library/Bee/artifacts/1900b0aE.dag/TherapyGame.Editor.dll, with 149 defines and 322 references

processors: Unity.Jobs.CodeGen.JobsILPostProcessor, zzzUnity.Burst.CodeGen.BurstILPostProcessor

1 processor(s) skipped this assembly

running Unity.Jobs.CodeGen.JobsILPostProcessor
[1664/1666  0s] CopyFiles Library/ScriptAssemblies/TherapyGame.Editor.pdb
[1665/1666  0s] CopyFiles Library/ScriptAssemblies/TherapyGame.Editor.dll
*** Tundra build success (9.78 seconds), 19 items updated, 1666 evaluated
Assets\TherapyGame\Runtime\ThirdParty\uLipSync\Profile.cs(27,31): warning UAC1001: Field 'mfccNativeArray' type 'Unity.Collections.NativeArray<float>' is skipped by serialization (missing the [Serializable] attribute). Refer to the Serialization rules analyzer reference. (https://docs.unity3d.com/6000.6/Documentation/Manual/script-serialization-analyzer.html#uac1001)
Assets\TherapyGame\Editor\TherapyRealismUpgrade.cs(104,84): warning CS0618: 'LightingSettings.Lightmapper.ProgressiveCPU' is obsolete: 'Lightmapper.ProgressiveCPU is deprecated, use Lightmapper.UnityComputeGPU instead.'
Total cache size 268296782
Total cache size after purge 268296782, took 00:00:01.2230828
AssetDatabase: script compilation time: 18.000308s
Begin MonoManager ReloadAssembly
'Packages/com.unity.render-pipelines.core/Editor/Deprecated.cs' contains partial class of Unity.Object, exactly 1 of the partial classes needs to be in a file with the same filename. This is to know the one that can be referenced from ie. GameObjects
'Packages/com.unity.render-pipelines.core/Editor/Deprecated.cs' contains partial class of Unity.Object, exactly 1 of the partial classes needs to be in a file with the same filename. This is to know the one that can be referenced from ie. GameObjects
Refreshing native plugins compatible for Editor in 9.96 ms, found 5 plugins.
Native extension for WindowsStandalone target not found
Refreshing native plugins compatible for Editor in 8.95 ms, found 5 plugins.
[Licensing::Client] Error: Code 404 while processing request (status: Found 0 entitlement groups and 0 free entitlements matching requested entitlement ids)
[Licensing::Client] Error: Code 404 while processing request (status: Found 0 entitlement groups and 0 free entitlements matching requested entitlement ids)
[Licensing::Client] Error: Code 404 while processing request (status: Found 0 entitlement groups and 0 free entitlements matching requested entitlement ids)
ScheduleIndexationOnStartup MainProcess:True IndexOnStartup:True
Scripting: successfully reloaded assembly
- Finished resetting the current domain, in  4.688 seconds
Domain Reload Profiling: 7910ms
	BeginReloadAssembly (602ms)
		DisableScriptedObjects (55ms)
		CreateAndSetChildDomain (94ms)
	RebuildCommonClasses (21ms)
	RebuildNativeTypeToScriptingClass (45ms)
	initialDomainReloadingComplete (266ms)
	LoadAllAssembliesAndSetupDomain (2287ms)
		LoadAssemblies (1158ms)
		TypeCache.Refresh (838ms)
			TypeCache.ScanAssembly (794ms)
		AnalyzeDomain (224ms)
			BuildScriptInfoCaches (201ms)
			ResolveRequiredComponents (19ms)
	FinalizeReload (4690ms)
		SetupLoadedEditorAssemblies (0ms)
			LogAssemblyErrors (5ms)
			InitializePlatformSupportModulesInManaged (3ms)
			BeforeProcessingInitializeOnLoad (378ms)
			ProcessInitializeOnLoadAttributes (2626ms)
			ProcessInitializeOnLoadMethodAttributes (653ms)
			AfterProcessingInitializeOnLoad (9ms)
			EditorAssembliesLoaded (4ms)
		AwakeInstancesAfterBackupRestoration (61ms)
Starting new worker id: 0 with log in D:/Unity/HTH3 Project/Logs/AssetImportWorkerHW0.log
Importing 'GUID: 45cd938dfed3dc940b0d125b69377b6b - Path: Assets/TherapyGame/Resources/KoiRarityAura.shader' with importer (ShaderImporter)
Launched and connected shader compiler UnityShaderCompiler.exe after 0.04 seconds
Imported 'GUID: 45cd938dfed3dc940b0d125b69377b6b' -> (Import Result ID: '72ad2adad33b0dd09abb90b22697ed0a') in 0.436 seconds [static and dynamic dependencies]. Details - ImportResultOutputID=3dcc11f35fa8c5b31d3dc3ce5c24cab3 DependenciesID=476e141074e103458c649ab04b639129 StaticDependenciesID=dedce3d14008c427be8df2766501ca69 
Importing 'GUID: 062c79054c943b1469c962b470463546 - Path: Assets/TherapyGame/Documentation/FishingPolishRenderCheck.txt' with importer (TextScriptImporter)
Imported 'GUID: 062c79054c943b1469c962b470463546' -> (Import Result ID: '508cef70bc2e491ec7287a2cae8d9b01') in 0.033 seconds [static dependencies only]. Details - ImportResultOutputID=11c90a61d3fd5728532ca1a9bed96797 DependenciesID=29e25f6c963cbce1d70878d337282da3 StaticDependenciesID=9492dec1db4ab5c055ef12ccec543670 
Launched and connected shader compiler UnityShaderCompiler.exe after 0.03 seconds
Launched and connected shader compiler UnityShaderCompiler.exe after 0.04 seconds
Refreshing native plugins compatible for Editor in 9.00 ms, found 5 plugins.

Asset Pipeline Refresh (id=c359a6cb45f63044bb5a4023e005bc4c): Total: 31.040 seconds - Initiated by InitialRefreshV2(ForceSynchronousImport)
	(Values over 0.05ms)
	Summary:
		Imports: total=2 (actual=2, local cache=0, cache server=0)
		Asset DB Process Time: managed=4 ms, native=7351 ms
		Asset DB Callback time: managed=1756 ms, native=257 ms
		Scripting: domain reloads=1, domain reload time=3435 ms, compile time=18005 ms, other=229 ms
		Project Asset Count: scripts=2315, non-scripts=6441
		Asset File Changes: new=4, changed=6, moved=0, deleted=0
		Scan Filter Count: 0
	InvokePackagesCallback: 68.530ms
	ApplyChangesToAssetFolders: 1.940ms
	Scan: 910.303ms
	Collect global state as custom dependencies: 43.041ms
	OnSourceAssetsModified: 2.585ms
	CategorizeScriptCompilationAssets: 155.969ms
	ProcessAssetsWithTransientArtifactChanges: 258.631ms
	CategorizeAssets: 223.168ms
	CompileScripts: 18005.406ms
	ImportOutOfDateAssets: 5243.658ms (4724.473ms without children)
		ImportManagerImport: 475.341ms (4.144ms without children)
			UpdateCategorizedAssets: 0.417ms
		ReloadNativeAssets: 0.104ms
		UnloadImportedAssets: 1.567ms
		EnsureUptoDateAssetsAreRegisteredWithGuidPM: 2.342ms
		ImportSchedulerStart: 39.816ms
	PostProcessAllAssets: 1935.646ms
		ShaderAssetModifiedCallback 176.017ms
		XRBuildSystem.XRAssetImported 1.736ms
		VersionControlSettings.HiddenFilePostprocess 0.320ms
		PostProcessCallbackCreateDeferredMaterials 0.098ms
		ComputeShaderImportPostprocess 0.090ms
		SpeedTreeImporter.PostprocessAllAssets 0.058ms
		MonoPostProcessAllAssets: 1754.212ms
			SyncVS.PostprocessSyncProject 528.245ms
			AssetPostprocessor.OnPostprocessAllAssets 476.551ms
			AssetReferenceReimportMonitor.OnPostprocessAllAssets 65.287ms
			StyleCatalogPostProcessor.OnPostprocessAllAssets 63.302ms
			UniversalRenderPipelineGlobalSettingsPostprocessor.OnPostprocessAllAssets 35.472ms
			BuilderAssetPostprocessor.OnPostprocessAllAssets 34.919ms
			SpriteSlicePostprocessor.OnPostprocessAllAssets 5.948ms
			GraphRefreshPostprocessor.OnPostprocessAllAssets 5.944ms
			WindowAssetPostprocessingWatcher.OnPostprocessAllAssets 3.840ms
			SpeedTree9Postprocessor.OnPostprocessAllAssets 3.608ms
			AssetChangedListener.OnPostprocessAllAssets 3.343ms
			ShaderGraphAssetPostProcessor.OnPostprocessAllAssets 3.172ms
			RetainedModeAssetPostprocessor.OnPostprocessAllAssets 2.904ms
			AssetChangeDetector.OnPostprocessAllAssets 2.320ms
			EditModeScopePostprocessor.OnPostprocessAllAssets 2.179ms
			MaterialPostprocessor.OnPostprocessAllAssets 1.542ms
			RenderPipelineGlobalSettingsPostprocessor.OnPostprocessAllAssets 1.508ms
			ShaderReflectionAssetPostProcessor.OnPostprocessAllAssets 1.335ms
			ArtifactBrowserPostProcessor.OnPostprocessAllAssets 1.275ms
			SpriteEditorTexturePostprocessor.OnPostprocessAllAssets 1.117ms
			SkillsProjectAssetPostprocessor.OnPostprocessAllAssets 1.012ms
			InputActionAssetPostprocessor.OnPostprocessAllAssets 0.894ms
			UVCSAssetPostprocessor.OnPostprocessAllAssets 0.785ms
			AudioMixerPostprocessor.OnPostprocessAllAssets 0.784ms
			TextAssetPostProcessor.OnPostprocessAllAssets 0.778ms
			TMPro_TexturePostProcessor.OnPostprocessAllAssets 0.777ms
			PostProcessor.OnPostprocessAllAssets 0.744ms
			InputActionJsonNameModifierAssetProcessor.OnPostprocessAllAssets 0.679ms
			ReferencedClipsPostProcessor.OnPostprocessAllAssets 0.638ms
			AssetEvents.OnPostprocessAllAssets 0.632ms
			ModelAssetProcessor.OnPostprocessAllAssets 0.631ms
			ProjectSettingsPostprocessor.OnPostprocessAllAssets 0.455ms
			TerrainToolbarOverlayPostProcessor.OnPostprocessAllAssets 0.388ms
			ThemePostprocessor.OnPostprocessAllAssets 0.378ms
			ConfigAssetsTracker.OnPostprocessAllAssets 0.376ms
			AssetDatabaseCallbacks.OnPostprocessAllAssets 0.330ms
			SamplePostprocessor.OnPostprocessAllAssets 0.322ms
			SpeedTreePostProcessor.OnPostprocessAllAssets 0.312ms
			ScenarioDriftAssetsTracker.OnPostprocessAllAssets 0.282ms
			AssetReloadNotifier.OnPostprocessAllAssets 0.254ms
			AudioContainerPostProcessor.OnPostprocessAllAssets 0.248ms
			TrackSelectedAssetsProcessor.OnPostprocessAllAssets 0.157ms
	PostAssetChangesProfiler: 13.919ms
	UnloadStreamsBegin: 3.986ms
	PersistCurrentRevisions: 0.619ms
	GenerateScriptTypeHashes: 4.100ms
	GenerateScriptTypeSerializationHashes: 7.681ms
	Untracked: 4105.995ms

Application.AssetDatabase Initial Refresh End
Scanning for USB devices : 6.880ms
Initializing Unity extensions:
[MODES] ModeService[none].Initialize
[MODES] ModeService[none].LoadModes
[MODES] Loading mode Default (0) for mode-current-id-HTH3 Project
Unloading 105 Unused Serialized files (Serialized files now loaded: 0)
Unloading 10512 unused Assets / (30.2 MB). Loaded Objects now: 11482.
Memory consumption went from 0.57 GB to 0.54 GB.
Total: 62.670800 ms (FindLiveObjects: 1.776100 ms CreateObjectMapping: 1.338000 ms MarkObjects: 40.982600 ms  DeleteObjects: 17.748800 ms)

Opening scene 'Assets/TherapyGame/Scenes/TherapyRoom.unity'
Unloading 18 Unused Serialized files (Serialized files now loaded: 0)
LightingSettings: switching bake backend from 2 to 1.
Worker ready: AssetImportWorkerHW0 0
Loaded scene 'Assets/TherapyGame/Scenes/TherapyRoom.unity'
	Deserialize:            277.791 ms
	Integration:            996.857 ms
	Integration of assets:  17.117 ms
	Thread Wait Time:       0.033 ms
	Total Operation Time:   1291.798 ms
Unloading 12 unused Assets / (0.6 MB). Loaded Objects now: 16640.
Memory consumption went from 0.61 GB to 0.61 GB.
Total: 40.238700 ms (FindLiveObjects: 2.651300 ms CreateObjectMapping: 0.459200 ms MarkObjects: 36.220300 ms  DeleteObjects: 0.163700 ms)

D3D11 device created for Microsoft Media Foundation video decoding.
[Project] Loading completed in 40.492 seconds
	Project init time: 				38.382 seconds
		Template init time: 		0.000 seconds
		Package Manager init time: 		0.594 seconds
		Asset Database init time: 		1.861 seconds
		Global illumination init time: 	0.005 seconds
		Assemblies load time: 			3.022 seconds
		Unity extensions init time: 	0.062 seconds
		Asset Database refresh time: 	31.040 seconds
	Scene opening time: 			1.726 seconds
##utp:{"type":"ProjectInfo","version":2,"phase":"Immediate","time":1790879913448,"processId":14028,"projectLoad":40.4919054,"projectInit":38.3822501,"templateInit":0.0,"packageManagerInit":0.5940344,"assetDatabaseInit":1.8609702,"globalIlluminationInit":0.0051766,"assembliesLoad":3.0215604,"unityExtensionsInit":0.0616224,"assetDatabaseRefresh":31.0403392,"sceneOpening":1.725616}
##utp:{"type":"EditorInfo","version":2,"phase":"Immediate","time":1790879913448,"processId":14028,"editorVersion":"6000.6.3f1 (45d8eee7de74)","branch":"6000.6/staging","buildType":"Release","platform":"Windows"}
[Licensing::Client] Error: Code 404 while processing request (status: Found 0 entitlement groups and 0 free entitlements matching requested entitlement ids)
[Licensing::Client] Error: Code 404 while processing request (status: Found 0 entitlement groups and 0 free entitlements matching requested entitlement ids)
[Licensing::Client] Successfully resolved entitlement details
[Licensing::Client] Successfully resolved entitlement details
Start Indexing on Editor startup
[Indexing] Starting Initial Indexing for Assets
[UnityConnectServicesConfig] config is NOT valid, switching to default
Created GICache directory at C:/Users/obscu/AppData/LocalLow/Unity/Caches/GiCache. Took: 0.128s, timestamps: [40.515 - 40.643]
GPU Resident Drawer created.
[Licensing::Client] Error: Code 404 while processing request (status: Found 0 entitlement groups and 0 free entitlements matching requested entitlement ids)
[Licensing::Client] Error: Code 404 while processing request (status: Found 0 entitlement groups and 0 free entitlements matching requested entitlement ids)
[Licensing::Client] Error: Code 404 while processing request (status: Found 0 entitlement groups and 0 free entitlements matching requested entitlement ids)
InvalidOperationException: Preview render cap lost.
  at TherapyGame.Editor.TherapyRareFishVfxChecks+<Run>d__4.MoveNext () [0x00825] in D:\Unity\HTH3 Project\Assets\TherapyGame\Editor\TherapyRareFishVfxChecks.cs:118 
  at TherapyGame.Editor.TherapyRareFishVfxChecks+<>c__DisplayClass3_0.<RunBatch>g__Advance|0 () [0x00000] in D:\Unity\HTH3 Project\Assets\TherapyGame\Editor\TherapyRareFishVfxChecks.cs:31 
UnityEngine.StackTraceUtility:ExtractStringFromExceptionInternal(Object, String&, String&)
UnityEngine.DebugLogHandler:Internal_LogException_Injected(Exception, IntPtr)
UnityEngine.DebugLogHandler:Internal_LogException(Exception, Object)
UnityEngine.DebugLogHandler:LogException(Exception, Object)
UnityEngine.Logger:LogException(Exception, Object)
UnityEngine.Debug:LogException(Exception)
TherapyGame.Editor.<>c__DisplayClass3_0:<RunBatch>g__Advance|0() (at Assets\TherapyGame\Editor\TherapyRareFishVfxChecks.cs:37)
UnityEditor.EditorApplication:Internal_CallUpdateFunctions()

(Filename: Assets/TherapyGame/Editor/TherapyRareFishVfxChecks.cs Line: 37)

MonoPathRemapper: Attempts to remap: 83248; Successful remaps: 36922
Serialized file version minimum: 23, current 23
Importing 'GUID: 00000000000000009000000000000000 - Path: ProjectSettings/QualitySettings.asset' with importer (LibraryAssetImporter)
Imported 'GUID: 00000000000000009000000000000000' -> (Import Result ID: '8151b601d05d3e12de314c2aa1f82962') in 0.005 seconds [static dependencies only]. Details - ImportResultOutputID=2a108b3da874f726c62fbe5f12be4a8a DependenciesID=6180c49ef29638684367d2893c04e070 StaticDependenciesID=5b19720d9149525484b40148944c8e26 
Importing 'GUID: 0000000000000000b000000000000000 - Path: ProjectSettings/EditorBuildSettings.asset' with importer (LibraryAssetImporter)
Imported 'GUID: 0000000000000000b000000000000000' -> (Import Result ID: 'd4827db114a63d7288b8bcf417abcc6f') in 0.002 seconds [static dependencies only]. Details - ImportResultOutputID=0a89a5c5f492143e0fa186859e17ba6f DependenciesID=3da8392e8948ba3d7eaac11a5f2bcdd2 StaticDependenciesID=3d814ff576369d7c8d39e3bc863bad94 
Refreshing native plugins compatible for Editor in 10.00 ms, found 5 plugins.
Asset Pipeline Refresh (id=c59da015824e15c4d8945ebc71888341): Total: 0.236 seconds - Initiated by StopAssetImportingV2(NoUpdateAssetOptions)
GPU Resident Drawer disposed.
[Physics::Module] Cleanup current backend.
[Physics::Module] Id: 0xf2b8ea05
Input System module state changed to: ShutdownInProgress.
Input Polling Thread exited.
Input System module state changed to: Shutdown.
[Licensing::IpcConnector] LicenseClient-obscu-notifications channel disconnected successfully.
[Licensing::IpcConnector] LicenseClient-obscu channel disconnected successfully.
Lingering sessions upon destruction of worker manager
Unity Data Store service was successfully shut down
UDS shutting down local client system
AcceleratorClientConnectionCallback - disconnected - :0
Cleanup mono
CodeReloadManager destroyed
VBCSCompilerPreWarmer: requested VBCSCompiler shutdown
Checking for leaked weakptr:
  Found no leaked weakptrs.
[Package Manager] Server process was shutdown
##utp:{"type":"MemoryLeaks","version":2,"phase":"Immediate","time":1790879925853,"processId":14028,"allocatedMemory":23074861,"memoryLabels":[{"Default":219982},{"Permanent":15516},{"NewDelete":72879},{"Thread":4198024},{"Manager":2341213},{"VertexData":200},{"Geometry":816},{"Texture":24},{"Shader":857762},{"Material":68},{"GfxDevice":56112},{"Animation":952},{"FreeType":8},{"FontEngine":736},{"Physics":1970},{"Physics2D":16},{"Serialization":23192},{"Input":42840},{"JobScheduler":256},{"TextLib":336},{"Mono":48},{"MonoCode":320},{"ScriptingNativeRuntime":1365208},{"BaseObject":48464},{"Resource":1252},{"Renderer":2384},{"Transform":4685},{"File":7389},{"WebCam":616},{"Culling":32},{"Terrain":11442},{"Wind":24},{"STL":40},{"String":853500},{"StaticString":3808},{"Utility":2674806},{"Curl":2478},{"PoolAlloc":3416},{"AI":80},{"TypeTree":14973},{"ScriptManager":12656},{"CodeReload":448},{"RuntimeInitializeOnLoadManager":64},{"Sprites":102},{"SpriteAtlas":120},{"GI":7816},{"Director":8296},{"CloudService":7296},{"WebRequest":4668},{"VR":49650},{"SceneManager":608},{"Video":208},{"LazyScriptCache":32},{"Camera":729},{"Secure":2377},{"SerializationCache":9256},{"APIUpdating":10320},{"Subsystems":336},{"VirtualTexturing":57888},{"StaticSafetyDebugInfo":278528},{"Analytics":768},{"Hierarchy":1188},{"UIElements":40},{"CoreStats":14456},{"Identifiers":7152},{"Gui":128},{"EditorUtility":164735},{"VersionControl":8},{"Undo":931},{"AssetDatabase":9541482},{"AssetImporter":40},{"EditorGi":328},{"UnityConnect":40465},{"Upm":1912},{"UpmDiagnostics":8},{"AssetCompliance":96},{"DrivenProperties":72},{"LocalIPC":260},{"ProfilerEditor":9746},{"CoreBusinessMetrics":3600},{"Windowing":456},{"Licensing":12757},{"AssetReference":32},{"IPCStream":32}]}
