VBCSCompilerPreWarmer: watching VBCSCompiler (PID 19884)
VBCSCompilerPreWarmer: pre-warm launched (dotnet PID 11832)
VBCSCompiler prewarm took 57.05 ms
[Licensing::Module] Trying to connect to existing licensing client channel...
Built from '6000.6/staging' branch; Version is '6000.6.3f1 (45d8eee7de74) revision 4577518'; Using compiler version '194234433'; Build Type 'Release'
[Licensing::IpcConnector] Successfully connected to: "LicenseClient-obscu" at "2026-09-30T05:37:59.5838586Z"
OS: 'Windows 11  (10.0.26200) Professional' Language: 'en' Physical Memory: 15182 MB
BatchMode: 1, IsHumanControllingUs: 0, StartBugReporterOnCrash: 0, Is64bit: 1
System  architecture: x64
Process architecture: x64
Date: 2026-09-30T05:37:59Z
[Licensing::Client] Code 10 while verifying Licensing Client signature (process Id: 13088, path: "D:/Unity/Unity Hub/UnityLicensingClient_V1/Unity.Licensing.Client.exe")
[Licensing::Module] LicensingClient has failed validation; ignoring
[Licensing::Client] Handshaking with LicensingClient:
  Version:                 1.18.3+d7ffd15
  Session Id:              c0944f5718ca4522bfdd5e0079a1241f
  Correlation Id:          9e0b16346ac2c644471135d41f0f4599
  External correlation Id: 3449517723998223478
  Machine Id:              TExqC4bzIoEipys504spRup1M8I=
[Licensing::Module] Successfully connected to LicensingClient on channel: "LicenseClient-obscu" (connect: 0.00s, validation: 0.00s, handshake: 0.09s)
[Licensing::IpcConnector] Successfully connected to: "LicenseClient-obscu-notifications" at "2026-09-30T05:37:59.6794075Z"
[Licensing::Module] Error: Access token is unavailable; failed to update
[Licensing::Client] Successfully resolved entitlement details
[Licensing::Module] License group:
  Id: 2476054553666-UnityPersXXXX
  Product: Unity Personal
  Type: Assigned
  Expiration: Unlimited
[Licensing::Client] Successfully updated license, isAsync: True, time: 0.00
[Licensing::Client] Successfully resolved entitlement details
[Licensing::Module] Licensing Background thread has ended after 0.11s

COMMAND LINE ARGUMENTS:
D:\Unity\6000.6.3f1\Editor\Unity.exe
-batchmode
-nographics
-projectPath
D:\Unity\HTH3 Project
-executeMethod
TherapyGame.Editor.TherapyDoorwayClearanceChecks.VerifyBatch
-logFile
D:\Hack the Hill\Deliverables\CompanionDoorYield\Checks\UnityDoorwayDiagnostic.log
Successfully changed project path to: D:\Unity\HTH3 Project
D:/Unity/HTH3 Project
[UnityMemory] Configuration Parameters - Can be set up in boot.config
    "memorysetup-temp-allocator-size-gi-baking-worker=262144"
    "memorysetup-temp-allocator-size-gi-baking-worker=262144"
    "memorysetup-temp-allocator-size-gi-baking-worker=262144"
    "memorysetup-temp-allocator-size-gi-baking-worker=262144"
    "memorysetup-temp-allocator-size-gi-baking-worker=262144"
    "memorysetup-temp-allocator-size-nav-mesh-worker=65536"
    "memorysetup-temp-allocator-size-audio-worker=65536"
    "memorysetup-temp-allocator-size-cloud-worker=32768"
    "memorysetup-temp-allocator-size-gfx=262144"
    "memorysetup-remapper-allocator-initial-capacity=32768"
    "memorysetup-temp-allocator-size-preload-manager=33554432"
    "memorysetup-allocator-temp-initial-block-size-main=262144"
    "memorysetup-allocator-temp-initial-block-size-worker=262144"
    "memorysetup-temp-allocator-size-job-worker=262144"
    "memorysetup-temp-allocator-size-background-worker=32768"
    "memorysetup-bucket-allocator-granularity=16"
    "memorysetup-bucket-allocator-bucket-count=8"
    "memorysetup-bucket-allocator-block-size=33554432"
    "memorysetup-bucket-allocator-block-count=8"
    "memorysetup-main-allocator-block-size=16777216"
    "memorysetup-thread-allocator-block-size=16777216"
    "memorysetup-main-allocator-mimalloc-enabled=1"
    "memorysetup-gfx-main-allocator-block-size=16777216"
    "memorysetup-gfx-thread-allocator-block-size=16777216"
    "memorysetup-cache-allocator-block-size=4194304"
    "memorysetup-typetree-allocator-block-size=2097152"
    "memorysetup-profiler-bucket-allocator-granularity=16"
    "memorysetup-profiler-bucket-allocator-bucket-count=8"
    "memorysetup-profiler-bucket-allocator-block-size=33554432"
    "memorysetup-profiler-bucket-allocator-block-count=8"
    "memorysetup-profiler-allocator-block-size=16777216"
    "memorysetup-profiler-editor-allocator-block-size=1048576"
    "memorysetup-temp-allocator-size-main=16777216"
    "memorysetup-job-temp-allocator-block-size=2097152"
    "memorysetup-job-temp-allocator-block-size-background=1048576"
    "memorysetup-job-temp-allocator-reduction-small-platforms=262144"
Logging is directed to a specific file, skipping project log.
Player connection [19184]  Target information:

Player connection [19184]  * "[IP] 10.0.0.49 [Port] 55504 [Flags] 2 [Guid] 3784991060 [EditorId] 3784991060 [Version] 1048832 [Id] WindowsEditor(7,LAPTOP-IUN5378O) [Debug] 1 [PackageName] WindowsEditor [ProjectName] Editor" 

Player connection [19184] Host joined multi-casting on [225.0.0.222:54997]...
Player connection [19184] Host joined alternative multi-casting on [225.0.0.222:34997]...
Input System module state changed to: Initialized.
[Physics::Module] Initialized fallback backend.
[Physics::Module] Id: 0xdecafbad
[Package Manager] Connected to IPC stream "Upm-13760" after 0.5 seconds.
[Licensing::Client] Successfully resolved entitlement details
Library Redirect Path: Library/
Launching Unity Data Store - D:/Unity/6000.6.3f1/Editor/Data/Tools/Unity.DataStore.exe 
Unity Data Store artifact dir = Library/DataStore, working dir = D:/Unity/HTH3 ProjectActive build profile path: `Assets/Settings/Build Profiles/Windows.asset`
Unity Data Store running and initialised
Got setting from build profile YAML, name `m_BuildTarget`, value `19`
Got setting from build profile YAML, name `m_Subtarget`, value `2`
[Physics::Module] Selected backend (deferred post-plugins).
[Physics::Module] Name: PhysX
[Physics::Module] Id: 0xf2b8ea05
[Physics::Module] SDK Version: 4.1.2
[Physics::Module] Integration Version: 1.0.0
[Physics::Module] Threading Mode: Multi-Threaded
Initialize engine version: 6000.6.3f1 (45d8eee7de74)
[EntityIdStore] init: VM path (explicit commit), pageSize=4096, blockCount=1048576, entitiesPerBlock=256, slots reserved=4294967296 bytes
[Subsystems] Discovering subsystems at path D:/Unity/6000.6.3f1/Editor/Data/Resources/UnitySubsystems
[Subsystems] Discovering subsystems at path D:/Unity/HTH3 Project/Assets
Forcing GfxDevice: Null
GfxDevice: creating device client; kGfxThreadingModeNonThreaded
NullGfxDevice:
    Version:  NULL 1.0 [1.0]
    Renderer: Null Device
    Vendor:   Unity Technologies
Initialize mono
Mono path[0] = 'D:/Unity/6000.6.3f1/Editor/Data/Managed'
Mono path[1] = 'D:/Unity/6000.6.3f1/Editor/Data/BCLExtensions/runtime/netstandard2.1'
Mono path[2] = 'D:/Unity/6000.6.3f1/Editor/Data/MonoBleedingEdge/lib/mono/unityjit-win32'
Mono config path = 'D:/Unity/6000.6.3f1/Editor/Data/MonoBleedingEdge/etc'
Using monoOptions --debugger-agent=transport=dt_socket,embedding=1,server=y,suspend=n,address=127.0.0.1:56760
CodeReloadManager initialized
ImportWorker Server TCP listen port: 0
AcceleratorClientConnectionCallback - disconnected - :0
Begin MonoManager ReloadAssembly
Registering precompiled unity dll's ...
Register platform support module: D:/Unity/6000.6.3f1/Editor/Data/PlaybackEngines/WindowsStandaloneSupport/UnityEditor.WindowsStandalone.Extensions.dll
Registered in 0.003384 seconds.
Native extension for WindowsStandalone target not found
Package Manager log level set to [2]
ScheduleIndexationOnStartup MainProcess:False IndexOnStartup:True
Scripting: successfully reloaded assembly
- Finished resetting the current domain, in  1.522 seconds
Domain Reload Profiling: 2799ms
	BeginReloadAssembly (377ms)
		CreateAndSetChildDomain (32ms)
	RebuildCommonClasses (10ms)
	RebuildNativeTypeToScriptingClass (37ms)
	initialDomainReloadingComplete (153ms)
	LoadAllAssembliesAndSetupDomain (696ms)
		LoadAssemblies (343ms)
		TypeCache.Refresh (472ms)
			TypeCache.ScanAssembly (443ms)
		AnalyzeDomain (1ms)
	FinalizeReload (1525ms)
		SetupLoadedEditorAssemblies (0ms)
			LogAssemblyErrors (4ms)
			InitializePlatformSupportModulesInManaged (8ms)
			BeforeProcessingInitializeOnLoad (242ms)
			ProcessInitializeOnLoadAttributes (281ms)
			ProcessInitializeOnLoadMethodAttributes (511ms)
[Licensing::Client] Successfully resolved entitlement details
Application.AssetDatabase Initial Refresh Start
[Package Manager] Restoring resolved packages state from cache
[Licensing::Client] Successfully resolved entitlement details
[Package Manager] Registered 66 packages:
  Packages from [https://packages.unity.com]:
    com.unity.ai.assistant@2.20.0-pre.1 (location: D:\Unity\HTH3 Project\Library\PackageCache\com.unity.ai.assistant@ceb45b7b3ebd)
    com.unity.ai.inference@2.6.1 (location: D:\Unity\HTH3 Project\Library\PackageCache\com.unity.ai.inference@9a123aee5df7)
    com.unity.ai.navigation@2.0.14 (location: D:\Unity\HTH3 Project\Library\PackageCache\com.unity.ai.navigation@134dd6a3b97b)
    com.unity.collab-proxy@2.13.6 (location: D:\Unity\HTH3 Project\Library\PackageCache\com.unity.collab-proxy@4628d2ba6ea4)
    com.unity.ide.rider@3.0.38 (location: D:\Unity\HTH3 Project\Library\PackageCache\com.unity.ide.rider@1f60b3138684)
    com.unity.ide.visualstudio@2.0.26 (location: D:\Unity\HTH3 Project\Library\PackageCache\com.unity.ide.visualstudio@a99d56dec63f)
    com.unity.inputsystem@1.20.0 (location: D:\Unity\HTH3 Project\Library\PackageCache\com.unity.inputsystem@7a4e1a2a8194)
    com.unity.visualscripting@1.9.12 (location: D:\Unity\HTH3 Project\Library\PackageCache\com.unity.visualscripting@4edfcc09512f)
    com.unity.nuget.newtonsoft-json@3.2.2 (location: D:\Unity\HTH3 Project\Library\PackageCache\com.unity.nuget.newtonsoft-json@4dfd81071c64)
    com.unity.dt.app-ui@2.1.11 (location: D:\Unity\HTH3 Project\Library\PackageCache\com.unity.dt.app-ui@cd5609b130ce)
    com.unity.nuget.mono-cecil@1.11.6 (location: D:\Unity\HTH3 Project\Library\PackageCache\com.unity.nuget.mono-cecil@ecb9724e46ff)
    com.unity.searcher@4.9.5 (location: D:\Unity\HTH3 Project\Library\PackageCache\com.unity.searcher@a463122f2c00)
    com.unity.profiling.core@1.0.3 (location: D:\Unity\HTH3 Project\Library\PackageCache\com.unity.profiling.core@8a49f7027d06)
  Built-in packages:
    com.unity.render-pipelines.universal@17.6.0 (location: D:\Unity\HTH3 Project\Library\PackageCache\com.unity.render-pipelines.universal@327d93d1cbc8)
    com.unity.test-framework@1.8.0 (location: D:\Unity\HTH3 Project\Library\PackageCache\com.unity.test-framework@80f691d4262b)
    com.unity.timeline@6.6.0 (location: D:\Unity\HTH3 Project\Library\PackageCache\com.unity.timeline@c56d56b0070b)
    com.unity.ugui@2.6.0 (location: D:\Unity\HTH3 Project\Library\PackageCache\com.unity.ugui@0727b404f3a0)
    com.unity.modules.accessibility@1.0.0 (location: D:\Unity\HTH3 Project\Library\PackageCache\com.unity.modules.accessibility)
    com.unity.modules.adaptiveperformance@1.0.0 (location: D:\Unity\HTH3 Project\Library\PackageCache\com.unity.modules.adaptiveperformance)
    com.unity.modules.ai@1.0.0 (location: D:\Unity\HTH3 Project\Library\PackageCache\com.unity.modules.ai)
    com.unity.modules.androidjni@1.0.0 (location: D:\Unity\HTH3 Project\Library\PackageCache\com.unity.modules.androidjni)
    com.unity.modules.animation@1.0.0 (location: D:\Unity\HTH3 Project\Library\PackageCache\com.unity.modules.animation)
    com.unity.modules.assetbundle@1.0.0 (location: D:\Unity\HTH3 Project\Library\PackageCache\com.unity.modules.assetbundle)
    com.unity.modules.audio@1.0.0 (location: D:\Unity\HTH3 Project\Library\PackageCache\com.unity.modules.audio)
    com.unity.modules.cloth@1.0.0 (location: D:\Unity\HTH3 Project\Library\PackageCache\com.unity.modules.cloth)
    com.unity.modules.director@1.0.0 (location: D:\Unity\HTH3 Project\Library\PackageCache\com.unity.modules.director)
    com.unity.modules.imageconversion@1.0.0 (location: D:\Unity\HTH3 Project\Library\PackageCache\com.unity.modules.imageconversion)
    com.unity.modules.imgui@1.0.0 (location: D:\Unity\HTH3 Project\Library\PackageCache\com.unity.modules.imgui)
    com.unity.modules.jsonserialize@1.0.0 (location: D:\Unity\HTH3 Project\Library\PackageCache\com.unity.modules.jsonserialize)
    com.unity.modules.particlesystem@1.0.0 (location: D:\Unity\HTH3 Project\Library\PackageCache\com.unity.modules.particlesystem)
    com.unity.modules.physics@1.0.0 (location: D:\Unity\HTH3 Project\Library\PackageCache\com.unity.modules.physics)
    com.unity.modules.physics2d@1.0.0 (location: D:\Unity\HTH3 Project\Library\PackageCache\com.unity.modules.physics2d)
    com.unity.modules.physicscore2d@1.0.0 (location: D:\Unity\HTH3 Project\Library\PackageCache\com.unity.modules.physicscore2d)
    com.unity.modules.screencapture@1.0.0 (location: D:\Unity\HTH3 Project\Library\PackageCache\com.unity.modules.screencapture)
    com.unity.modules.terrain@1.0.0 (location: D:\Unity\HTH3 Project\Library\PackageCache\com.unity.modules.terrain)
    com.unity.modules.terrainphysics@1.0.0 (location: D:\Unity\HTH3 Project\Library\PackageCache\com.unity.modules.terrainphysics)
    com.unity.modules.tetgen@1.0.0 (location: D:\Unity\HTH3 Project\Library\PackageCache\com.unity.modules.tetgen)
    com.unity.modules.tilemap@1.0.0 (location: D:\Unity\HTH3 Project\Library\PackageCache\com.unity.modules.tilemap)
    com.unity.modules.timelinefoundation@1.0.0 (location: D:\Unity\HTH3 Project\Library\PackageCache\com.unity.modules.timelinefoundation)
    com.unity.modules.ui@1.0.0 (location: D:\Unity\HTH3 Project\Library\PackageCache\com.unity.modules.ui)
    com.unity.modules.uielements@1.0.0 (location: D:\Unity\HTH3 Project\Library\PackageCache\com.unity.modules.uielements)
    com.unity.modules.umbra@1.0.0 (location: D:\Unity\HTH3 Project\Library\PackageCache\com.unity.modules.umbra)
    com.unity.modules.unityanalytics@1.0.0 (location: D:\Unity\HTH3 Project\Library\PackageCache\com.unity.modules.unityanalytics)
    com.unity.modules.unitywebrequest@1.0.0 (location: D:\Unity\HTH3 Project\Library\PackageCache\com.unity.modules.unitywebrequest)
    com.unity.modules.unitywebrequestassetbundle@1.0.0 (location: D:\Unity\HTH3 Project\Library\PackageCache\com.unity.modules.unitywebrequestassetbundle)
    com.unity.modules.unitywebrequestaudio@1.0.0 (location: D:\Unity\HTH3 Project\Library\PackageCache\com.unity.modules.unitywebrequestaudio)
    com.unity.modules.unitywebrequesttexture@1.0.0 (location: D:\Unity\HTH3 Project\Library\PackageCache\com.unity.modules.unitywebrequesttexture)
    com.unity.modules.unitywebrequestwww@1.0.0 (location: D:\Unity\HTH3 Project\Library\PackageCache\com.unity.modules.unitywebrequestwww)
    com.unity.modules.vectorgraphics@1.0.0 (location: D:\Unity\HTH3 Project\Library\PackageCache\com.unity.modules.vectorgraphics)
    com.unity.modules.vehicles@1.0.0 (location: D:\Unity\HTH3 Project\Library\PackageCache\com.unity.modules.vehicles)
    com.unity.modules.video@1.0.0 (location: D:\Unity\HTH3 Project\Library\PackageCache\com.unity.modules.video)
    com.unity.modules.wind@1.0.0 (location: D:\Unity\HTH3 Project\Library\PackageCache\com.unity.modules.wind)
    com.unity.modules.xr@1.0.0 (location: D:\Unity\HTH3 Project\Library\PackageCache\com.unity.modules.xr)
    com.unity.modules.subsystems@1.0.0 (location: D:\Unity\HTH3 Project\Library\PackageCache\com.unity.modules.subsystems)
    com.unity.modules.hierarchycore@1.0.0 (location: D:\Unity\HTH3 Project\Library\PackageCache\com.unity.modules.hierarchycore)
    com.unity.ext.nunit@2.1.0 (location: D:\Unity\HTH3 Project\Library\PackageCache\com.unity.ext.nunit@0198eae3b53e)
    com.unity.render-pipelines.core@17.6.0 (location: D:\Unity\HTH3 Project\Library\PackageCache\com.unity.render-pipelines.core@02d75770e4b3)
    com.unity.shadergraph@17.6.0 (location: D:\Unity\HTH3 Project\Library\PackageCache\com.unity.shadergraph@1dd0fd24b57e)
    com.unity.render-pipelines.universal-config@17.6.0 (location: D:\Unity\HTH3 Project\Library\PackageCache\com.unity.render-pipelines.universal-config@561422b74439)
    com.unity.burst@2.0.0 (location: D:\Unity\HTH3 Project\Library\PackageCache\com.unity.burst@626e66ab421b)
    com.unity.collections@6.6.0 (location: D:\Unity\HTH3 Project\Library\PackageCache\com.unity.collections@10fff0607388)
    com.unity.2d.sprite@1.0.0 (location: D:\Unity\HTH3 Project\Library\PackageCache\com.unity.2d.sprite@26bcb5e737a2)
    com.unity.mathematics@1.4.0 (location: D:\Unity\HTH3 Project\Library\PackageCache\com.unity.mathematics@8306a64d0cd6)
    com.unity.graph-authoring@1.0.0 (location: D:\Unity\HTH3 Project\Library\PackageCache\com.unity.graph-authoring@cfd2588851ee)
    com.unity.test-framework.performance@6.6.0 (location: D:\Unity\HTH3 Project\Library\PackageCache\com.unity.test-framework.performance@b6023decb532)
  Embedded packages:
    io.elevenlabs.agents@file:D:\Unity\HTH3 Project\Packages\io.elevenlabs.agents (location: D:\Unity\HTH3 Project\Packages\io.elevenlabs.agents)
[Subsystems] No new subsystems found in resolved package list.
[Package Manager] Done registering packages in 0.05 seconds
Assets/StreamingAssets/TherapyGame/PresageBridge/node_modules/@smartspectra/node-sdk is a symbolic link. Using symlinks in Unity projects may cause your project to become corrupted if you create multiple references to the same asset, use recursive symlinks or use symlinks to share assets between projects used with different versions of Unity. Make sure you know what you are doing.
Disabling directory monitoring for current editor session. Found symlinks in project which cannot be used with directory monitoring. Directory monitoring settings can be changed in preferences.
AcceleratorClientConnectionCallback - disconnected - :0
[ScriptCompilation] Requested script compilation because: AssetDatabase observed changes in script compilation related files
Refreshing native plugins compatible for Editor in 8.79 ms, found 5 plugins.
Starting: D:\Unity\6000.6.3f1\Editor\Data\Tools\BuildPipeline\bee_backend.exe --ipc --defer-dag-verification --dagfile="Library/Bee/1900b0aE.dag" --continue-on-failure --profile="Library/Bee/backend1.traceevents" ScriptAssemblies
WorkingDir: D:/Unity/HTH3 Project
DisplayProgressbar: Compiling Scripts
ExitCode: 0 Duration: 5s599ms
[1257/1666  0s] ILPP-Configuration Library/ilpp-configuration.nevergeneratedoutput
[1654/1666  2s] Csc Library/Bee/artifacts/1900b0aE.dag/TherapyGame.Editor.dll (+2 others)
Assets\TherapyGame\Editor\TherapyRealismUpgrade.cs(104,84): warning CS0618: 'LightingSettings.Lightmapper.ProgressiveCPU' is obsolete: 'Lightmapper.ProgressiveCPU is deprecated, use Lightmapper.UnityComputeGPU instead.'
[1655/1666  0s] Csc Library/Bee/artifacts/1900b0aE.dag/Assembly-CSharp.dll (+2 others)
[1656/1666  0s] Csc Library/Bee/artifacts/1900b0aE.dag/Assembly-CSharp-Editor.dll (+2 others)
[1657/1666  0s] ILPostProcess Library/Bee/artifacts/1900b0aE.dag/post-processed/Assembly-CSharp.dll (+pdb)
Processing assembly Library/Bee/artifacts/1900b0aE.dag/Assembly-CSharp.dll, with 151 defines and 384 references

processors: Unity.Jobs.CodeGen.JobsILPostProcessor, zzzUnity.Burst.CodeGen.BurstILPostProcessor

1 processor(s) skipped this assembly

running Unity.Jobs.CodeGen.JobsILPostProcessor
[1658/1666  0s] ILPostProcess Library/Bee/artifacts/1900b0aE.dag/post-processed/Assembly-CSharp-Editor.dll (+pdb)
Processing assembly Library/Bee/artifacts/1900b0aE.dag/Assembly-CSharp-Editor.dll, with 149 defines and 407 references

processors: Unity.Jobs.CodeGen.JobsILPostProcessor, zzzUnity.Burst.CodeGen.BurstILPostProcessor

1 processor(s) skipped this assembly

running Unity.Jobs.CodeGen.JobsILPostProcessor
[1659/1666  0s] ILPostProcess Library/Bee/artifacts/1900b0aE.dag/post-processed/TherapyGame.Editor.dll (+pdb)
Processing assembly Library/Bee/artifacts/1900b0aE.dag/TherapyGame.Editor.dll, with 149 defines and 322 references

processors: Unity.Jobs.CodeGen.JobsILPostProcessor, zzzUnity.Burst.CodeGen.BurstILPostProcessor

1 processor(s) skipped this assembly

running Unity.Jobs.CodeGen.JobsILPostProcessor
[1660/1666  0s] CopyFiles Library/ScriptAssemblies/Assembly-CSharp.pdb
[1661/1666  0s] CopyFiles Library/ScriptAssemblies/Assembly-CSharp-Editor.dll
[1662/1666  0s] CopyFiles Library/ScriptAssemblies/Assembly-CSharp.dll
[1663/1666  0s] CopyFiles Library/ScriptAssemblies/Assembly-CSharp-Editor.pdb
[1664/1666  0s] CopyFiles Library/ScriptAssemblies/TherapyGame.Editor.pdb
[1665/1666  0s] CopyFiles Library/ScriptAssemblies/TherapyGame.Editor.dll
*** Tundra build success (5.51 seconds), 13 items updated, 1666 evaluated
Assets\TherapyGame\Editor\TherapyRealismUpgrade.cs(104,84): warning CS0618: 'LightingSettings.Lightmapper.ProgressiveCPU' is obsolete: 'Lightmapper.ProgressiveCPU is deprecated, use Lightmapper.UnityComputeGPU instead.'
Total cache size 268296782
Total cache size after purge 268296782, took 00:00:01.1636529
AssetDatabase: script compilation time: 8.002749s
Begin MonoManager ReloadAssembly
'Packages/com.unity.render-pipelines.core/Editor/Deprecated.cs' contains partial class of Unity.Object, exactly 1 of the partial classes needs to be in a file with the same filename. This is to know the one that can be referenced from ie. GameObjects
'Packages/com.unity.render-pipelines.core/Editor/Deprecated.cs' contains partial class of Unity.Object, exactly 1 of the partial classes needs to be in a file with the same filename. This is to know the one that can be referenced from ie. GameObjects
Refreshing native plugins compatible for Editor in 10.29 ms, found 5 plugins.
Native extension for WindowsStandalone target not found
Refreshing native plugins compatible for Editor in 9.17 ms, found 5 plugins.
[Licensing::Client] Error: Code 404 while processing request (status: Found 0 entitlement groups and 0 free entitlements matching requested entitlement ids)
[Licensing::Client] Error: Code 404 while processing request (status: Found 0 entitlement groups and 0 free entitlements matching requested entitlement ids)
[Licensing::Client] Error: Code 404 while processing request (status: Found 0 entitlement groups and 0 free entitlements matching requested entitlement ids)
ScheduleIndexationOnStartup MainProcess:True IndexOnStartup:True
Scripting: successfully reloaded assembly
- Finished resetting the current domain, in  4.472 seconds
Domain Reload Profiling: 7574ms
	BeginReloadAssembly (599ms)
		DisableScriptedObjects (56ms)
		CreateAndSetChildDomain (98ms)
	RebuildCommonClasses (21ms)
	RebuildNativeTypeToScriptingClass (36ms)
	initialDomainReloadingComplete (249ms)
	LoadAllAssembliesAndSetupDomain (2196ms)
		LoadAssemblies (1104ms)
		TypeCache.Refresh (797ms)
			TypeCache.ScanAssembly (755ms)
		AnalyzeDomain (217ms)
			BuildScriptInfoCaches (192ms)
			ResolveRequiredComponents (20ms)
	FinalizeReload (4474ms)
		SetupLoadedEditorAssemblies (0ms)
			LogAssemblyErrors (8ms)
			InitializePlatformSupportModulesInManaged (3ms)
			BeforeProcessingInitializeOnLoad (381ms)
			ProcessInitializeOnLoadAttributes (2461ms)
			ProcessInitializeOnLoadMethodAttributes (660ms)
			AfterProcessingInitializeOnLoad (7ms)
			EditorAssembliesLoaded (4ms)
		AwakeInstancesAfterBackupRestoration (61ms)
Starting new worker id: 0 with log in D:/Unity/HTH3 Project/Logs/AssetImportWorkerHW0.log
Importing 'GUID: d7288c337af477f4ca28d1bfcb76b58e - Path: Assets/TherapyGame/DoorwayClearanceRequest.txt' with importer (TextScriptImporter)
Imported 'GUID: d7288c337af477f4ca28d1bfcb76b58e' -> (Import Result ID: 'e65fff016f2b474c29f4d0399bcfd1ff') in 0.013 seconds [static dependencies only]. Details - ImportResultOutputID=a0b70ee46ea472f890555a4b99ca1331 DependenciesID=197c006c2e4278f3a42a55a7b42f56a9 StaticDependenciesID=53f9b0fea30c1f68a32c208872b2b80f 
Importing 'GUID: 29ddf7d931769ed4895f2227ed75ba82 - Path: Assets/TherapyGame/Documentation/DoorwayClearanceCheck.txt' with importer (TextScriptImporter)
Imported 'GUID: 29ddf7d931769ed4895f2227ed75ba82' -> (Import Result ID: '98c0662a579d89a49c4846308ea0bb85') in 0.034 seconds [static dependencies only]. Details - ImportResultOutputID=a5242b779e3732c4d8f1f7e6a11aa0e2 DependenciesID=3da1fa4378a6eb2487502e2fdccefbe5 StaticDependenciesID=ae99faceddd9813a8e4e3e73ec773a4e 
Refreshing native plugins compatible for Editor in 9.27 ms, found 5 plugins.

Asset Pipeline Refresh (id=bc451038d3f2d7f498e2d512f3d45fad): Total: 19.760 seconds - Initiated by InitialRefreshV2(ForceSynchronousImport)
	(Values over 0.05ms)
	Summary:
		Imports: total=2 (actual=2, local cache=0, cache server=0)
		Asset DB Process Time: managed=4 ms, native=6481 ms
		Asset DB Callback time: managed=1671 ms, native=71 ms
		Scripting: domain reloads=1, domain reload time=3299 ms, compile time=8007 ms, other=224 ms
		Project Asset Count: scripts=2313, non-scripts=6413
		Asset File Changes: new=1, changed=3, moved=0, deleted=0
		Scan Filter Count: 0
	InvokePackagesCallback: 63.013ms
	ApplyChangesToAssetFolders: 1.805ms
	Scan: 785.288ms
	Collect global state as custom dependencies: 40.280ms
	OnSourceAssetsModified: 1.349ms
	CategorizeScriptCompilationAssets: 141.828ms
	ProcessAssetsWithTransientArtifactChanges: 248.786ms
	CategorizeAssets: 204.100ms
	CompileScripts: 8007.453ms
	ImportOutOfDateAssets: 4596.133ms (4506.277ms without children)
		ImportManagerImport: 50.914ms (3.446ms without children)
			UpdateCategorizedAssets: 0.062ms
		ReloadNativeAssets: 0.086ms
		UnloadImportedAssets: 1.388ms
		EnsureUptoDateAssetsAreRegisteredWithGuidPM: 2.087ms
		ImportSchedulerStart: 35.365ms
	PostProcessAllAssets: 1670.083ms
		XRBuildSystem.XRAssetImported 1.355ms
		PostProcessCallbackCreateDeferredMaterials 0.055ms
		MonoPostProcessAllAssets: 1667.369ms
			SyncVS.PostprocessSyncProject 513.953ms
			AssetPostprocessor.OnPostprocessAllAssets 470.834ms
			AssetReferenceReimportMonitor.OnPostprocessAllAssets 65.834ms
			StyleCatalogPostProcessor.OnPostprocessAllAssets 59.466ms
			UniversalRenderPipelineGlobalSettingsPostprocessor.OnPostprocessAllAssets 35.962ms
			ArtifactBrowserPostProcessor.OnPostprocessAllAssets 17.424ms
			BuilderAssetPostprocessor.OnPostprocessAllAssets 13.789ms
			SpriteSlicePostprocessor.OnPostprocessAllAssets 5.926ms
			GraphRefreshPostprocessor.OnPostprocessAllAssets 4.848ms
			SpeedTree9Postprocessor.OnPostprocessAllAssets 3.933ms
			WindowAssetPostprocessingWatcher.OnPostprocessAllAssets 3.863ms
			ShaderGraphAssetPostProcessor.OnPostprocessAllAssets 3.462ms
			RetainedModeAssetPostprocessor.OnPostprocessAllAssets 3.109ms
			AssetChangedListener.OnPostprocessAllAssets 3.078ms
			AssetChangeDetector.OnPostprocessAllAssets 2.182ms
			EditModeScopePostprocessor.OnPostprocessAllAssets 2.084ms
			MaterialPostprocessor.OnPostprocessAllAssets 1.677ms
			RenderPipelineGlobalSettingsPostprocessor.OnPostprocessAllAssets 1.634ms
			SpriteEditorTexturePostprocessor.OnPostprocessAllAssets 1.311ms
			ShaderReflectionAssetPostProcessor.OnPostprocessAllAssets 1.308ms
			SkillsProjectAssetPostprocessor.OnPostprocessAllAssets 1.070ms
			TextAssetPostProcessor.OnPostprocessAllAssets 0.948ms
			InputActionAssetPostprocessor.OnPostprocessAllAssets 0.940ms
			UVCSAssetPostprocessor.OnPostprocessAllAssets 0.874ms
			TMPro_TexturePostProcessor.OnPostprocessAllAssets 0.777ms
			ModelAssetProcessor.OnPostprocessAllAssets 0.746ms
			InputActionJsonNameModifierAssetProcessor.OnPostprocessAllAssets 0.712ms
			PostProcessor.OnPostprocessAllAssets 0.673ms
			ReferencedClipsPostProcessor.OnPostprocessAllAssets 0.670ms
			AudioMixerPostprocessor.OnPostprocessAllAssets 0.651ms
			AssetEvents.OnPostprocessAllAssets 0.526ms
			TerrainToolbarOverlayPostProcessor.OnPostprocessAllAssets 0.499ms
			ProjectSettingsPostprocessor.OnPostprocessAllAssets 0.451ms
			ConfigAssetsTracker.OnPostprocessAllAssets 0.391ms
			SamplePostprocessor.OnPostprocessAllAssets 0.376ms
			AssetDatabaseCallbacks.OnPostprocessAllAssets 0.349ms
			SpeedTreePostProcessor.OnPostprocessAllAssets 0.338ms
			ThemePostprocessor.OnPostprocessAllAssets 0.331ms
			ScenarioDriftAssetsTracker.OnPostprocessAllAssets 0.294ms
			AssetReloadNotifier.OnPostprocessAllAssets 0.284ms
			AudioContainerPostProcessor.OnPostprocessAllAssets 0.163ms
			TrackSelectedAssetsProcessor.OnPostprocessAllAssets 0.157ms
	PostAssetChangesProfiler: 16.065ms
	UnloadStreamsBegin: 3.202ms
	PersistCurrentRevisions: 0.574ms
	GenerateScriptTypeHashes: 3.802ms
	GenerateScriptTypeSerializationHashes: 7.196ms
	Untracked: 3935.274ms

Application.AssetDatabase Initial Refresh End
Shader Hidden/ChartRasterizerHardware is not supported: GPU does not support conservative rasterization
Shader Hidden/ChartRasterizerHardware is not supported: GPU does not support conservative rasterization
Scanning for USB devices : 7.216ms
Initializing Unity extensions:
[MODES] ModeService[none].Initialize
[MODES] ModeService[none].LoadModes
[MODES] Loading mode Default (0) for mode-current-id-HTH3 Project
Unloading 104 Unused Serialized files (Serialized files now loaded: 0)
Unloading 10490 unused Assets / (9.1 MB). Loaded Objects now: 11458.
Memory consumption went from 0.54 GB to 0.53 GB.
Total: 49.988000 ms (FindLiveObjects: 1.698300 ms CreateObjectMapping: 1.656200 ms MarkObjects: 39.481500 ms  DeleteObjects: 6.445400 ms)

Opening scene 'Assets/TherapyGame/Scenes/TherapyRoom.unity'
Unloading 17 Unused Serialized files (Serialized files now loaded: 0)
LightingSettings: switching bake backend from 2 to 1.
Worker ready: AssetImportWorkerHW0 0
Loaded scene 'Assets/TherapyGame/Scenes/TherapyRoom.unity'
	Deserialize:            217.814 ms
	Integration:            792.180 ms
	Integration of assets:  8.593 ms
	Thread Wait Time:       -0.020 ms
	Total Operation Time:   1018.567 ms
Unloading 12 unused Assets / (0.6 MB). Loaded Objects now: 16559.
Memory consumption went from 0.60 GB to 0.60 GB.
Total: 39.562100 ms (FindLiveObjects: 1.831100 ms CreateObjectMapping: 0.510600 ms MarkObjects: 36.348300 ms  DeleteObjects: 0.131500 ms)

InvalidOperationException: No safe retreat from doorway position (-2.80, 0.03, -3.85)
Navmesh origin: (-2.80, 0.06, -3.85)
Candidate (-3.78, -0.02, -4.02) navBlocked=False blockers=Closed oak entrance door @ 0
Candidate (-3.78, 0.00, -3.63) navBlocked=False blockers=Closed oak entrance door @ 0
Candidate (-3.72, -0.01, -3.42) navBlocked=True blockers=Closed oak entrance door @ 0
Candidate (-1.94, 0.11, -5.20) navBlocked=False blockers=Closed oak entrance door @ 0
Candidate (-2.52, 0.03, -5.43) navBlocked=False blockers=Closed oak entrance door @ 0
Candidate (-3.15, 0.04, -5.41) navBlocked=False blockers=Closed oak entrance door @ 0
Candidate (-3.72, 0.08, -5.16) navBlocked=False blockers=Closed oak entrance door @ 0
Candidate (-4.15, -0.10, -4.71) navBlocked=False blockers=Closed oak entrance door @ 0
Candidate (-4.38, -0.16, -4.13) navBlocked=False blockers=Closed oak entrance door @ 0
Candidate (-4.36, -0.17, -3.50) navBlocked=False blockers=Closed oak entrance door @ 0
Candidate (-4.11, -0.11, -2.93) navBlocked=True blockers=Closed oak entrance door @ 0, Entry left pier @ 0.6968787, Left plaster wall @ 1.045318
Candidate (-1.22, 0.01, -3.57) navBlocked=False blockers=Closed oak entrance door @ 0
Candidate (-1.24, 0.05, -4.20) navBlocked=False blockers=Closed oak entrance door @ 0
Candidate (-1.49, 0.12, -4.77) navBlocked=False blockers=Closed oak entrance door @ 0
Candidate (-1.62, -0.02, -5.71) navBlocked=False blockers=Closed oak entrance door @ 0
Candidate (-2.42, -0.02, -6.02) navBlocked=False blockers=Closed oak entrance door @ 0
Candidate (-3.28, -0.03, -6.00) navBlocked=False blockers=Closed oak entrance door @ 0
Candidate (-4.06, -0.05, -5.65) navBlocked=False blockers=Closed oak entrance door @ 0
Candidate (-4.06, -0.09, -1.99) navBlocked=True blockers=Entry left pier @ 0.4834625, Closed oak entrance door @ 0, Left plaster wall @ 0.8680642
Candidate (-0.64, -0.04, -3.57) navBlocked=False blockers=Closed oak entrance door @ 0
Candidate (-0.65, -0.04, -4.33) navBlocked=False blockers=Closed oak entrance door @ 0
Candidate (-1.00, -0.03, -5.11) navBlocked=False blockers=Closed oak entrance door @ 0
  at TherapyGame.Editor.TherapyDoorwayClearanceChecks.CheckRetreats (TheLastWatch.Integrations.WellnessVoiceChat chat, TheLastWatch.Interaction.WellnessDoor door, TheLastWatch.Integrations.WellnessCompanionNavigation navigation) [0x001d2] in D:\Unity\HTH3 Project\Assets\TherapyGame\Editor\TherapyDoorwayClearanceChecks.cs:131 
  at TherapyGame.Editor.TherapyDoorwayClearanceChecks.Verify () [0x0012a] in D:\Unity\HTH3 Project\Assets\TherapyGame\Editor\TherapyDoorwayClearanceChecks.cs:62 
UnityEngine.StackTraceUtility:ExtractStringFromExceptionInternal(Object, String&, String&)
UnityEngine.DebugLogHandler:Internal_LogException_Injected(Exception, IntPtr)
UnityEngine.DebugLogHandler:Internal_LogException(Exception, Object)
UnityEngine.DebugLogHandler:LogException(Exception, Object)
UnityEngine.Logger:LogException(Exception, Object)
UnityEngine.Debug:LogException(Exception)
TherapyGame.Editor.TherapyDoorwayClearanceChecks:Verify() (at Assets\TherapyGame\Editor\TherapyDoorwayClearanceChecks.cs:73)
TherapyGame.Editor.TherapyDoorwayClearanceChecks:VerifyBatch() (at Assets\TherapyGame\Editor\TherapyDoorwayClearanceChecks.cs:42)

(Filename: Assets/TherapyGame/Editor/TherapyDoorwayClearanceChecks.cs Line: 73)

MonoPathRemapper: Attempts to remap: 23672; Successful remaps: 92
Serialized file version minimum: 23, current 23
Importing 'GUID: 0000000000000000b000000000000000 - Path: ProjectSettings/EditorBuildSettings.asset' with importer (LibraryAssetImporter)
Imported 'GUID: 0000000000000000b000000000000000' -> (Import Result ID: 'd4827db114a63d7288b8bcf417abcc6f') in 0.005 seconds [static dependencies only]. Details - ImportResultOutputID=0a89a5c5f492143e0fa186859e17ba6f DependenciesID=3da8392e8948ba3d7eaac11a5f2bcdd2 StaticDependenciesID=3d814ff576369d7c8d39e3bc863bad94 
Refreshing native plugins compatible for Editor in 8.40 ms, found 5 plugins.
Asset Pipeline Refresh (id=1d83f197844421646945935c11b675ea): Total: 0.218 seconds - Initiated by StopAssetImportingV2(NoUpdateAssetOptions)
[Physics::Module] Cleanup current backend.
[Physics::Module] Id: 0xf2b8ea05
Input System module state changed to: ShutdownInProgress.
Input Polling Thread exited.
Input System module state changed to: Shutdown.
[Licensing::IpcConnector] LicenseClient-obscu-notifications channel disconnected successfully.
[Licensing::IpcConnector] LicenseClient-obscu channel disconnected successfully.
Lingering sessions upon destruction of worker manager
Unity Data Store service was successfully shut down
UDS shutting down local client system
AcceleratorClientConnectionCallback - disconnected - :0
Cleanup mono
CodeReloadManager destroyed
VBCSCompilerPreWarmer: requested VBCSCompiler shutdown
Checking for leaked weakptr:
  Found no leaked weakptrs.
[Package Manager] Server process was shutdown
##utp:{"type":"MemoryLeaks","version":2,"phase":"Immediate","time":1790746717793,"processId":13760,"allocatedMemory":20303953,"memoryLabels":[{"Default":210522},{"Permanent":15516},{"NewDelete":70943},{"Thread":4197984},{"Manager":37693},{"VertexData":8},{"Geometry":816},{"Texture":24},{"Shader":848602},{"Material":68},{"GfxDevice":55968},{"Animation":952},{"FreeType":8},{"FontEngine":736},{"Physics":1970},{"Physics2D":16},{"Serialization":22816},{"Input":42840},{"JobScheduler":256},{"TextLib":336},{"Mono":48},{"MonoCode":320},{"ScriptingNativeRuntime":1314896},{"BaseObject":48784},{"Resource":1252},{"Renderer":2376},{"Transform":4685},{"File":7389},{"WebCam":616},{"Culling":32},{"Terrain":11442},{"Wind":24},{"STL":40},{"String":456837},{"StaticString":3808},{"Utility":2674806},{"Curl":2478},{"PoolAlloc":2840},{"AI":80},{"TypeTree":14973},{"ScriptManager":12656},{"CodeReload":448},{"RuntimeInitializeOnLoadManager":64},{"Sprites":102},{"SpriteAtlas":120},{"GI":7816},{"Director":8296},{"CloudService":7296},{"WebRequest":9991},{"VR":49650},{"SceneManager":608},{"Video":64},{"LazyScriptCache":32},{"Camera":729},{"Secure":2377},{"SerializationCache":9256},{"APIUpdating":10320},{"Subsystems":336},{"VirtualTexturing":57888},{"StaticSafetyDebugInfo":278528},{"Analytics":768},{"Hierarchy":1188},{"UIElements":40},{"CoreStats":14456},{"Identifiers":7152},{"Gui":128},{"EditorUtility":160759},{"VersionControl":8},{"Undo":931},{"AssetDatabase":9541442},{"AssetImporter":40},{"EditorGi":328},{"UnityConnect":40441},{"Upm":1912},{"UpmDiagnostics":8},{"AssetCompliance":96},{"DrivenProperties":72},{"LocalIPC":260},{"ProfilerEditor":9746},{"CoreBusinessMetrics":3620},{"Windowing":456},{"Licensing":12757},{"AssetReference":32},{"IPCStream":32}]}
