VBCSCompilerPreWarmer: watching VBCSCompiler (PID 26084)
VBCSCompilerPreWarmer: pre-warm launched (dotnet PID 8748)
VBCSCompiler prewarm took 77.20 ms
[Licensing::Module] Trying to connect to existing licensing client channel...
Built from '6000.6/staging' branch; Version is '6000.6.3f1 (45d8eee7de74) revision 4577518'; Using compiler version '194234433'; Build Type 'Release'
[Licensing::IpcConnector] Successfully connected to: "LicenseClient-obscu" at "2026-09-30T23:10:51.3983247Z"
OS: 'Windows 11  (10.0.26200) Professional' Language: 'en' Physical Memory: 15182 MB
BatchMode: 1, IsHumanControllingUs: 0, StartBugReporterOnCrash: 0, Is64bit: 1
System  architecture: x64
Process architecture: x64
Date: 2026-09-30T23:10:51Z
[Licensing::Client] Code 10 while verifying Licensing Client signature (process Id: 13088, path: "D:/Unity/Unity Hub/UnityLicensingClient_V1/Unity.Licensing.Client.exe")
[Licensing::Module] LicensingClient has failed validation; ignoring
[Licensing::Client] Handshaking with LicensingClient:
  Version:                 1.18.3+d7ffd15
  Session Id:              3261c59df532405e8ed4ced5970ca14e
  Correlation Id:          9e0b16346ac2c644471135d41f0f4599
  External correlation Id: 9169525194807311819
  Machine Id:              TExqC4bzIoEipys504spRup1M8I=
[Licensing::Module] Successfully connected to LicensingClient on channel: "LicenseClient-obscu" (connect: 0.00s, validation: 0.00s, handshake: 0.13s)
[Licensing::IpcConnector] Successfully connected to: "LicenseClient-obscu-notifications" at "2026-09-30T23:10:51.5333706Z"
[Licensing::Module] Error: Access token is unavailable; failed to update
[Licensing::Client] Successfully resolved entitlement details
[Licensing::Module] License group:
  Id: 2476054553666-UnityPersXXXX
  Product: Unity Personal
  Type: Assigned
  Expiration: Unlimited
[Licensing::Client] Successfully updated license, isAsync: True, time: 0.00
[Licensing::Client] Successfully resolved entitlement details
[Licensing::Module] Licensing Background thread has ended after 0.16s

COMMAND LINE ARGUMENTS:
D:\Unity\6000.6.3f1\Editor\Unity.exe
-batchmode
-projectPath
D:\Unity\HTH3 Project
-executeMethod
TherapyGame.Editor.TherapySeasonSetup.RepairBranchesBatch
-logFile
D:\Hack the Hill\Deliverables\Seasons\Checks\Unity-Proportions-RepairBranchesBatch.log
-nographics
Successfully changed project path to: D:\Unity\HTH3 Project
D:/Unity/HTH3 Project
[UnityMemory] Configuration Parameters - Can be set up in boot.config
    "memorysetup-temp-allocator-size-gi-baking-worker=262144"
    "memorysetup-temp-allocator-size-gi-baking-worker=262144"
    "memorysetup-temp-allocator-size-gi-baking-worker=262144"
    "memorysetup-temp-allocator-size-gi-baking-worker=262144"
    "memorysetup-temp-allocator-size-gi-baking-worker=262144"
    "memorysetup-temp-allocator-size-nav-mesh-worker=65536"
    "memorysetup-temp-allocator-size-audio-worker=65536"
    "memorysetup-temp-allocator-size-cloud-worker=32768"
    "memorysetup-temp-allocator-size-gfx=262144"
    "memorysetup-remapper-allocator-initial-capacity=32768"
    "memorysetup-temp-allocator-size-preload-manager=33554432"
    "memorysetup-allocator-temp-initial-block-size-main=262144"
    "memorysetup-allocator-temp-initial-block-size-worker=262144"
    "memorysetup-temp-allocator-size-job-worker=262144"
    "memorysetup-temp-allocator-size-background-worker=32768"
    "memorysetup-bucket-allocator-granularity=16"
    "memorysetup-bucket-allocator-bucket-count=8"
    "memorysetup-bucket-allocator-block-size=33554432"
    "memorysetup-bucket-allocator-block-count=8"
    "memorysetup-main-allocator-block-size=16777216"
    "memorysetup-thread-allocator-block-size=16777216"
    "memorysetup-main-allocator-mimalloc-enabled=1"
    "memorysetup-gfx-main-allocator-block-size=16777216"
    "memorysetup-gfx-thread-allocator-block-size=16777216"
    "memorysetup-cache-allocator-block-size=4194304"
    "memorysetup-typetree-allocator-block-size=2097152"
    "memorysetup-profiler-bucket-allocator-granularity=16"
    "memorysetup-profiler-bucket-allocator-bucket-count=8"
    "memorysetup-profiler-bucket-allocator-block-size=33554432"
    "memorysetup-profiler-bucket-allocator-block-count=8"
    "memorysetup-profiler-allocator-block-size=16777216"
    "memorysetup-profiler-editor-allocator-block-size=1048576"
    "memorysetup-temp-allocator-size-main=16777216"
    "memorysetup-job-temp-allocator-block-size=2097152"
    "memorysetup-job-temp-allocator-block-size-background=1048576"
    "memorysetup-job-temp-allocator-reduction-small-platforms=262144"
Logging is directed to a specific file, skipping project log.
Player connection [21484]  Target information:

Player connection [21484]  * "[IP] 10.194.250.158 [Port] 55504 [Flags] 2 [Guid] 3724293197 [EditorId] 3724293197 [Version] 1048832 [Id] WindowsEditor(7,LAPTOP-IUN5378O) [Debug] 1 [PackageName] WindowsEditor [ProjectName] Editor" 

Player connection [21484] Host joined multi-casting on [225.0.0.222:54997]...
Player connection [21484] Host joined alternative multi-casting on [225.0.0.222:34997]...
Input System module state changed to: Initialized.
[Physics::Module] Initialized fallback backend.
[Physics::Module] Id: 0xdecafbad
[Package Manager] Connected to IPC stream "Upm-21100" after 0.7 seconds.
[Licensing::Client] Successfully resolved entitlement details
Library Redirect Path: Library/
Launching Unity Data Store - D:/Unity/6000.6.3f1/Editor/Data/Tools/Unity.DataStore.exe 
Unity Data Store artifact dir = Library/DataStore, working dir = D:/Unity/HTH3 ProjectActive build profile path: `Assets/Settings/Build Profiles/Windows.asset`
Unity Data Store running and initialised
Got setting from build profile YAML, name `m_BuildTarget`, value `19`
Got setting from build profile YAML, name `m_Subtarget`, value `2`
Refreshing native plugins compatible for Editor in 2.28 ms, found 0 plugins.
[Physics::Module] Selected backend (deferred post-plugins).
[Physics::Module] Name: PhysX
[Physics::Module] Id: 0xf2b8ea05
[Physics::Module] SDK Version: 4.1.2
[Physics::Module] Integration Version: 1.0.0
[Physics::Module] Threading Mode: Multi-Threaded
Initialize engine version: 6000.6.3f1 (45d8eee7de74)
[EntityIdStore] init: VM path (explicit commit), pageSize=4096, blockCount=1048576, entitiesPerBlock=256, slots reserved=4294967296 bytes
[Subsystems] Discovering subsystems at path D:/Unity/6000.6.3f1/Editor/Data/Resources/UnitySubsystems
[Subsystems] Discovering subsystems at path D:/Unity/HTH3 Project/Assets
Forcing GfxDevice: Null
GfxDevice: creating device client; kGfxThreadingModeNonThreaded
NullGfxDevice:
    Version:  NULL 1.0 [1.0]
    Renderer: Null Device
    Vendor:   Unity Technologies
Initialize mono
Mono path[0] = 'D:/Unity/6000.6.3f1/Editor/Data/Managed'
Mono path[1] = 'D:/Unity/6000.6.3f1/Editor/Data/BCLExtensions/runtime/netstandard2.1'
Mono path[2] = 'D:/Unity/6000.6.3f1/Editor/Data/MonoBleedingEdge/lib/mono/unityjit-win32'
Mono config path = 'D:/Unity/6000.6.3f1/Editor/Data/MonoBleedingEdge/etc'
Using monoOptions --debugger-agent=transport=dt_socket,embedding=1,server=y,suspend=n,address=127.0.0.1:56100
CodeReloadManager initialized
ImportWorker Server TCP listen port: 0
AcceleratorClientConnectionCallback - disconnected - :0
Begin MonoManager ReloadAssembly
Registering precompiled unity dll's ...
Register platform support module: D:/Unity/6000.6.3f1/Editor/Data/PlaybackEngines/WindowsStandaloneSupport/UnityEditor.WindowsStandalone.Extensions.dll
Registered in 0.003537 seconds.
Native extension for WindowsStandalone target not found
Package Manager log level set to [2]
ScheduleIndexationOnStartup MainProcess:False IndexOnStartup:True
Scripting: successfully reloaded assembly
- Finished resetting the current domain, in  2.550 seconds
Domain Reload Profiling: 4038ms
	BeginReloadAssembly (389ms)
		CreateAndSetChildDomain (6ms)
	RebuildCommonClasses (11ms)
	RebuildNativeTypeToScriptingClass (42ms)
	initialDomainReloadingComplete (173ms)
	LoadAllAssembliesAndSetupDomain (870ms)
		LoadAssemblies (380ms)
		TypeCache.Refresh (612ms)
			TypeCache.ScanAssembly (580ms)
		AnalyzeDomain (1ms)
	FinalizeReload (2553ms)
		SetupLoadedEditorAssemblies (0ms)
			LogAssemblyErrors (4ms)
			InitializePlatformSupportModulesInManaged (5ms)
			BeforeProcessingInitializeOnLoad (279ms)
			ProcessInitializeOnLoadAttributes (352ms)
			ProcessInitializeOnLoadMethodAttributes (1347ms)
[Licensing::Client] Successfully resolved entitlement details
Application.AssetDatabase Initial Refresh Start
[Package Manager] Restoring resolved packages state from cache
[Licensing::Client] Successfully resolved entitlement details
[Package Manager] Registered 66 packages:
  Packages from [https://packages.unity.com]:
    com.unity.ai.assistant@2.20.0-pre.1 (location: D:\Unity\HTH3 Project\Library\PackageCache\com.unity.ai.assistant@ceb45b7b3ebd)
    com.unity.ai.inference@2.6.1 (location: D:\Unity\HTH3 Project\Library\PackageCache\com.unity.ai.inference@9a123aee5df7)
    com.unity.ai.navigation@2.0.14 (location: D:\Unity\HTH3 Project\Library\PackageCache\com.unity.ai.navigation@134dd6a3b97b)
    com.unity.collab-proxy@2.13.6 (location: D:\Unity\HTH3 Project\Library\PackageCache\com.unity.collab-proxy@4628d2ba6ea4)
    com.unity.ide.rider@3.0.38 (location: D:\Unity\HTH3 Project\Library\PackageCache\com.unity.ide.rider@1f60b3138684)
    com.unity.ide.visualstudio@2.0.26 (location: D:\Unity\HTH3 Project\Library\PackageCache\com.unity.ide.visualstudio@a99d56dec63f)
    com.unity.inputsystem@1.20.0 (location: D:\Unity\HTH3 Project\Library\PackageCache\com.unity.inputsystem@7a4e1a2a8194)
    com.unity.visualscripting@1.9.12 (location: D:\Unity\HTH3 Project\Library\PackageCache\com.unity.visualscripting@4edfcc09512f)
    com.unity.nuget.newtonsoft-json@3.2.2 (location: D:\Unity\HTH3 Project\Library\PackageCache\com.unity.nuget.newtonsoft-json@4dfd81071c64)
    com.unity.dt.app-ui@2.1.11 (location: D:\Unity\HTH3 Project\Library\PackageCache\com.unity.dt.app-ui@cd5609b130ce)
    com.unity.nuget.mono-cecil@1.11.6 (location: D:\Unity\HTH3 Project\Library\PackageCache\com.unity.nuget.mono-cecil@ecb9724e46ff)
    com.unity.searcher@4.9.5 (location: D:\Unity\HTH3 Project\Library\PackageCache\com.unity.searcher@a463122f2c00)
    com.unity.profiling.core@1.0.3 (location: D:\Unity\HTH3 Project\Library\PackageCache\com.unity.profiling.core@8a49f7027d06)
  Built-in packages:
    com.unity.render-pipelines.universal@17.6.0 (location: D:\Unity\HTH3 Project\Library\PackageCache\com.unity.render-pipelines.universal@327d93d1cbc8)
    com.unity.test-framework@1.8.0 (location: D:\Unity\HTH3 Project\Library\PackageCache\com.unity.test-framework@80f691d4262b)
    com.unity.timeline@6.6.0 (location: D:\Unity\HTH3 Project\Library\PackageCache\com.unity.timeline@c56d56b0070b)
    com.unity.ugui@2.6.0 (location: D:\Unity\HTH3 Project\Library\PackageCache\com.unity.ugui@0727b404f3a0)
    com.unity.modules.accessibility@1.0.0 (location: D:\Unity\HTH3 Project\Library\PackageCache\com.unity.modules.accessibility)
    com.unity.modules.adaptiveperformance@1.0.0 (location: D:\Unity\HTH3 Project\Library\PackageCache\com.unity.modules.adaptiveperformance)
    com.unity.modules.ai@1.0.0 (location: D:\Unity\HTH3 Project\Library\PackageCache\com.unity.modules.ai)
    com.unity.modules.androidjni@1.0.0 (location: D:\Unity\HTH3 Project\Library\PackageCache\com.unity.modules.androidjni)
    com.unity.modules.animation@1.0.0 (location: D:\Unity\HTH3 Project\Library\PackageCache\com.unity.modules.animation)
    com.unity.modules.assetbundle@1.0.0 (location: D:\Unity\HTH3 Project\Library\PackageCache\com.unity.modules.assetbundle)
    com.unity.modules.audio@1.0.0 (location: D:\Unity\HTH3 Project\Library\PackageCache\com.unity.modules.audio)
    com.unity.modules.cloth@1.0.0 (location: D:\Unity\HTH3 Project\Library\PackageCache\com.unity.modules.cloth)
    com.unity.modules.director@1.0.0 (location: D:\Unity\HTH3 Project\Library\PackageCache\com.unity.modules.director)
    com.unity.modules.imageconversion@1.0.0 (location: D:\Unity\HTH3 Project\Library\PackageCache\com.unity.modules.imageconversion)
    com.unity.modules.imgui@1.0.0 (location: D:\Unity\HTH3 Project\Library\PackageCache\com.unity.modules.imgui)
    com.unity.modules.jsonserialize@1.0.0 (location: D:\Unity\HTH3 Project\Library\PackageCache\com.unity.modules.jsonserialize)
    com.unity.modules.particlesystem@1.0.0 (location: D:\Unity\HTH3 Project\Library\PackageCache\com.unity.modules.particlesystem)
    com.unity.modules.physics@1.0.0 (location: D:\Unity\HTH3 Project\Library\PackageCache\com.unity.modules.physics)
    com.unity.modules.physics2d@1.0.0 (location: D:\Unity\HTH3 Project\Library\PackageCache\com.unity.modules.physics2d)
    com.unity.modules.physicscore2d@1.0.0 (location: D:\Unity\HTH3 Project\Library\PackageCache\com.unity.modules.physicscore2d)
    com.unity.modules.screencapture@1.0.0 (location: D:\Unity\HTH3 Project\Library\PackageCache\com.unity.modules.screencapture)
    com.unity.modules.terrain@1.0.0 (location: D:\Unity\HTH3 Project\Library\PackageCache\com.unity.modules.terrain)
    com.unity.modules.terrainphysics@1.0.0 (location: D:\Unity\HTH3 Project\Library\PackageCache\com.unity.modules.terrainphysics)
    com.unity.modules.tetgen@1.0.0 (location: D:\Unity\HTH3 Project\Library\PackageCache\com.unity.modules.tetgen)
    com.unity.modules.tilemap@1.0.0 (location: D:\Unity\HTH3 Project\Library\PackageCache\com.unity.modules.tilemap)
    com.unity.modules.timelinefoundation@1.0.0 (location: D:\Unity\HTH3 Project\Library\PackageCache\com.unity.modules.timelinefoundation)
    com.unity.modules.ui@1.0.0 (location: D:\Unity\HTH3 Project\Library\PackageCache\com.unity.modules.ui)
    com.unity.modules.uielements@1.0.0 (location: D:\Unity\HTH3 Project\Library\PackageCache\com.unity.modules.uielements)
    com.unity.modules.umbra@1.0.0 (location: D:\Unity\HTH3 Project\Library\PackageCache\com.unity.modules.umbra)
    com.unity.modules.unityanalytics@1.0.0 (location: D:\Unity\HTH3 Project\Library\PackageCache\com.unity.modules.unityanalytics)
    com.unity.modules.unitywebrequest@1.0.0 (location: D:\Unity\HTH3 Project\Library\PackageCache\com.unity.modules.unitywebrequest)
    com.unity.modules.unitywebrequestassetbundle@1.0.0 (location: D:\Unity\HTH3 Project\Library\PackageCache\com.unity.modules.unitywebrequestassetbundle)
    com.unity.modules.unitywebrequestaudio@1.0.0 (location: D:\Unity\HTH3 Project\Library\PackageCache\com.unity.modules.unitywebrequestaudio)
    com.unity.modules.unitywebrequesttexture@1.0.0 (location: D:\Unity\HTH3 Project\Library\PackageCache\com.unity.modules.unitywebrequesttexture)
    com.unity.modules.unitywebrequestwww@1.0.0 (location: D:\Unity\HTH3 Project\Library\PackageCache\com.unity.modules.unitywebrequestwww)
    com.unity.modules.vectorgraphics@1.0.0 (location: D:\Unity\HTH3 Project\Library\PackageCache\com.unity.modules.vectorgraphics)
    com.unity.modules.vehicles@1.0.0 (location: D:\Unity\HTH3 Project\Library\PackageCache\com.unity.modules.vehicles)
    com.unity.modules.video@1.0.0 (location: D:\Unity\HTH3 Project\Library\PackageCache\com.unity.modules.video)
    com.unity.modules.wind@1.0.0 (location: D:\Unity\HTH3 Project\Library\PackageCache\com.unity.modules.wind)
    com.unity.modules.xr@1.0.0 (location: D:\Unity\HTH3 Project\Library\PackageCache\com.unity.modules.xr)
    com.unity.modules.subsystems@1.0.0 (location: D:\Unity\HTH3 Project\Library\PackageCache\com.unity.modules.subsystems)
    com.unity.modules.hierarchycore@1.0.0 (location: D:\Unity\HTH3 Project\Library\PackageCache\com.unity.modules.hierarchycore)
    com.unity.ext.nunit@2.1.0 (location: D:\Unity\HTH3 Project\Library\PackageCache\com.unity.ext.nunit@0198eae3b53e)
    com.unity.render-pipelines.core@17.6.0 (location: D:\Unity\HTH3 Project\Library\PackageCache\com.unity.render-pipelines.core@02d75770e4b3)
    com.unity.shadergraph@17.6.0 (location: D:\Unity\HTH3 Project\Library\PackageCache\com.unity.shadergraph@1dd0fd24b57e)
    com.unity.render-pipelines.universal-config@17.6.0 (location: D:\Unity\HTH3 Project\Library\PackageCache\com.unity.render-pipelines.universal-config@561422b74439)
    com.unity.burst@2.0.0 (location: D:\Unity\HTH3 Project\Library\PackageCache\com.unity.burst@626e66ab421b)
    com.unity.collections@6.6.0 (location: D:\Unity\HTH3 Project\Library\PackageCache\com.unity.collections@10fff0607388)
    com.unity.2d.sprite@1.0.0 (location: D:\Unity\HTH3 Project\Library\PackageCache\com.unity.2d.sprite@26bcb5e737a2)
    com.unity.mathematics@1.4.0 (location: D:\Unity\HTH3 Project\Library\PackageCache\com.unity.mathematics@8306a64d0cd6)
    com.unity.graph-authoring@1.0.0 (location: D:\Unity\HTH3 Project\Library\PackageCache\com.unity.graph-authoring@cfd2588851ee)
    com.unity.test-framework.performance@6.6.0 (location: D:\Unity\HTH3 Project\Library\PackageCache\com.unity.test-framework.performance@b6023decb532)
  Embedded packages:
    io.elevenlabs.agents@file:D:\Unity\HTH3 Project\Packages\io.elevenlabs.agents (location: D:\Unity\HTH3 Project\Packages\io.elevenlabs.agents)
[Subsystems] No new subsystems found in resolved package list.
[Package Manager] Done registering packages in 0.06 seconds
Assets/StreamingAssets/TherapyGame/PresageBridge/node_modules/@smartspectra/node-sdk is a symbolic link. Using symlinks in Unity projects may cause your project to become corrupted if you create multiple references to the same asset, use recursive symlinks or use symlinks to share assets between projects used with different versions of Unity. Make sure you know what you are doing.
Disabling directory monitoring for current editor session. Found symlinks in project which cannot be used with directory monitoring. Directory monitoring settings can be changed in preferences.
AcceleratorClientConnectionCallback - disconnected - :0
[ScriptCompilation] Requested script compilation because: AssetDatabase observed changes in script compilation related files
Refreshing native plugins compatible for Editor in 11.83 ms, found 5 plugins.
Starting: D:\Unity\6000.6.3f1\Editor\Data\Tools\BuildPipeline\bee_backend.exe --ipc --defer-dag-verification --dagfile="Library/Bee/1900b0aE.dag" --continue-on-failure --profile="Library/Bee/backend1.traceevents" ScriptAssemblies
WorkingDir: D:/Unity/HTH3 Project
DisplayProgressbar: Compiling Scripts
Starting: D:\Unity\6000.6.3f1\Editor\Data\DotNetSdk\dotnet.exe "D:\Unity\6000.6.3f1\Editor\Data\Tools\BuildPipeline\ScriptCompilationBuildProgram.exe" "Library/Bee/1900b0aE.dag.json" "Library/Bee/1900b0aE-inputdata.json" "Library\Bee\buildprogram0.traceevents"
WorkingDir: D:/Unity/HTH3 Project
ExitCode: 4 Duration: 3s459ms
Rebuilding DAG because FileSignature timestamp changed: Library/Bee/1900b0aE-inputdata.json
[1257/1666  0s] ILPP-Configuration Library/ilpp-configuration.nevergeneratedoutput
*** Tundra requires additional run (3.18 seconds), 2 items updated, 1256 evaluated
ExitCode: 0 Duration: 4s386ms
Starting: D:\Unity\6000.6.3f1\Editor\Data\Tools\BuildPipeline\bee_backend.exe --ipc --defer-dag-verification --dagfile="Library/Bee/1900b0aE.dag" --continue-on-failure --dagfilejson="Library\Bee\1900b0aE.dag.json" --profile="Library/Bee/backend2.traceevents" ScriptAssemblies
WorkingDir: D:/Unity/HTH3 Project
ExitCode: 0 Duration: 11s
Finished compiling graph: 1670 nodes, 36625 flattened edges (30217 ToBuild, 276 ToUse), maximum node priority 1890
[ 850/1666  0s] WriteText Library/Bee/artifacts/1900b0aE.dag/TherapyGame.Editor.rsp
[1257/1666  0s] ILPP-Configuration Library/ilpp-configuration.nevergeneratedoutput
[1654/1666  2s] Csc Library/Bee/artifacts/1900b0aE.dag/TherapyGame.Editor.dll (+2 others)
Assets\TherapyGame\Editor\TherapyRealismUpgrade.cs(104,84): warning CS0618: 'LightingSettings.Lightmapper.ProgressiveCPU' is obsolete: 'Lightmapper.ProgressiveCPU is deprecated, use Lightmapper.UnityComputeGPU instead.'
[1655/1666  1s] Csc Library/Bee/artifacts/1900b0aE.dag/Assembly-CSharp.dll (+2 others)
[1656/1666  0s] Csc Library/Bee/artifacts/1900b0aE.dag/Assembly-CSharp-Editor.dll (+2 others)
[1657/1666  3s] ILPostProcess Library/Bee/artifacts/1900b0aE.dag/post-processed/Assembly-CSharp-Editor.dll (+pdb)
Processing assembly Library/Bee/artifacts/1900b0aE.dag/Assembly-CSharp-Editor.dll, with 149 defines and 407 references

processors: Unity.Jobs.CodeGen.JobsILPostProcessor, zzzUnity.Burst.CodeGen.BurstILPostProcessor

1 processor(s) skipped this assembly

running Unity.Jobs.CodeGen.JobsILPostProcessor
[1658/1666  3s] ILPostProcess Library/Bee/artifacts/1900b0aE.dag/post-processed/Assembly-CSharp.dll (+pdb)
Processing assembly Library/Bee/artifacts/1900b0aE.dag/Assembly-CSharp.dll, with 151 defines and 384 references

processors: Unity.Jobs.CodeGen.JobsILPostProcessor, zzzUnity.Burst.CodeGen.BurstILPostProcessor

1 processor(s) skipped this assembly

running Unity.Jobs.CodeGen.JobsILPostProcessor
[1659/1666  0s] CopyFiles Library/ScriptAssemblies/Assembly-CSharp.dll
[1660/1666  0s] CopyFiles Library/ScriptAssemblies/Assembly-CSharp-Editor.dll
[1661/1666  0s] CopyFiles Library/ScriptAssemblies/Assembly-CSharp.pdb
[1662/1666  0s] CopyFiles Library/ScriptAssemblies/Assembly-CSharp-Editor.pdb
[1663/1666  3s] ILPostProcess Library/Bee/artifacts/1900b0aE.dag/post-processed/TherapyGame.Editor.dll (+pdb)
Processing assembly Library/Bee/artifacts/1900b0aE.dag/TherapyGame.Editor.dll, with 149 defines and 322 references

processors: Unity.Jobs.CodeGen.JobsILPostProcessor, zzzUnity.Burst.CodeGen.BurstILPostProcessor

1 processor(s) skipped this assembly

running Unity.Jobs.CodeGen.JobsILPostProcessor
[1664/1666  0s] CopyFiles Library/ScriptAssemblies/TherapyGame.Editor.pdb
[1665/1666  0s] CopyFiles Library/ScriptAssemblies/TherapyGame.Editor.dll
*** Tundra build success (11.35 seconds), 14 items updated, 1666 evaluated
Assets\TherapyGame\Editor\TherapyRealismUpgrade.cs(104,84): warning CS0618: 'LightingSettings.Lightmapper.ProgressiveCPU' is obsolete: 'Lightmapper.ProgressiveCPU is deprecated, use Lightmapper.UnityComputeGPU instead.'
Total cache size 268296782
Total cache size after purge 268296782, took 00:00:01.8610034
AssetDatabase: script compilation time: 23.007863s
Begin MonoManager ReloadAssembly
'Packages/com.unity.render-pipelines.core/Editor/Deprecated.cs' contains partial class of Unity.Object, exactly 1 of the partial classes needs to be in a file with the same filename. This is to know the one that can be referenced from ie. GameObjects
'Packages/com.unity.render-pipelines.core/Editor/Deprecated.cs' contains partial class of Unity.Object, exactly 1 of the partial classes needs to be in a file with the same filename. This is to know the one that can be referenced from ie. GameObjects
Refreshing native plugins compatible for Editor in 10.27 ms, found 5 plugins.
Native extension for WindowsStandalone target not found
Refreshing native plugins compatible for Editor in 10.70 ms, found 5 plugins.
[Licensing::Client] Error: Code 404 while processing request (status: Found 0 entitlement groups and 0 free entitlements matching requested entitlement ids)
[Licensing::Client] Error: Code 404 while processing request (status: Found 0 entitlement groups and 0 free entitlements matching requested entitlement ids)
[Licensing::Client] Error: Code 404 while processing request (status: Found 0 entitlement groups and 0 free entitlements matching requested entitlement ids)
ScheduleIndexationOnStartup MainProcess:True IndexOnStartup:True
Scripting: successfully reloaded assembly
- Finished resetting the current domain, in  5.374 seconds
Domain Reload Profiling: 9137ms
	BeginReloadAssembly (690ms)
		DisableScriptedObjects (63ms)
		CreateAndSetChildDomain (104ms)
	RebuildCommonClasses (21ms)
	RebuildNativeTypeToScriptingClass (41ms)
	initialDomainReloadingComplete (285ms)
	LoadAllAssembliesAndSetupDomain (2724ms)
		LoadAssemblies (1457ms)
		TypeCache.Refresh (939ms)
			TypeCache.ScanAssembly (893ms)
		AnalyzeDomain (261ms)
			BuildScriptInfoCaches (233ms)
			ResolveRequiredComponents (22ms)
	FinalizeReload (5377ms)
		SetupLoadedEditorAssemblies (0ms)
			LogAssemblyErrors (5ms)
			InitializePlatformSupportModulesInManaged (3ms)
			BeforeProcessingInitializeOnLoad (431ms)
			ProcessInitializeOnLoadAttributes (2969ms)
			ProcessInitializeOnLoadMethodAttributes (804ms)
			AfterProcessingInitializeOnLoad (10ms)
			EditorAssembliesLoaded (4ms)
		AwakeInstancesAfterBackupRestoration (68ms)
Starting new worker id: 0 with log in D:/Unity/HTH3 Project/Logs/AssetImportWorkerHW0.log
Importing 'GUID: d19f4f8a13b6edb48b986a47ec96402e - Path: Packages/com.unity.render-pipelines.core/Runtime/PathTracing/Shaders/LightmapShadowMaskIntegration.urtshader' with importer (ScriptedImporter : Unity.Rendering.LightTransport.Editor:UnityEditor.Rendering.UnifiedRayTracing:UnifiedRTShaderImporter)
Launched and connected shader compiler UnityShaderCompiler.exe after 0.06 seconds

Compiling Ray Tracing Shader "LightmapShadowMaskIntegration.urtshader", keywords = <no keywords>
    finished in 0.04 seconds. Local cache hits 1, remote cache hits 0, compiled 0 platform variants
Imported 'GUID: d19f4f8a13b6edb48b986a47ec96402e' -> (Import Result ID: 'dafd590d2391337a465ae69593d8302f') in 0.295 seconds [static and dynamic dependencies]. Details - ImportResultOutputID=87431ef3e18644b7c43cfcb1371ea08d DependenciesID=ee798b4147c0523a2e71470313c50ac2 StaticDependenciesID=9fd4e9b2e1ad89e7cbffc601eff4d03f 
Importing 'GUID: 737a1597422c12547a8714d76a9406ec - Path: Packages/com.unity.render-pipelines.core/Runtime/PathTracing/Shaders/LightmapGBufferDebug.urtshader' with importer (ScriptedImporter : Unity.Rendering.LightTransport.Editor:UnityEditor.Rendering.UnifiedRayTracing:UnifiedRTShaderImporter)

Compiling Ray Tracing Shader "LightmapGBufferDebug.urtshader", keywords = <no keywords>
    finished in 0.00 seconds. Local cache hits 1, remote cache hits 0, compiled 0 platform variants
Imported 'GUID: 737a1597422c12547a8714d76a9406ec' -> (Import Result ID: 'bc136651d20dd1689538d95b62660551') in 0.024 seconds [static and dynamic dependencies]. Details - ImportResultOutputID=62fe39ae6f08f106b858ebaaec45c120 DependenciesID=1600f23823fe288b7c7b48b48247b012 StaticDependenciesID=b513b01e29d0aa4d28825e4d4fb57fb4 
Importing 'GUID: f32463968f29423cad25aee15a14b9f1 - Path: Packages/com.unity.render-pipelines.core/Runtime/Lighting/SurfaceCache/PunctualLightSampling.urtshader' with importer (ScriptedImporter : Unity.Rendering.LightTransport.Editor:UnityEditor.Rendering.UnifiedRayTracing:UnifiedRTShaderImporter)

Compiling Ray Tracing Shader "PunctualLightSampling.urtshader", keywords = <no keywords>
    finished in 0.00 seconds. Local cache hits 1, remote cache hits 0, compiled 0 platform variants
Imported 'GUID: f32463968f29423cad25aee15a14b9f1' -> (Import Result ID: '8d83dfe3433e86936dab6b3cc28f3590') in 0.040 seconds [static and dynamic dependencies]. Details - ImportResultOutputID=86a6fadd6b8c04e32f272c919d8b6f6e DependenciesID=58f005c3f91e9c75e0df9594c7a90504 StaticDependenciesID=b63d74c4e924df89cb98a36e44fc1845 
Importing 'GUID: 1451d029813b192429211be28181beab - Path: Packages/com.unity.render-pipelines.core/Runtime/PathTracing/Shaders/LightmapNormalIntegration.urtshader' with importer (ScriptedImporter : Unity.Rendering.LightTransport.Editor:UnityEditor.Rendering.UnifiedRayTracing:UnifiedRTShaderImporter)

Compiling Ray Tracing Shader "LightmapNormalIntegration.urtshader", keywords = <no keywords>
    finished in 0.00 seconds. Local cache hits 1, remote cache hits 0, compiled 0 platform variants
Imported 'GUID: 1451d029813b192429211be28181beab' -> (Import Result ID: 'dc54081b245ff2614a6b72294cfba5d4') in 0.022 seconds [static and dynamic dependencies]. Details - ImportResultOutputID=586feb4eadefcf330fe3445b7cc6434b DependenciesID=68347bfc4726871fddd7602ea36ecc4e StaticDependenciesID=5afd8eadeec03e368f74c3a5603c453d 
Importing 'GUID: 94a070d33e408384bafc1dea4a565df9 - Path: Packages/com.unity.render-pipelines.core/Editor/Lighting/ProbeVolume/RenderingLayerMask/TraceRenderingLayerMask.urtshader' with importer (ScriptedImporter : Unity.Rendering.LightTransport.Editor:UnityEditor.Rendering.UnifiedRayTracing:UnifiedRTShaderImporter)

Compiling Ray Tracing Shader "TraceRenderingLayerMask.urtshader", keywords = <no keywords>
    finished in 0.00 seconds. Local cache hits 1, remote cache hits 0, compiled 0 platform variants
Imported 'GUID: 94a070d33e408384bafc1dea4a565df9' -> (Import Result ID: '575939a214356f3a3f01041ff9827388') in 0.030 seconds [static and dynamic dependencies]. Details - ImportResultOutputID=7cee2528048de00e3c9b431884713e23 DependenciesID=a6ed24f2bdf656ec38a057ecda6cbb30 StaticDependenciesID=25a592d065c9c4788553066128367c57 
Importing 'GUID: 94a39d12848d8d64ca962a72b74e7c50 - Path: Packages/com.unity.render-pipelines.core/Runtime/Lighting/SurfaceCache/Estimation.urtshader' with importer (ScriptedImporter : Unity.Rendering.LightTransport.Editor:UnityEditor.Rendering.UnifiedRayTracing:UnifiedRTShaderImporter)

Compiling Ray Tracing Shader "Estimation.urtshader", keywords = <no keywords>
    finished in 0.00 seconds. Local cache hits 1, remote cache hits 0, compiled 0 platform variants
Imported 'GUID: 94a39d12848d8d64ca962a72b74e7c50' -> (Import Result ID: '8e45f7d94b264b900cc2730fdef51d27') in 0.022 seconds [static and dynamic dependencies]. Details - ImportResultOutputID=dd35c9d903e39c961e4da30bd9dcd33b DependenciesID=e6c861d322a0d590d8ce34ef14e8dddb StaticDependenciesID=ffb0a11028fb7b99287455d15347e1d8 
Importing 'GUID: f5ba4d424d4566249b3d94cf81a3e916 - Path: Packages/com.unity.render-pipelines.core/Runtime/PathTracing/Shaders/LightmapDirectDirectionalAndEnvironmentIntegration.urtshader' with importer (ScriptedImporter : Unity.Rendering.LightTransport.Editor:UnityEditor.Rendering.UnifiedRayTracing:UnifiedRTShaderImporter)

Compiling Ray Tracing Shader "LightmapDirectDirectionalAndEnvironmentIntegration.urtshader", keywords = <no keywords>
    finished in 0.00 seconds. Local cache hits 1, remote cache hits 0, compiled 0 platform variants
Imported 'GUID: f5ba4d424d4566249b3d94cf81a3e916' -> (Import Result ID: 'ac570b1ad1a0d15bb78c8fe79a717808') in 0.023 seconds [static and dynamic dependencies]. Details - ImportResultOutputID=3a58bd89af571e0a56d0266235abba16 DependenciesID=a22589d805b7065ceeedf78b7d14a453 StaticDependenciesID=d4bdfd2147f181839dcd88d16b4cc45b 
Importing 'GUID: 7624adbeb148b5c48ab5ab660cc2602a - Path: Packages/com.unity.render-pipelines.core/Runtime/PathTracing/Shaders/LightmapIndirectIntegration.urtshader' with importer (ScriptedImporter : Unity.Rendering.LightTransport.Editor:UnityEditor.Rendering.UnifiedRayTracing:UnifiedRTShaderImporter)

Compiling Ray Tracing Shader "LightmapIndirectIntegration.urtshader", keywords = <no keywords>
    finished in 0.00 seconds. Local cache hits 1, remote cache hits 0, compiled 0 platform variants
Imported 'GUID: 7624adbeb148b5c48ab5ab660cc2602a' -> (Import Result ID: 'ca673a6f48fbbe294e92f6d684b68f42') in 0.023 seconds [static and dynamic dependencies]. Details - ImportResultOutputID=9adeacf15a9e92caba530c19c5f5cd4c DependenciesID=297bf8aafbeb932047eefeb5897dc7c5 StaticDependenciesID=637eaa30376abb268136eb146f59c034 
Importing 'GUID: 5951703b3d165764c95c653e98350884 - Path: Packages/com.unity.render-pipelines.core/Runtime/PathTracing/Shaders/LightmapDirectBRDFIntegration.urtshader' with importer (ScriptedImporter : Unity.Rendering.LightTransport.Editor:UnityEditor.Rendering.UnifiedRayTracing:UnifiedRTShaderImporter)

Compiling Ray Tracing Shader "LightmapDirectBRDFIntegration.urtshader", keywords = <no keywords>
    finished in 0.00 seconds. Local cache hits 1, remote cache hits 0, compiled 0 platform variants
Imported 'GUID: 5951703b3d165764c95c653e98350884' -> (Import Result ID: '14df58ef7ebbaaebd2bf09fc5a3d77a4') in 0.022 seconds [static and dynamic dependencies]. Details - ImportResultOutputID=55b5d10cd11a3d0af18dfbedf5c22acf DependenciesID=f9a0e9b816bf14fde7432fa650b99e99 StaticDependenciesID=059ad849da4bff5dcc29e3cff7813344 
Importing 'GUID: 99ac6221b6ecd7b479be13e8b9866300 - Path: Packages/com.unity.render-pipelines.core/Tests/Editor/PathTracing/Shaders/TerrainRayMarchingTest.urtshader' with importer (ScriptedImporter : Unity.Rendering.LightTransport.Editor:UnityEditor.Rendering.UnifiedRayTracing:UnifiedRTShaderImporter)

Compiling Ray Tracing Shader "TerrainRayMarchingTest.urtshader", keywords = <no keywords>
    finished in 0.00 seconds. Local cache hits 1, remote cache hits 0, compiled 0 platform variants
Imported 'GUID: 99ac6221b6ecd7b479be13e8b9866300' -> (Import Result ID: '9b37bfb5414eb660b920e65ad2bad84d') in 0.019 seconds [static and dynamic dependencies]. Details - ImportResultOutputID=27a34ed6b20eb255a59fb4210f44099d DependenciesID=d833b4f93c226fb18d49e9e10158fdcd StaticDependenciesID=dc53200b7c0c8c0e6f9de4f99348b559 
Importing 'GUID: e9f4de6d1e07fb94f9a60d35b618f724 - Path: Packages/com.unity.render-pipelines.core/Runtime/PathTracing/Shaders/LightmapGBufferIntegration.urtshader' with importer (ScriptedImporter : Unity.Rendering.LightTransport.Editor:UnityEditor.Rendering.UnifiedRayTracing:UnifiedRTShaderImporter)

Compiling Ray Tracing Shader "LightmapGBufferIntegration.urtshader", keywords = <no keywords>
    finished in 0.00 seconds. Local cache hits 1, remote cache hits 0, compiled 0 platform variants
Imported 'GUID: e9f4de6d1e07fb94f9a60d35b618f724' -> (Import Result ID: '9ffa545e96aae3c6e29881f51419ab9a') in 0.019 seconds [static and dynamic dependencies]. Details - ImportResultOutputID=46566f2b2504bb390fccb5862c368fe5 DependenciesID=85b3e050e00a15de08993832dd66c34d StaticDependenciesID=3c625e26646b7228663e0de2b2c1d69b 
Importing 'GUID: 5a2a534753fbdb44e96c3c78b5a6999d - Path: Packages/com.unity.render-pipelines.core/Editor/Lighting/ProbeVolume/DynamicGI/DynamicGISkyOcclusion.urtshader' with importer (ScriptedImporter : Unity.Rendering.LightTransport.Editor:UnityEditor.Rendering.UnifiedRayTracing:UnifiedRTShaderImporter)

Compiling Ray Tracing Shader "DynamicGISkyOcclusion.urtshader", keywords = <no keywords>
    finished in 0.00 seconds. Local cache hits 1, remote cache hits 0, compiled 0 platform variants
Imported 'GUID: 5a2a534753fbdb44e96c3c78b5a6999d' -> (Import Result ID: 'bf5b3e5548e2ffd4fdb7056be02f26f4') in 0.024 seconds [static and dynamic dependencies]. Details - ImportResultOutputID=bebec64320e903413d9a8da75e5f5441 DependenciesID=d273d3b64aa2c822b845b25725a1a2f8 StaticDependenciesID=72ee5fda06862b709c15f6cbb7db6f05 
Importing 'GUID: 5bbebdef5916845478fcef13fa10d89f - Path: Packages/com.unity.render-pipelines.core/Runtime/PathTracing/Shaders/LightmapDirectStochasticLightIntegration.urtshader' with importer (ScriptedImporter : Unity.Rendering.LightTransport.Editor:UnityEditor.Rendering.UnifiedRayTracing:UnifiedRTShaderImporter)

Compiling Ray Tracing Shader "LightmapDirectStochasticLightIntegration.urtshader", keywords = <no keywords>
    finished in 0.00 seconds. Local cache hits 1, remote cache hits 0, compiled 0 platform variants
Imported 'GUID: 5bbebdef5916845478fcef13fa10d89f' -> (Import Result ID: 'fcf461e6f2b64cce73fb4faed66e98e6') in 0.024 seconds [static and dynamic dependencies]. Details - ImportResultOutputID=c1148ad01ee8f2c7d260756c504d1b09 DependenciesID=c7464506e0286a5c69e90f9f5fce0cbe StaticDependenciesID=471ca71b6b19c4611a46691a7356c8a6 
Importing 'GUID: 1c410815c01ce1d4d82c645c0cd45747 - Path: Packages/com.unity.render-pipelines.core/Runtime/PathTracing/Shaders/LightmapAOIntegration.urtshader' with importer (ScriptedImporter : Unity.Rendering.LightTransport.Editor:UnityEditor.Rendering.UnifiedRayTracing:UnifiedRTShaderImporter)

Compiling Ray Tracing Shader "LightmapAOIntegration.urtshader", keywords = <no keywords>
    finished in 0.00 seconds. Local cache hits 1, remote cache hits 0, compiled 0 platform variants
Imported 'GUID: 1c410815c01ce1d4d82c645c0cd45747' -> (Import Result ID: '8c1c7645e5cc8b646aabf2f04f595921') in 0.022 seconds [static and dynamic dependencies]. Details - ImportResultOutputID=406e03dc11817505b76c631603f27e12 DependenciesID=98b147760644f634d8b186738246461b StaticDependenciesID=219d1b7269d01f2442d424f53e04d073 
Importing 'GUID: 2c32233d92a2d0745930664c087c5c9a - Path: Packages/com.unity.render-pipelines.core/Runtime/PathTracing/Shaders/ProbeIntegrationValidity.urtshader' with importer (ScriptedImporter : Unity.Rendering.LightTransport.Editor:UnityEditor.Rendering.UnifiedRayTracing:UnifiedRTShaderImporter)

Compiling Ray Tracing Shader "ProbeIntegrationValidity.urtshader", keywords = <no keywords>
    finished in 0.00 seconds. Local cache hits 1, remote cache hits 0, compiled 0 platform variants
Imported 'GUID: 2c32233d92a2d0745930664c087c5c9a' -> (Import Result ID: 'f304ce5c6411a50ce6c11793c2bb5da5') in 0.018 seconds [static and dynamic dependencies]. Details - ImportResultOutputID=fb54b03892440bf6d8b82fd7c8a33ee7 DependenciesID=843170b4bdecc3603c848a6de38b8657 StaticDependenciesID=89ce6b5e76d568c473e42bb2e82d857d 
Importing 'GUID: ace95ac84e213794891b4bd7c9b3c158 - Path: Packages/com.unity.render-pipelines.core/Runtime/PathTracing/Shaders/LightmapValidityIntegration.urtshader' with importer (ScriptedImporter : Unity.Rendering.LightTransport.Editor:UnityEditor.Rendering.UnifiedRayTracing:UnifiedRTShaderImporter)

Compiling Ray Tracing Shader "LightmapValidityIntegration.urtshader", keywords = <no keywords>
    finished in 0.00 seconds. Local cache hits 1, remote cache hits 0, compiled 0 platform variants
Imported 'GUID: ace95ac84e213794891b4bd7c9b3c158' -> (Import Result ID: '579cb5a692a4ee99bbdd3a078d35d67b') in 0.021 seconds [static and dynamic dependencies]. Details - ImportResultOutputID=c6767c8b4dc26605e605e05a666a0bb0 DependenciesID=e78c29d4b5cd9561c22a4bfe65c91c92 StaticDependenciesID=af3a8789fbe725883be9c99ebb7cf5e2 
Importing 'GUID: 5ecdabd800f05984696f22ba95284516 - Path: Packages/com.unity.render-pipelines.core/Runtime/PathTracing/Shaders/ProbeIntegrationIndirect.urtshader' with importer (ScriptedImporter : Unity.Rendering.LightTransport.Editor:UnityEditor.Rendering.UnifiedRayTracing:UnifiedRTShaderImporter)

Compiling Ray Tracing Shader "ProbeIntegrationIndirect.urtshader", keywords = <no keywords>
    finished in 0.00 seconds. Local cache hits 1, remote cache hits 0, compiled 0 platform variants
Imported 'GUID: 5ecdabd800f05984696f22ba95284516' -> (Import Result ID: 'e70ffe0bd62848296026d6d2e7892bb3') in 0.027 seconds [static and dynamic dependencies]. Details - ImportResultOutputID=a2f5d4e03340cfd910ee43d60ab3c23c DependenciesID=4a36ca2c907309e3d5b3e56b91ed4110 StaticDependenciesID=1ad901001e2e557153e1de5753d25220 
Importing 'GUID: 6e0b547bab30a804c8123974120d583f - Path: Packages/com.unity.render-pipelines.core/Tests/Runtime/PathTracing/PathIteratorTest.urtshader' with importer (ScriptedImporter : Unity.Rendering.LightTransport.Editor:UnityEditor.Rendering.UnifiedRayTracing:UnifiedRTShaderImporter)

Compiling Ray Tracing Shader "PathIteratorTest.urtshader", keywords = <no keywords>
    finished in 0.00 seconds. Local cache hits 1, remote cache hits 0, compiled 0 platform variants
Imported 'GUID: 6e0b547bab30a804c8123974120d583f' -> (Import Result ID: '99b318b44eac12f79e9511661b1f2e97') in 0.026 seconds [static and dynamic dependencies]. Details - ImportResultOutputID=62e299ab8a06b453a7a131612b3d654e DependenciesID=79e4a317806d92a68dfef6296a690206 StaticDependenciesID=e24ea404bb4dabe55ffbcaa7b840b299 
Importing 'GUID: de3013e16d99f2746ab1735ec06a660b - Path: Packages/com.unity.render-pipelines.core/Runtime/PathTracing/Shaders/ProbeIntegrationOcclusion.urtshader' with importer (ScriptedImporter : Unity.Rendering.LightTransport.Editor:UnityEditor.Rendering.UnifiedRayTracing:UnifiedRTShaderImporter)

Compiling Ray Tracing Shader "ProbeIntegrationOcclusion.urtshader", keywords = <no keywords>
    finished in 0.00 seconds. Local cache hits 1, remote cache hits 0, compiled 0 platform variants
Imported 'GUID: de3013e16d99f2746ab1735ec06a660b' -> (Import Result ID: '8d753e35be2f6a79c1dfadc6e7b7c9b5') in 0.024 seconds [static and dynamic dependencies]. Details - ImportResultOutputID=cdbfcddb4045b11792cc5535fb3017dd DependenciesID=3a46bc25ea02d852bec7aa64274ef0b9 StaticDependenciesID=d23a0c4a2896e547ad436f2fd232bb27 
Importing 'GUID: fe7f1a959d1d3f544a208b7e8805e6cd - Path: Packages/com.unity.render-pipelines.core/Runtime/PathTracing/Shaders/ProbeIntegrationDirectDirectionalAndEnvironment.urtshader' with importer (ScriptedImporter : Unity.Rendering.LightTransport.Editor:UnityEditor.Rendering.UnifiedRayTracing:UnifiedRTShaderImporter)

Compiling Ray Tracing Shader "ProbeIntegrationDirectDirectionalAndEnvironment.urtshader", keywords = <no keywords>
    finished in 0.00 seconds. Local cache hits 1, remote cache hits 0, compiled 0 platform variants
Imported 'GUID: fe7f1a959d1d3f544a208b7e8805e6cd' -> (Import Result ID: 'ffe11fd31ea4fdea4cdc99650ad5d08e') in 0.022 seconds [static and dynamic dependencies]. Details - ImportResultOutputID=f65bb11e4d99da6ad313ec12077e7212 DependenciesID=6229bd0d7cd9116e7d6452bc32698d04 StaticDependenciesID=b8525778ccd6bf87644fae631483c773 
Importing 'GUID: 1f9bfe60b4ad75943a5281839c1a4e5c - Path: Packages/com.unity.render-pipelines.core/Runtime/PathTracing/Shaders/ProbeIntegrationDirectStochasticLight.urtshader' with importer (ScriptedImporter : Unity.Rendering.LightTransport.Editor:UnityEditor.Rendering.UnifiedRayTracing:UnifiedRTShaderImporter)

Compiling Ray Tracing Shader "ProbeIntegrationDirectStochasticLight.urtshader", keywords = <no keywords>
    finished in 0.00 seconds. Local cache hits 1, remote cache hits 0, compiled 0 platform variants
Imported 'GUID: 1f9bfe60b4ad75943a5281839c1a4e5c' -> (Import Result ID: '698cf050f634306416e1add19458de45') in 0.023 seconds [static and dynamic dependencies]. Details - ImportResultOutputID=f207a5c01257b99decff595fee37001f DependenciesID=69d31a82659dcfa72e5cff4dc4de8813 StaticDependenciesID=bb23e9aed0fe8778db1283cad6c57003 
Importing 'GUID: ff2cbab5da58bf04d82c5f34037ed123 - Path: Packages/com.unity.render-pipelines.core/Editor/Lighting/ProbeVolume/VirtualOffset/TraceVirtualOffset.urtshader' with importer (ScriptedImporter : Unity.Rendering.LightTransport.Editor:UnityEditor.Rendering.UnifiedRayTracing:UnifiedRTShaderImporter)

Compiling Ray Tracing Shader "TraceVirtualOffset.urtshader", keywords = <no keywords>
    finished in 0.00 seconds. Local cache hits 1, remote cache hits 0, compiled 0 platform variants
Imported 'GUID: ff2cbab5da58bf04d82c5f34037ed123' -> (Import Result ID: '28ca2e1c0db21ff748f09a55335a4be3') in 0.021 seconds [static and dynamic dependencies]. Details - ImportResultOutputID=28dbe8e0bd20faddbac957b0d2a2b25b DependenciesID=56a7bc9a254cc8cf556d2d71427255f5 StaticDependenciesID=577fb2ca56f9c9cef1dba593cc7f61b6 
Refreshing native plugins compatible for Editor in 11.88 ms, found 5 plugins.

Asset Pipeline Refresh (id=9c7c774e2d9d73040a8839ec8f67c40f): Total: 38.645 seconds - Initiated by InitialRefreshV2(ForceSynchronousImport)
	(Values over 0.05ms)
	Summary:
		Imports: total=22 (actual=22, local cache=0, cache server=0)
		Asset DB Process Time: managed=8 ms, native=8876 ms
		Asset DB Callback time: managed=1856 ms, native=589 ms
		Scripting: domain reloads=1, domain reload time=4014 ms, compile time=23013 ms, other=285 ms
		Project Asset Count: scripts=2314, non-scripts=6423
		Asset File Changes: new=1, changed=4, moved=0, deleted=0
		Scan Filter Count: 0
	InvokePackagesCallback: 78.612ms
	ApplyChangesToAssetFolders: 2.483ms
	Scan: 1001.328ms
	Collect global state as custom dependencies: 46.646ms
	OnSourceAssetsModified: 2.236ms
	CategorizeScriptCompilationAssets: 242.026ms
	ProcessAssetsWithTransientArtifactChanges: 308.018ms
	CategorizeAssets: 236.102ms
	CompileScripts: 23012.970ms
	ImportOutOfDateAssets: 6288.317ms (5414.698ms without children)
		ImportManagerImport: 820.959ms (5.152ms without children)
			UpdateCategorizedAssets: 4.152ms
		ReloadNativeAssets: 0.085ms
		UnloadImportedAssets: 1.800ms
		ReloadImportedAssets: 3.073ms
		EnsureUptoDateAssetsAreRegisteredWithGuidPM: 2.275ms
		ImportSchedulerStart: 48.483ms
	PostProcessAllAssets: 2356.011ms
		ComputeShaderImportPostprocess 265.173ms
		RaytracingShaderImportPostprocess 230.048ms
		VCAutoAddAssetPostprocess 2.066ms
		XRBuildSystem.XRAssetImported 2.025ms
		PostProcessCallbackCreateDeferredMaterials 0.181ms
		ShaderAssetModifiedCallback 0.103ms
		SpeedTreeImporter.PostprocessAllAssets 0.103ms
		BlockShaderImporter.PostprocessAllAssets 0.093ms
		VersionControlSettings.HiddenFilePostprocess 0.086ms
		LocalizationDatabase.AssetDatabasePostprocessCallback 0.064ms
		AssemblyValidation.PostprocessAllAssets 0.062ms
		MonoPostProcessAllAssets: 1852.442ms
			SyncVS.PostprocessSyncProject 533.533ms
			AssetPostprocessor.OnPostprocessAllAssets 525.439ms
			AssetReferenceReimportMonitor.OnPostprocessAllAssets 81.283ms
			StyleCatalogPostProcessor.OnPostprocessAllAssets 81.237ms
			UniversalRenderPipelineGlobalSettingsPostprocessor.OnPostprocessAllAssets 38.304ms
			BuilderAssetPostprocessor.OnPostprocessAllAssets 23.097ms
			SpriteSlicePostprocessor.OnPostprocessAllAssets 11.333ms
			GraphRefreshPostprocessor.OnPostprocessAllAssets 5.593ms
			WindowAssetPostprocessingWatcher.OnPostprocessAllAssets 4.761ms
			ShaderGraphAssetPostProcessor.OnPostprocessAllAssets 4.707ms
			SpeedTree9Postprocessor.OnPostprocessAllAssets 3.946ms
			AssetChangedListener.OnPostprocessAllAssets 3.662ms
			RetainedModeAssetPostprocessor.OnPostprocessAllAssets 3.272ms
			EditModeScopePostprocessor.OnPostprocessAllAssets 2.310ms
			AssetChangeDetector.OnPostprocessAllAssets 2.249ms
			MaterialPostprocessor.OnPostprocessAllAssets 2.114ms
			InputActionAssetPostprocessor.OnPostprocessAllAssets 1.667ms
			RenderPipelineGlobalSettingsPostprocessor.OnPostprocessAllAssets 1.598ms
			ShaderReflectionAssetPostProcessor.OnPostprocessAllAssets 1.552ms
			SpriteEditorTexturePostprocessor.OnPostprocessAllAssets 1.537ms
			ArtifactBrowserPostProcessor.OnPostprocessAllAssets 1.425ms
			TextAssetPostProcessor.OnPostprocessAllAssets 1.296ms
			InputActionJsonNameModifierAssetProcessor.OnPostprocessAllAssets 1.114ms
			PostProcessor.OnPostprocessAllAssets 1.042ms
			SkillsProjectAssetPostprocessor.OnPostprocessAllAssets 1.004ms
			UVCSAssetPostprocessor.OnPostprocessAllAssets 0.988ms
			ReferencedClipsPostProcessor.OnPostprocessAllAssets 0.880ms
			AudioMixerPostprocessor.OnPostprocessAllAssets 0.858ms
			ModelAssetProcessor.OnPostprocessAllAssets 0.729ms
			AssetEvents.OnPostprocessAllAssets 0.685ms
			TMPro_TexturePostProcessor.OnPostprocessAllAssets 0.583ms
			TerrainToolbarOverlayPostProcessor.OnPostprocessAllAssets 0.549ms
			SamplePostprocessor.OnPostprocessAllAssets 0.484ms
			AssetDatabaseCallbacks.OnPostprocessAllAssets 0.474ms
			ConfigAssetsTracker.OnPostprocessAllAssets 0.464ms
			ProjectSettingsPostprocessor.OnPostprocessAllAssets 0.391ms
			SpeedTreePostProcessor.OnPostprocessAllAssets 0.375ms
			ThemePostprocessor.OnPostprocessAllAssets 0.339ms
			AssetReloadNotifier.OnPostprocessAllAssets 0.318ms
			ScenarioDriftAssetsTracker.OnPostprocessAllAssets 0.306ms
			AudioContainerPostProcessor.OnPostprocessAllAssets 0.193ms
			TrackSelectedAssetsProcessor.OnPostprocessAllAssets 0.185ms
	PostAssetChangesProfiler: 18.104ms
	UnloadStreamsBegin: 4.647ms
	PersistCurrentRevisions: 1.110ms
	GenerateScriptTypeHashes: 4.448ms
	GenerateScriptTypeSerializationHashes: 8.200ms
	Untracked: 4985.427ms

Application.AssetDatabase Initial Refresh End
Shader Hidden/ChartRasterizerHardware is not supported: GPU does not support conservative rasterization
Shader Hidden/ChartRasterizerHardware is not supported: GPU does not support conservative rasterization
Scanning for USB devices : 3.694ms
Initializing Unity extensions:
[MODES] ModeService[none].Initialize
[MODES] ModeService[none].LoadModes
[MODES] Loading mode Default (0) for mode-current-id-HTH3 Project
Unloading 123 Unused Serialized files (Serialized files now loaded: 0)
Unloading 10536 unused Assets / (11.4 MB). Loaded Objects now: 11466.
Memory consumption went from 0.55 GB to 0.54 GB.
Total: 58.299300 ms (FindLiveObjects: 1.754200 ms CreateObjectMapping: 1.070700 ms MarkObjects: 46.102000 ms  DeleteObjects: 8.571100 ms)

Opening scene 'Assets/TherapyGame/Scenes/TherapyRoom.unity'
Unloading 18 Unused Serialized files (Serialized files now loaded: 0)
LightingSettings: switching bake backend from 2 to 1.
Worker ready: AssetImportWorkerHW0 0
Loaded scene 'Assets/TherapyGame/Scenes/TherapyRoom.unity'
	Deserialize:            277.984 ms
	Integration:            1221.327 ms
	Integration of assets:  9.208 ms
	Thread Wait Time:       -0.004 ms
	Total Operation Time:   1508.515 ms
Unloading 12 unused Assets / (0.6 MB). Loaded Objects now: 16581.
Memory consumption went from 0.60 GB to 0.60 GB.
Total: 41.681200 ms (FindLiveObjects: 1.783600 ms CreateObjectMapping: 0.450700 ms MarkObjects: 38.192300 ms  DeleteObjects: 0.198100 ms)

Importing 'GUID: 0000000000000000b000000000000000 - Path: ProjectSettings/EditorBuildSettings.asset' with importer (LibraryAssetImporter)
Imported 'GUID: 0000000000000000b000000000000000' -> (Import Result ID: 'd4827db114a63d7288b8bcf417abcc6f') in 0.005 seconds [static dependencies only]. Details - ImportResultOutputID=0a89a5c5f492143e0fa186859e17ba6f DependenciesID=3da8392e8948ba3d7eaac11a5f2bcdd2 StaticDependenciesID=3d814ff576369d7c8d39e3bc863bad94 
Importing 'GUID: 48a611e0ffd23b64c9770e5b8e8f2386 - Path: Assets/TherapyGame/Exterior/Seasons/BareWinterBranches.asset' with importer (NativeFormatImporter)
Imported 'GUID: 48a611e0ffd23b64c9770e5b8e8f2386' -> (Import Result ID: '41dcee0923a3f3b96cfd46240786b76a') in 0.018 seconds [static dependencies only]. Details - ImportResultOutputID=5d380252cb4e75576897d9c5d8c04691 DependenciesID=dc062d827e168c170f768af062260329 StaticDependenciesID=af11f7f7daa22588cce9508e4be7142c 
Refreshing native plugins compatible for Editor in 9.46 ms, found 5 plugins.
Asset Pipeline Refresh (id=e33354e610c434c44b085eecfff20b81): Total: 0.276 seconds - Initiated by StopAssetImportingV2(NoUpdateAssetOptions)
Importing 'GUID: 3ee0018eb0b1ccb47bea81d2cc308aeb - Path: Assets/TherapyGame/Scenes/TherapyRoom.unity' with importer (DefaultImporter)
Imported 'GUID: 3ee0018eb0b1ccb47bea81d2cc308aeb' -> (Import Result ID: '44d0490179b789930660a625e40353f5') in 0.015 seconds [static dependencies only]. Details - ImportResultOutputID=055ac46a18b623535cced26f714f7ffa DependenciesID=42128ed9da571ea2a7b9d152acfc9be8 StaticDependenciesID=18638e140e5e5707048d6904c507a02a 
Refreshing native plugins compatible for Editor in 10.90 ms, found 5 plugins.
Asset Pipeline Refresh (id=e9c5393b287b3ea4cb0ae792c0f950c2): Total: 0.134 seconds - Initiated by StopAssetImportingV2(NoUpdateAssetOptions)
WINTER_BRANCHES_REPAIRED: Assets/TherapyGame/Documentation/WinterBranchesCheck.txt
UnityEngine.Debug:ExtractStackTraceNoAlloc (byte*,int,string)
UnityEngine.StackTraceUtility:ExtractStackTrace ()
UnityEngine.DebugLogHandler:Internal_Log (UnityEngine.LogType,UnityEngine.LogOption,string,UnityEngine.Object)
UnityEngine.DebugLogHandler:LogFormat (UnityEngine.LogType,UnityEngine.Object,string,object[])
UnityEngine.Logger:Log (UnityEngine.LogType,object)
UnityEngine.Debug:Log (object)
TherapyGame.Editor.TherapySeasonSetup:RepairBranches () (at Assets/TherapyGame/Editor/TherapySeasonSetup.cs:82)
TherapyGame.Editor.TherapySeasonSetup:RepairBranchesBatch () (at Assets/TherapyGame/Editor/TherapySeasonSetup.cs:21)

(Filename: Assets/TherapyGame/Editor/TherapySeasonSetup.cs Line: 82)

MonoPathRemapper: Attempts to remap: 23853; Successful remaps: 92
Serialized file version minimum: 22, current 23
[Physics::Module] Cleanup current backend.
[Physics::Module] Id: 0xf2b8ea05
Input System module state changed to: ShutdownInProgress.
Input Polling Thread exited.
Input System module state changed to: Shutdown.
[Licensing::IpcConnector] LicenseClient-obscu-notifications channel disconnected successfully.
[Licensing::IpcConnector] LicenseClient-obscu channel disconnected successfully.
Lingering sessions upon destruction of worker manager
Unity Data Store service was successfully shut down
UDS shutting down local client system
AcceleratorClientConnectionCallback - disconnected - :0
Cleanup mono
CodeReloadManager destroyed
VBCSCompilerPreWarmer: requested VBCSCompiler shutdown
Checking for leaked weakptr:
  Found no leaked weakptrs.
[Package Manager] Server process was shutdown
##utp:{"type":"MemoryLeaks","version":2,"phase":"Immediate","time":1790809913881,"processId":21100,"allocatedMemory":20722824,"memoryLabels":[{"Default":210643},{"Permanent":15516},{"NewDelete":71655},{"Thread":4198024},{"Manager":37693},{"VertexData":8},{"Geometry":816},{"Texture":24},{"Shader":852698},{"Material":68},{"GfxDevice":55968},{"Animation":952},{"FreeType":8},{"FontEngine":736},{"Physics":1970},{"Physics2D":16},{"Serialization":22816},{"Input":42840},{"JobScheduler":256},{"TextLib":336},{"Mono":48},{"MonoCode":320},{"ScriptingNativeRuntime":1314896},{"BaseObject":48784},{"Resource":1252},{"Renderer":2376},{"Transform":4685},{"File":16296},{"WebCam":616},{"Culling":32},{"Terrain":11442},{"Wind":24},{"STL":40},{"String":866611},{"StaticString":3808},{"Utility":2674806},{"Curl":2478},{"PoolAlloc":2840},{"AI":80},{"TypeTree":14973},{"ScriptManager":12656},{"CodeReload":448},{"RuntimeInitializeOnLoadManager":64},{"Sprites":102},{"SpriteAtlas":120},{"GI":7816},{"Director":8296},{"CloudService":7296},{"WebRequest":5148},{"VR":49650},{"SceneManager":608},{"Video":64},{"LazyScriptCache":32},{"Camera":729},{"Secure":2377},{"SerializationCache":9256},{"APIUpdating":10320},{"Subsystems":336},{"VirtualTexturing":57888},{"StaticSafetyDebugInfo":278528},{"Analytics":768},{"Hierarchy":1188},{"UIElements":40},{"CoreStats":14456},{"Identifiers":7152},{"Gui":128},{"EditorUtility":160783},{"VersionControl":8},{"Undo":931},{"AssetDatabase":9541482},{"AssetImporter":40},{"EditorGi":328},{"UnityConnect":40441},{"Upm":1912},{"UpmDiagnostics":8},{"AssetCompliance":96},{"DrivenProperties":72},{"LocalIPC":260},{"ProfilerEditor":9746},{"CoreBusinessMetrics":3620},{"Windowing":456},{"Licensing":12757},{"AssetReference":32},{"IPCStream":32}]}
