VBCSCompilerPreWarmer: watching VBCSCompiler (PID 16160)
VBCSCompilerPreWarmer: pre-warm launched (dotnet PID 4388)
VBCSCompiler prewarm took 55.29 ms
[Licensing::Module] Trying to connect to existing licensing client channel...
Built from '6000.6/staging' branch; Version is '6000.6.3f1 (45d8eee7de74) revision 4577518'; Using compiler version '194234433'; Build Type 'Release'
[Licensing::IpcConnector] Successfully connected to: "LicenseClient-obscu" at "2026-09-30T07:53:58.1159911Z"
OS: 'Windows 11  (10.0.26200) Professional' Language: 'en' Physical Memory: 15182 MB
BatchMode: 1, IsHumanControllingUs: 0, StartBugReporterOnCrash: 0, Is64bit: 1
System  architecture: x64
Process architecture: x64
Date: 2026-09-30T07:53:58Z
[Licensing::Client] Code 10 while verifying Licensing Client signature (process Id: 13088, path: "D:/Unity/Unity Hub/UnityLicensingClient_V1/Unity.Licensing.Client.exe")
[Licensing::Module] LicensingClient has failed validation; ignoring
[Licensing::Client] Handshaking with LicensingClient:
  Version:                 1.18.3+d7ffd15
  Session Id:              3a1103b47c434990aa41aacb576e01bb
  Correlation Id:          9e0b16346ac2c644471135d41f0f4599
  External correlation Id: 6530943655923566779
  Machine Id:              TExqC4bzIoEipys504spRup1M8I=
[Licensing::Module] Successfully connected to LicensingClient on channel: "LicenseClient-obscu" (connect: 0.00s, validation: 0.00s, handshake: 0.09s)
[Licensing::IpcConnector] Successfully connected to: "LicenseClient-obscu-notifications" at "2026-09-30T07:53:58.2125067Z"
[Licensing::Module] Error: Access token is unavailable; failed to update
[Licensing::Client] Successfully resolved entitlement details
[Licensing::Module] License group:
  Id: 2476054553666-UnityPersXXXX
  Product: Unity Personal
  Type: Assigned
  Expiration: Unlimited
[Licensing::Client] Successfully updated license, isAsync: True, time: 0.00
[Licensing::Client] Successfully resolved entitlement details
[Licensing::Module] Licensing Background thread has ended after 0.11s

COMMAND LINE ARGUMENTS:
D:\Unity\6000.6.3f1\Editor\Unity.exe
-batchmode
-nographics
-projectPath
D:\Unity\HTH3 Project
-executeMethod
TherapyGame.Editor.TherapyPhotoCameraSetup.InstallBatch
-logFile
D:\Hack the Hill\Deliverables\PhotoCamera\Checks\UnityPhotoCameraFinal.log
Successfully changed project path to: D:\Unity\HTH3 Project
D:/Unity/HTH3 Project
[UnityMemory] Configuration Parameters - Can be set up in boot.config
    "memorysetup-temp-allocator-size-gi-baking-worker=262144"
    "memorysetup-temp-allocator-size-gi-baking-worker=262144"
    "memorysetup-temp-allocator-size-gi-baking-worker=262144"
    "memorysetup-temp-allocator-size-gi-baking-worker=262144"
    "memorysetup-temp-allocator-size-gi-baking-worker=262144"
    "memorysetup-temp-allocator-size-nav-mesh-worker=65536"
    "memorysetup-temp-allocator-size-audio-worker=65536"
    "memorysetup-temp-allocator-size-cloud-worker=32768"
    "memorysetup-temp-allocator-size-gfx=262144"
    "memorysetup-remapper-allocator-initial-capacity=32768"
    "memorysetup-temp-allocator-size-preload-manager=33554432"
    "memorysetup-allocator-temp-initial-block-size-main=262144"
    "memorysetup-allocator-temp-initial-block-size-worker=262144"
    "memorysetup-temp-allocator-size-job-worker=262144"
    "memorysetup-temp-allocator-size-background-worker=32768"
    "memorysetup-bucket-allocator-granularity=16"
    "memorysetup-bucket-allocator-bucket-count=8"
    "memorysetup-bucket-allocator-block-size=33554432"
    "memorysetup-bucket-allocator-block-count=8"
    "memorysetup-main-allocator-block-size=16777216"
    "memorysetup-thread-allocator-block-size=16777216"
    "memorysetup-main-allocator-mimalloc-enabled=1"
    "memorysetup-gfx-main-allocator-block-size=16777216"
    "memorysetup-gfx-thread-allocator-block-size=16777216"
    "memorysetup-cache-allocator-block-size=4194304"
    "memorysetup-typetree-allocator-block-size=2097152"
    "memorysetup-profiler-bucket-allocator-granularity=16"
    "memorysetup-profiler-bucket-allocator-bucket-count=8"
    "memorysetup-profiler-bucket-allocator-block-size=33554432"
    "memorysetup-profiler-bucket-allocator-block-count=8"
    "memorysetup-profiler-allocator-block-size=16777216"
    "memorysetup-profiler-editor-allocator-block-size=1048576"
    "memorysetup-temp-allocator-size-main=16777216"
    "memorysetup-job-temp-allocator-block-size=2097152"
    "memorysetup-job-temp-allocator-block-size-background=1048576"
    "memorysetup-job-temp-allocator-reduction-small-platforms=262144"
Logging is directed to a specific file, skipping project log.
Player connection [21712]  Target information:

Player connection [21712]  * "[IP] 10.0.0.49 [Port] 55504 [Flags] 2 [Guid] 3675591555 [EditorId] 3675591555 [Version] 1048832 [Id] WindowsEditor(7,LAPTOP-IUN5378O) [Debug] 1 [PackageName] WindowsEditor [ProjectName] Editor" 

Player connection [21712] Host joined multi-casting on [225.0.0.222:54997]...
Player connection [21712] Host joined alternative multi-casting on [225.0.0.222:34997]...
Input System module state changed to: Initialized.
[Physics::Module] Initialized fallback backend.
[Physics::Module] Id: 0xdecafbad
[Package Manager] Connected to IPC stream "Upm-19604" after 0.6 seconds.
[Licensing::Client] Successfully resolved entitlement details
Library Redirect Path: Library/
Launching Unity Data Store - D:/Unity/6000.6.3f1/Editor/Data/Tools/Unity.DataStore.exe 
Unity Data Store artifact dir = Library/DataStore, working dir = D:/Unity/HTH3 ProjectActive build profile path: `Assets/Settings/Build Profiles/Windows.asset`
Unity Data Store running and initialised
Got setting from build profile YAML, name `m_BuildTarget`, value `19`
Got setting from build profile YAML, name `m_Subtarget`, value `2`
[Physics::Module] Selected backend (deferred post-plugins).
[Physics::Module] Name: PhysX
[Physics::Module] Id: 0xf2b8ea05
[Physics::Module] SDK Version: 4.1.2
[Physics::Module] Integration Version: 1.0.0
[Physics::Module] Threading Mode: Multi-Threaded
Initialize engine version: 6000.6.3f1 (45d8eee7de74)
[EntityIdStore] init: VM path (explicit commit), pageSize=4096, blockCount=1048576, entitiesPerBlock=256, slots reserved=4294967296 bytes
[Subsystems] Discovering subsystems at path D:/Unity/6000.6.3f1/Editor/Data/Resources/UnitySubsystems
[Subsystems] Discovering subsystems at path D:/Unity/HTH3 Project/Assets
Forcing GfxDevice: Null
GfxDevice: creating device client; kGfxThreadingModeNonThreaded
NullGfxDevice:
    Version:  NULL 1.0 [1.0]
    Renderer: Null Device
    Vendor:   Unity Technologies
Initialize mono
Mono path[0] = 'D:/Unity/6000.6.3f1/Editor/Data/Managed'
Mono path[1] = 'D:/Unity/6000.6.3f1/Editor/Data/BCLExtensions/runtime/netstandard2.1'
Mono path[2] = 'D:/Unity/6000.6.3f1/Editor/Data/MonoBleedingEdge/lib/mono/unityjit-win32'
Mono config path = 'D:/Unity/6000.6.3f1/Editor/Data/MonoBleedingEdge/etc'
Using monoOptions --debugger-agent=transport=dt_socket,embedding=1,server=y,suspend=n,address=127.0.0.1:56604
CodeReloadManager initialized
ImportWorker Server TCP listen port: 0
AcceleratorClientConnectionCallback - disconnected - :0
Begin MonoManager ReloadAssembly
Registering precompiled unity dll's ...
Register platform support module: D:/Unity/6000.6.3f1/Editor/Data/PlaybackEngines/WindowsStandaloneSupport/UnityEditor.WindowsStandalone.Extensions.dll
Registered in 0.003252 seconds.
Native extension for WindowsStandalone target not found
Package Manager log level set to [2]
ScheduleIndexationOnStartup MainProcess:False IndexOnStartup:True
Scripting: successfully reloaded assembly
- Finished resetting the current domain, in  1.547 seconds
Domain Reload Profiling: 2821ms
	BeginReloadAssembly (347ms)
		CreateAndSetChildDomain (5ms)
	RebuildCommonClasses (11ms)
	RebuildNativeTypeToScriptingClass (37ms)
	initialDomainReloadingComplete (157ms)
	LoadAllAssembliesAndSetupDomain (719ms)
		LoadAssemblies (341ms)
		TypeCache.Refresh (489ms)
			TypeCache.ScanAssembly (459ms)
		AnalyzeDomain (1ms)
	FinalizeReload (1550ms)
		SetupLoadedEditorAssemblies (0ms)
			LogAssemblyErrors (4ms)
			InitializePlatformSupportModulesInManaged (5ms)
			BeforeProcessingInitializeOnLoad (245ms)
			ProcessInitializeOnLoadAttributes (279ms)
			ProcessInitializeOnLoadMethodAttributes (521ms)
[Licensing::Client] Successfully resolved entitlement details
Application.AssetDatabase Initial Refresh Start
[Package Manager] Restoring resolved packages state from cache
[Licensing::Client] Successfully resolved entitlement details
[Package Manager] Registered 66 packages:
  Packages from [https://packages.unity.com]:
    com.unity.ai.assistant@2.20.0-pre.1 (location: D:\Unity\HTH3 Project\Library\PackageCache\com.unity.ai.assistant@ceb45b7b3ebd)
    com.unity.ai.inference@2.6.1 (location: D:\Unity\HTH3 Project\Library\PackageCache\com.unity.ai.inference@9a123aee5df7)
    com.unity.ai.navigation@2.0.14 (location: D:\Unity\HTH3 Project\Library\PackageCache\com.unity.ai.navigation@134dd6a3b97b)
    com.unity.collab-proxy@2.13.6 (location: D:\Unity\HTH3 Project\Library\PackageCache\com.unity.collab-proxy@4628d2ba6ea4)
    com.unity.ide.rider@3.0.38 (location: D:\Unity\HTH3 Project\Library\PackageCache\com.unity.ide.rider@1f60b3138684)
    com.unity.ide.visualstudio@2.0.26 (location: D:\Unity\HTH3 Project\Library\PackageCache\com.unity.ide.visualstudio@a99d56dec63f)
    com.unity.inputsystem@1.20.0 (location: D:\Unity\HTH3 Project\Library\PackageCache\com.unity.inputsystem@7a4e1a2a8194)
    com.unity.visualscripting@1.9.12 (location: D:\Unity\HTH3 Project\Library\PackageCache\com.unity.visualscripting@4edfcc09512f)
    com.unity.nuget.newtonsoft-json@3.2.2 (location: D:\Unity\HTH3 Project\Library\PackageCache\com.unity.nuget.newtonsoft-json@4dfd81071c64)
    com.unity.dt.app-ui@2.1.11 (location: D:\Unity\HTH3 Project\Library\PackageCache\com.unity.dt.app-ui@cd5609b130ce)
    com.unity.nuget.mono-cecil@1.11.6 (location: D:\Unity\HTH3 Project\Library\PackageCache\com.unity.nuget.mono-cecil@ecb9724e46ff)
    com.unity.searcher@4.9.5 (location: D:\Unity\HTH3 Project\Library\PackageCache\com.unity.searcher@a463122f2c00)
    com.unity.profiling.core@1.0.3 (location: D:\Unity\HTH3 Project\Library\PackageCache\com.unity.profiling.core@8a49f7027d06)
  Built-in packages:
    com.unity.render-pipelines.universal@17.6.0 (location: D:\Unity\HTH3 Project\Library\PackageCache\com.unity.render-pipelines.universal@327d93d1cbc8)
    com.unity.test-framework@1.8.0 (location: D:\Unity\HTH3 Project\Library\PackageCache\com.unity.test-framework@80f691d4262b)
    com.unity.timeline@6.6.0 (location: D:\Unity\HTH3 Project\Library\PackageCache\com.unity.timeline@c56d56b0070b)
    com.unity.ugui@2.6.0 (location: D:\Unity\HTH3 Project\Library\PackageCache\com.unity.ugui@0727b404f3a0)
    com.unity.modules.accessibility@1.0.0 (location: D:\Unity\HTH3 Project\Library\PackageCache\com.unity.modules.accessibility)
    com.unity.modules.adaptiveperformance@1.0.0 (location: D:\Unity\HTH3 Project\Library\PackageCache\com.unity.modules.adaptiveperformance)
    com.unity.modules.ai@1.0.0 (location: D:\Unity\HTH3 Project\Library\PackageCache\com.unity.modules.ai)
    com.unity.modules.androidjni@1.0.0 (location: D:\Unity\HTH3 Project\Library\PackageCache\com.unity.modules.androidjni)
    com.unity.modules.animation@1.0.0 (location: D:\Unity\HTH3 Project\Library\PackageCache\com.unity.modules.animation)
    com.unity.modules.assetbundle@1.0.0 (location: D:\Unity\HTH3 Project\Library\PackageCache\com.unity.modules.assetbundle)
    com.unity.modules.audio@1.0.0 (location: D:\Unity\HTH3 Project\Library\PackageCache\com.unity.modules.audio)
    com.unity.modules.cloth@1.0.0 (location: D:\Unity\HTH3 Project\Library\PackageCache\com.unity.modules.cloth)
    com.unity.modules.director@1.0.0 (location: D:\Unity\HTH3 Project\Library\PackageCache\com.unity.modules.director)
    com.unity.modules.imageconversion@1.0.0 (location: D:\Unity\HTH3 Project\Library\PackageCache\com.unity.modules.imageconversion)
    com.unity.modules.imgui@1.0.0 (location: D:\Unity\HTH3 Project\Library\PackageCache\com.unity.modules.imgui)
    com.unity.modules.jsonserialize@1.0.0 (location: D:\Unity\HTH3 Project\Library\PackageCache\com.unity.modules.jsonserialize)
    com.unity.modules.particlesystem@1.0.0 (location: D:\Unity\HTH3 Project\Library\PackageCache\com.unity.modules.particlesystem)
    com.unity.modules.physics@1.0.0 (location: D:\Unity\HTH3 Project\Library\PackageCache\com.unity.modules.physics)
    com.unity.modules.physics2d@1.0.0 (location: D:\Unity\HTH3 Project\Library\PackageCache\com.unity.modules.physics2d)
    com.unity.modules.physicscore2d@1.0.0 (location: D:\Unity\HTH3 Project\Library\PackageCache\com.unity.modules.physicscore2d)
    com.unity.modules.screencapture@1.0.0 (location: D:\Unity\HTH3 Project\Library\PackageCache\com.unity.modules.screencapture)
    com.unity.modules.terrain@1.0.0 (location: D:\Unity\HTH3 Project\Library\PackageCache\com.unity.modules.terrain)
    com.unity.modules.terrainphysics@1.0.0 (location: D:\Unity\HTH3 Project\Library\PackageCache\com.unity.modules.terrainphysics)
    com.unity.modules.tetgen@1.0.0 (location: D:\Unity\HTH3 Project\Library\PackageCache\com.unity.modules.tetgen)
    com.unity.modules.tilemap@1.0.0 (location: D:\Unity\HTH3 Project\Library\PackageCache\com.unity.modules.tilemap)
    com.unity.modules.timelinefoundation@1.0.0 (location: D:\Unity\HTH3 Project\Library\PackageCache\com.unity.modules.timelinefoundation)
    com.unity.modules.ui@1.0.0 (location: D:\Unity\HTH3 Project\Library\PackageCache\com.unity.modules.ui)
    com.unity.modules.uielements@1.0.0 (location: D:\Unity\HTH3 Project\Library\PackageCache\com.unity.modules.uielements)
    com.unity.modules.umbra@1.0.0 (location: D:\Unity\HTH3 Project\Library\PackageCache\com.unity.modules.umbra)
    com.unity.modules.unityanalytics@1.0.0 (location: D:\Unity\HTH3 Project\Library\PackageCache\com.unity.modules.unityanalytics)
    com.unity.modules.unitywebrequest@1.0.0 (location: D:\Unity\HTH3 Project\Library\PackageCache\com.unity.modules.unitywebrequest)
    com.unity.modules.unitywebrequestassetbundle@1.0.0 (location: D:\Unity\HTH3 Project\Library\PackageCache\com.unity.modules.unitywebrequestassetbundle)
    com.unity.modules.unitywebrequestaudio@1.0.0 (location: D:\Unity\HTH3 Project\Library\PackageCache\com.unity.modules.unitywebrequestaudio)
    com.unity.modules.unitywebrequesttexture@1.0.0 (location: D:\Unity\HTH3 Project\Library\PackageCache\com.unity.modules.unitywebrequesttexture)
    com.unity.modules.unitywebrequestwww@1.0.0 (location: D:\Unity\HTH3 Project\Library\PackageCache\com.unity.modules.unitywebrequestwww)
    com.unity.modules.vectorgraphics@1.0.0 (location: D:\Unity\HTH3 Project\Library\PackageCache\com.unity.modules.vectorgraphics)
    com.unity.modules.vehicles@1.0.0 (location: D:\Unity\HTH3 Project\Library\PackageCache\com.unity.modules.vehicles)
    com.unity.modules.video@1.0.0 (location: D:\Unity\HTH3 Project\Library\PackageCache\com.unity.modules.video)
    com.unity.modules.wind@1.0.0 (location: D:\Unity\HTH3 Project\Library\PackageCache\com.unity.modules.wind)
    com.unity.modules.xr@1.0.0 (location: D:\Unity\HTH3 Project\Library\PackageCache\com.unity.modules.xr)
    com.unity.modules.subsystems@1.0.0 (location: D:\Unity\HTH3 Project\Library\PackageCache\com.unity.modules.subsystems)
    com.unity.modules.hierarchycore@1.0.0 (location: D:\Unity\HTH3 Project\Library\PackageCache\com.unity.modules.hierarchycore)
    com.unity.ext.nunit@2.1.0 (location: D:\Unity\HTH3 Project\Library\PackageCache\com.unity.ext.nunit@0198eae3b53e)
    com.unity.render-pipelines.core@17.6.0 (location: D:\Unity\HTH3 Project\Library\PackageCache\com.unity.render-pipelines.core@02d75770e4b3)
    com.unity.shadergraph@17.6.0 (location: D:\Unity\HTH3 Project\Library\PackageCache\com.unity.shadergraph@1dd0fd24b57e)
    com.unity.render-pipelines.universal-config@17.6.0 (location: D:\Unity\HTH3 Project\Library\PackageCache\com.unity.render-pipelines.universal-config@561422b74439)
    com.unity.burst@2.0.0 (location: D:\Unity\HTH3 Project\Library\PackageCache\com.unity.burst@626e66ab421b)
    com.unity.collections@6.6.0 (location: D:\Unity\HTH3 Project\Library\PackageCache\com.unity.collections@10fff0607388)
    com.unity.2d.sprite@1.0.0 (location: D:\Unity\HTH3 Project\Library\PackageCache\com.unity.2d.sprite@26bcb5e737a2)
    com.unity.mathematics@1.4.0 (location: D:\Unity\HTH3 Project\Library\PackageCache\com.unity.mathematics@8306a64d0cd6)
    com.unity.graph-authoring@1.0.0 (location: D:\Unity\HTH3 Project\Library\PackageCache\com.unity.graph-authoring@cfd2588851ee)
    com.unity.test-framework.performance@6.6.0 (location: D:\Unity\HTH3 Project\Library\PackageCache\com.unity.test-framework.performance@b6023decb532)
  Embedded packages:
    io.elevenlabs.agents@file:D:\Unity\HTH3 Project\Packages\io.elevenlabs.agents (location: D:\Unity\HTH3 Project\Packages\io.elevenlabs.agents)
[Subsystems] No new subsystems found in resolved package list.
[Package Manager] Done registering packages in 0.05 seconds
Assets/StreamingAssets/TherapyGame/PresageBridge/node_modules/@smartspectra/node-sdk is a symbolic link. Using symlinks in Unity projects may cause your project to become corrupted if you create multiple references to the same asset, use recursive symlinks or use symlinks to share assets between projects used with different versions of Unity. Make sure you know what you are doing.
Disabling directory monitoring for current editor session. Found symlinks in project which cannot be used with directory monitoring. Directory monitoring settings can be changed in preferences.
AcceleratorClientConnectionCallback - disconnected - :0
[ScriptCompilation] Requested script compilation because: AssetDatabase observed changes in script compilation related files
Refreshing native plugins compatible for Editor in 8.57 ms, found 5 plugins.
Starting: D:\Unity\6000.6.3f1\Editor\Data\Tools\BuildPipeline\bee_backend.exe --ipc --defer-dag-verification --dagfile="Library/Bee/1900b0aE.dag" --continue-on-failure --profile="Library/Bee/backend1.traceevents" ScriptAssemblies
WorkingDir: D:/Unity/HTH3 Project
DisplayProgressbar: Compiling Scripts
ExitCode: 0 Duration: 7s680ms
[1256/1666  0s] ILPP-Configuration Library/ilpp-configuration.nevergeneratedoutput
[1650/1666  2s] Csc Library/Bee/artifacts/1900b0aE.dag/TherapyGame.Runtime.dll (+2 others)
Assets\TherapyGame\Runtime\ThirdParty\uLipSync\Profile.cs(27,31): warning UAC1001: Field 'mfccNativeArray' type 'Unity.Collections.NativeArray<float>' is skipped by serialization (missing the [Serializable] attribute). Refer to the Serialization rules analyzer reference. (https://docs.unity3d.com/6000.6/Documentation/Manual/script-serialization-analyzer.html#uac1001)
[1651/1666  1s] Csc Library/Bee/artifacts/1900b0aE.dag/TherapyGame.Editor.dll (+2 others)
Assets\TherapyGame\Editor\TherapyRealismUpgrade.cs(104,84): warning CS0618: 'LightingSettings.Lightmapper.ProgressiveCPU' is obsolete: 'Lightmapper.ProgressiveCPU is deprecated, use Lightmapper.UnityComputeGPU instead.'
[1652/1666  1s] ILPostProcess Library/Bee/artifacts/1900b0aE.dag/post-processed/TherapyGame.Runtime.dll (+pdb)
Processing assembly Library/Bee/artifacts/1900b0aE.dag/TherapyGame.Runtime.dll, with 151 defines and 313 references

processors: Unity.Jobs.CodeGen.JobsILPostProcessor, zzzUnity.Burst.CodeGen.BurstILPostProcessor

running Unity.Jobs.CodeGen.JobsILPostProcessor

running zzzUnity.Burst.CodeGen.BurstILPostProcessor
[1653/1666  0s] CopyFiles Library/ScriptAssemblies/TherapyGame.Runtime.pdb
[1654/1666  0s] CopyFiles Library/ScriptAssemblies/TherapyGame.Runtime.dll
[1655/1666  1s] Csc Library/Bee/artifacts/1900b0aE.dag/Assembly-CSharp.dll (+2 others)
[1656/1666  0s] Csc Library/Bee/artifacts/1900b0aE.dag/Assembly-CSharp-Editor.dll (+2 others)
[1657/1666  0s] ILPostProcess Library/Bee/artifacts/1900b0aE.dag/post-processed/Assembly-CSharp.dll (+pdb)
Processing assembly Library/Bee/artifacts/1900b0aE.dag/Assembly-CSharp.dll, with 151 defines and 384 references

processors: Unity.Jobs.CodeGen.JobsILPostProcessor, zzzUnity.Burst.CodeGen.BurstILPostProcessor

1 processor(s) skipped this assembly

running Unity.Jobs.CodeGen.JobsILPostProcessor
[1658/1666  0s] CopyFiles Library/ScriptAssemblies/Assembly-CSharp.dll
[1659/1666  0s] CopyFiles Library/ScriptAssemblies/Assembly-CSharp.pdb
[1660/1666  0s] ILPostProcess Library/Bee/artifacts/1900b0aE.dag/post-processed/Assembly-CSharp-Editor.dll (+pdb)
Processing assembly Library/Bee/artifacts/1900b0aE.dag/Assembly-CSharp-Editor.dll, with 149 defines and 407 references

processors: Unity.Jobs.CodeGen.JobsILPostProcessor, zzzUnity.Burst.CodeGen.BurstILPostProcessor

1 processor(s) skipped this assembly

running Unity.Jobs.CodeGen.JobsILPostProcessor
[1661/1666  0s] CopyFiles Library/ScriptAssemblies/Assembly-CSharp-Editor.dll
[1662/1666  0s] CopyFiles Library/ScriptAssemblies/Assembly-CSharp-Editor.pdb
[1663/1666  0s] ILPostProcess Library/Bee/artifacts/1900b0aE.dag/post-processed/TherapyGame.Editor.dll (+pdb)
Processing assembly Library/Bee/artifacts/1900b0aE.dag/TherapyGame.Editor.dll, with 149 defines and 322 references

processors: Unity.Jobs.CodeGen.JobsILPostProcessor, zzzUnity.Burst.CodeGen.BurstILPostProcessor

1 processor(s) skipped this assembly

running Unity.Jobs.CodeGen.JobsILPostProcessor
[1664/1666  0s] CopyFiles Library/ScriptAssemblies/TherapyGame.Editor.pdb
[1665/1666  0s] CopyFiles Library/ScriptAssemblies/TherapyGame.Editor.dll
*** Tundra build success (7.59 seconds), 17 items updated, 1666 evaluated
Assets\TherapyGame\Runtime\ThirdParty\uLipSync\Profile.cs(27,31): warning UAC1001: Field 'mfccNativeArray' type 'Unity.Collections.NativeArray<float>' is skipped by serialization (missing the [Serializable] attribute). Refer to the Serialization rules analyzer reference. (https://docs.unity3d.com/6000.6/Documentation/Manual/script-serialization-analyzer.html#uac1001)
Assets\TherapyGame\Editor\TherapyRealismUpgrade.cs(104,84): warning CS0618: 'LightingSettings.Lightmapper.ProgressiveCPU' is obsolete: 'Lightmapper.ProgressiveCPU is deprecated, use Lightmapper.UnityComputeGPU instead.'
Total cache size 268296782
Total cache size after purge 268296782, took 00:00:01.3413801
AssetDatabase: script compilation time: 10.520294s
Begin MonoManager ReloadAssembly
'Packages/com.unity.render-pipelines.core/Editor/Deprecated.cs' contains partial class of Unity.Object, exactly 1 of the partial classes needs to be in a file with the same filename. This is to know the one that can be referenced from ie. GameObjects
'Packages/com.unity.render-pipelines.core/Editor/Deprecated.cs' contains partial class of Unity.Object, exactly 1 of the partial classes needs to be in a file with the same filename. This is to know the one that can be referenced from ie. GameObjects
Refreshing native plugins compatible for Editor in 9.72 ms, found 5 plugins.
Native extension for WindowsStandalone target not found
Refreshing native plugins compatible for Editor in 8.78 ms, found 5 plugins.
[Licensing::Client] Error: Code 404 while processing request (status: Found 0 entitlement groups and 0 free entitlements matching requested entitlement ids)
[Licensing::Client] Error: Code 404 while processing request (status: Found 0 entitlement groups and 0 free entitlements matching requested entitlement ids)
[Licensing::Client] Error: Code 404 while processing request (status: Found 0 entitlement groups and 0 free entitlements matching requested entitlement ids)
ScheduleIndexationOnStartup MainProcess:True IndexOnStartup:True
Scripting: successfully reloaded assembly
- Finished resetting the current domain, in  4.523 seconds
Domain Reload Profiling: 7833ms
	BeginReloadAssembly (611ms)
		DisableScriptedObjects (59ms)
		CreateAndSetChildDomain (91ms)
	RebuildCommonClasses (20ms)
	RebuildNativeTypeToScriptingClass (36ms)
	initialDomainReloadingComplete (243ms)
	LoadAllAssembliesAndSetupDomain (2398ms)
		LoadAssemblies (1167ms)
		TypeCache.Refresh (882ms)
			TypeCache.ScanAssembly (834ms)
		AnalyzeDomain (243ms)
			BuildScriptInfoCaches (215ms)
			ResolveRequiredComponents (23ms)
	FinalizeReload (4525ms)
		SetupLoadedEditorAssemblies (0ms)
			LogAssemblyErrors (6ms)
			InitializePlatformSupportModulesInManaged (3ms)
			BeforeProcessingInitializeOnLoad (395ms)
			ProcessInitializeOnLoadAttributes (2499ms)
			ProcessInitializeOnLoadMethodAttributes (623ms)
			AfterProcessingInitializeOnLoad (7ms)
			EditorAssembliesLoaded (4ms)
		AwakeInstancesAfterBackupRestoration (60ms)
Starting new worker id: 0 with log in D:/Unity/HTH3 Project/Logs/AssetImportWorkerHW0.log
Importing 'GUID: bd78bca4efc71a241808fb898df9b998 - Path: Assets/TherapyGame/Documentation/PhotoCameraCheck.txt' with importer (TextScriptImporter)
Imported 'GUID: bd78bca4efc71a241808fb898df9b998' -> (Import Result ID: '38e0dd1160be694ef62c793d047cd169') in 0.056 seconds [static dependencies only]. Details - ImportResultOutputID=a9c3f92ff73410ea32f42020f2333064 DependenciesID=65766da91ebaa32ff7b31047d7339015 StaticDependenciesID=9764255d4eb97013528555fa554738ef 
Refreshing native plugins compatible for Editor in 8.98 ms, found 5 plugins.

Asset Pipeline Refresh (id=9652f2f5bf7d5074eb5fabf99a0fc423): Total: 22.478 seconds - Initiated by InitialRefreshV2(ForceSynchronousImport)
	(Values over 0.05ms)
	Summary:
		Imports: total=1 (actual=1, local cache=0, cache server=0)
		Asset DB Process Time: managed=4 ms, native=6513 ms
		Asset DB Callback time: managed=1620 ms, native=74 ms
		Scripting: domain reloads=1, domain reload time=3519 ms, compile time=10526 ms, other=219 ms
		Project Asset Count: scripts=2313, non-scripts=6414
		Asset File Changes: new=1, changed=2, moved=0, deleted=0
		Scan Filter Count: 0
	InvokePackagesCallback: 66.642ms
	ApplyChangesToAssetFolders: 2.069ms
	Scan: 664.788ms
	Collect global state as custom dependencies: 43.528ms
	OnSourceAssetsModified: 1.310ms
	CategorizeScriptCompilationAssets: 139.946ms
	ProcessAssetsWithTransientArtifactChanges: 295.432ms
	CategorizeAssets: 222.048ms
	CompileScripts: 10526.047ms
	ImportOutOfDateAssets: 4659.208ms (4559.004ms without children)
		ImportManagerImport: 59.690ms (3.168ms without children)
		ReloadNativeAssets: 0.095ms
		UnloadImportedAssets: 2.241ms
		EnsureUptoDateAssetsAreRegisteredWithGuidPM: 2.469ms
		ImportSchedulerStart: 35.693ms
	PostProcessAllAssets: 1619.262ms
		XRBuildSystem.XRAssetImported 1.659ms
		PostProcessCallbackCreateDeferredMaterials 0.051ms
		MonoPostProcessAllAssets: 1616.044ms
			SyncVS.PostprocessSyncProject 496.401ms
			AssetPostprocessor.OnPostprocessAllAssets 440.778ms
			AssetReferenceReimportMonitor.OnPostprocessAllAssets 63.904ms
			UniversalRenderPipelineGlobalSettingsPostprocessor.OnPostprocessAllAssets 42.882ms
			StyleCatalogPostProcessor.OnPostprocessAllAssets 40.890ms
			BuilderAssetPostprocessor.OnPostprocessAllAssets 29.566ms
			SpriteSlicePostprocessor.OnPostprocessAllAssets 5.472ms
			GraphRefreshPostprocessor.OnPostprocessAllAssets 4.596ms
			SpeedTree9Postprocessor.OnPostprocessAllAssets 4.061ms
			WindowAssetPostprocessingWatcher.OnPostprocessAllAssets 3.826ms
			AssetChangedListener.OnPostprocessAllAssets 3.127ms
			ShaderGraphAssetPostProcessor.OnPostprocessAllAssets 2.996ms
			RetainedModeAssetPostprocessor.OnPostprocessAllAssets 2.927ms
			EditModeScopePostprocessor.OnPostprocessAllAssets 2.256ms
			AssetChangeDetector.OnPostprocessAllAssets 2.074ms
			MaterialPostprocessor.OnPostprocessAllAssets 1.605ms
			RenderPipelineGlobalSettingsPostprocessor.OnPostprocessAllAssets 1.512ms
			ArtifactBrowserPostProcessor.OnPostprocessAllAssets 1.434ms
			ShaderReflectionAssetPostProcessor.OnPostprocessAllAssets 1.326ms
			SpriteEditorTexturePostprocessor.OnPostprocessAllAssets 1.194ms
			UVCSAssetPostprocessor.OnPostprocessAllAssets 1.075ms
			SkillsProjectAssetPostprocessor.OnPostprocessAllAssets 1.035ms
			InputActionAssetPostprocessor.OnPostprocessAllAssets 0.855ms
			TextAssetPostProcessor.OnPostprocessAllAssets 0.820ms
			AudioMixerPostprocessor.OnPostprocessAllAssets 0.729ms
			ModelAssetProcessor.OnPostprocessAllAssets 0.697ms
			PostProcessor.OnPostprocessAllAssets 0.678ms
			InputActionJsonNameModifierAssetProcessor.OnPostprocessAllAssets 0.675ms
			TMPro_TexturePostProcessor.OnPostprocessAllAssets 0.639ms
			ReferencedClipsPostProcessor.OnPostprocessAllAssets 0.637ms
			ConfigAssetsTracker.OnPostprocessAllAssets 0.509ms
			AssetEvents.OnPostprocessAllAssets 0.508ms
			AssetDatabaseCallbacks.OnPostprocessAllAssets 0.448ms
			TerrainToolbarOverlayPostProcessor.OnPostprocessAllAssets 0.441ms
			ProjectSettingsPostprocessor.OnPostprocessAllAssets 0.417ms
			ScenarioDriftAssetsTracker.OnPostprocessAllAssets 0.375ms
			SamplePostprocessor.OnPostprocessAllAssets 0.351ms
			ThemePostprocessor.OnPostprocessAllAssets 0.325ms
			SpeedTreePostProcessor.OnPostprocessAllAssets 0.323ms
			AssetReloadNotifier.OnPostprocessAllAssets 0.277ms
			AudioContainerPostProcessor.OnPostprocessAllAssets 0.179ms
			TrackSelectedAssetsProcessor.OnPostprocessAllAssets 0.144ms
	PostAssetChangesProfiler: 15.893ms
	UnloadStreamsBegin: 3.651ms
	PersistCurrentRevisions: 0.543ms
	GenerateScriptTypeHashes: 4.467ms
	GenerateScriptTypeSerializationHashes: 8.184ms
	Untracked: 4156.631ms

Application.AssetDatabase Initial Refresh End
Shader Hidden/ChartRasterizerHardware is not supported: GPU does not support conservative rasterization
Shader Hidden/ChartRasterizerHardware is not supported: GPU does not support conservative rasterization
Scanning for USB devices : 7.205ms
Initializing Unity extensions:
[MODES] ModeService[none].Initialize
[MODES] ModeService[none].LoadModes
[MODES] Loading mode Default (0) for mode-current-id-HTH3 Project
Unloading 104 Unused Serialized files (Serialized files now loaded: 0)
Unloading 10493 unused Assets / (9.9 MB). Loaded Objects now: 11461.
Memory consumption went from 0.54 GB to 0.53 GB.
Total: 46.216400 ms (FindLiveObjects: 1.383000 ms CreateObjectMapping: 0.969600 ms MarkObjects: 36.284900 ms  DeleteObjects: 6.909800 ms)

Opening scene 'Assets/TherapyGame/Scenes/TherapyRoom.unity'
Unloading 17 Unused Serialized files (Serialized files now loaded: 0)
LightingSettings: switching bake backend from 2 to 1.
Loaded scene 'Assets/TherapyGame/Scenes/TherapyRoom.unity'
	Deserialize:            193.584 ms
	Integration:            798.127 ms
	Integration of assets:  8.208 ms
	Thread Wait Time:       0.008 ms
	Total Operation Time:   999.926 ms
Unloading 12 unused Assets / (0.6 MB). Loaded Objects now: 16563.
Memory consumption went from 0.60 GB to 0.60 GB.
Total: 40.379800 ms (FindLiveObjects: 1.724800 ms CreateObjectMapping: 0.421000 ms MarkObjects: 37.293600 ms  DeleteObjects: 0.176500 ms)

Worker ready: AssetImportWorkerHW0 0
Importing 'GUID: 0000000000000000b000000000000000 - Path: ProjectSettings/EditorBuildSettings.asset' with importer (LibraryAssetImporter)
Imported 'GUID: 0000000000000000b000000000000000' -> (Import Result ID: 'd4827db114a63d7288b8bcf417abcc6f') in 0.004 seconds [static dependencies only]. Details - ImportResultOutputID=0a89a5c5f492143e0fa186859e17ba6f DependenciesID=3da8392e8948ba3d7eaac11a5f2bcdd2 StaticDependenciesID=3d814ff576369d7c8d39e3bc863bad94 
Refreshing native plugins compatible for Editor in 8.37 ms, found 5 plugins.
Asset Pipeline Refresh (id=6d6a5f85635842549824666dac40552d): Total: 0.221 seconds - Initiated by StopAssetImportingV2(NoUpdateAssetOptions)
Importing 'GUID: 3ee0018eb0b1ccb47bea81d2cc308aeb - Path: Assets/TherapyGame/Scenes/TherapyRoom.unity' with importer (DefaultImporter)
Imported 'GUID: 3ee0018eb0b1ccb47bea81d2cc308aeb' -> (Import Result ID: 'e6f14a4cc61f614769a8f8e968a01286') in 0.002 seconds [static dependencies only]. Details - ImportResultOutputID=055ac46a18b623535cced26f714f7ffa DependenciesID=8d819474066bf28d398b897bbf0931ad StaticDependenciesID=3a32cc787530682bb9a8fa1d42f5e175 
Refreshing native plugins compatible for Editor in 9.14 ms, found 5 plugins.
Asset Pipeline Refresh (id=4a364f8a4225f744faaa857d594974a0): Total: 0.052 seconds - Initiated by StopAssetImportingV2(NoUpdateAssetOptions)
PLAYER_PHOTO_CAMERA_INSTALLED: Assets/TherapyGame/Documentation/PhotoCameraCheck.txt
UnityEngine.Debug:ExtractStackTraceNoAlloc (byte*,int,string)
UnityEngine.StackTraceUtility:ExtractStackTrace ()
UnityEngine.DebugLogHandler:Internal_Log (UnityEngine.LogType,UnityEngine.LogOption,string,UnityEngine.Object)
UnityEngine.DebugLogHandler:LogFormat (UnityEngine.LogType,UnityEngine.Object,string,object[])
UnityEngine.Logger:Log (UnityEngine.LogType,object)
UnityEngine.Debug:Log (object)
TherapyGame.Editor.TherapyPhotoCameraSetup:Install () (at Assets/TherapyGame/Editor/TherapyPhotoCameraSetup.cs:59)
TherapyGame.Editor.TherapyPhotoCameraSetup:InstallBatch () (at Assets/TherapyGame/Editor/TherapyPhotoCameraSetup.cs:21)

(Filename: Assets/TherapyGame/Editor/TherapyPhotoCameraSetup.cs Line: 59)

MonoPathRemapper: Attempts to remap: 23816; Successful remaps: 92
Serialized file version minimum: 22, current 23
[Physics::Module] Cleanup current backend.
[Physics::Module] Id: 0xf2b8ea05
Input System module state changed to: ShutdownInProgress.
Input Polling Thread exited.
Input System module state changed to: Shutdown.
[Licensing::IpcConnector] LicenseClient-obscu-notifications channel disconnected successfully.
[Licensing::IpcConnector] LicenseClient-obscu channel disconnected successfully.
Lingering sessions upon destruction of worker manager
Unity Data Store service was successfully shut down
UDS shutting down local client system
AcceleratorClientConnectionCallback - disconnected - :0
Cleanup mono
CodeReloadManager destroyed
VBCSCompilerPreWarmer: requested VBCSCompiler shutdown
Checking for leaked weakptr:
  Found no leaked weakptrs.
[Package Manager] Server process was shutdown
##utp:{"type":"MemoryLeaks","version":2,"phase":"Immediate","time":1790754879514,"processId":19604,"allocatedMemory":20305007,"memoryLabels":[{"Default":210578},{"Permanent":15516},{"NewDelete":70943},{"Thread":4198024},{"Manager":37693},{"VertexData":8},{"Geometry":816},{"Texture":24},{"Shader":848602},{"Material":68},{"GfxDevice":55968},{"Animation":952},{"FreeType":8},{"FontEngine":736},{"Physics":1970},{"Physics2D":16},{"Serialization":22816},{"Input":42840},{"JobScheduler":256},{"TextLib":336},{"Mono":48},{"MonoCode":320},{"ScriptingNativeRuntime":1314896},{"BaseObject":48784},{"Resource":1252},{"Renderer":2376},{"Transform":4685},{"File":16296},{"WebCam":616},{"Culling":32},{"Terrain":11442},{"Wind":24},{"STL":40},{"String":454260},{"StaticString":3808},{"Utility":2674806},{"Curl":2478},{"PoolAlloc":2840},{"AI":80},{"TypeTree":14973},{"ScriptManager":12656},{"CodeReload":448},{"RuntimeInitializeOnLoadManager":64},{"Sprites":102},{"SpriteAtlas":120},{"GI":7816},{"Director":8296},{"CloudService":7296},{"WebRequest":4619},{"VR":49650},{"SceneManager":608},{"Video":64},{"LazyScriptCache":32},{"Camera":729},{"Secure":2377},{"SerializationCache":9256},{"APIUpdating":10320},{"Subsystems":336},{"VirtualTexturing":57888},{"StaticSafetyDebugInfo":278528},{"Analytics":768},{"Hierarchy":1188},{"UIElements":40},{"CoreStats":14456},{"Identifiers":7152},{"Gui":128},{"EditorUtility":160759},{"VersionControl":8},{"Undo":931},{"AssetDatabase":9541442},{"AssetImporter":40},{"EditorGi":328},{"UnityConnect":40441},{"Upm":1912},{"UpmDiagnostics":8},{"AssetCompliance":96},{"DrivenProperties":72},{"LocalIPC":260},{"ProfilerEditor":9746},{"CoreBusinessMetrics":3620},{"Windowing":456},{"Licensing":12757},{"AssetReference":32},{"IPCStream":32}]}
