VBCSCompilerPreWarmer: watching VBCSCompiler (PID 28164)
VBCSCompilerPreWarmer: pre-warm launched (dotnet PID 25336)
VBCSCompiler prewarm took 75.52 ms
[Licensing::Module] Trying to connect to existing licensing client channel...
Built from '6000.6/staging' branch; Version is '6000.6.3f1 (45d8eee7de74) revision 4577518'; Using compiler version '194234433'; Build Type 'Release'
[Licensing::IpcConnector] Successfully connected to: "LicenseClient-obscu" at "2026-10-01T05:57:07.0248655Z"
OS: 'Windows 11  (10.0.26200) Professional' Language: 'en' Physical Memory: 15182 MB
BatchMode: 1, IsHumanControllingUs: 0, StartBugReporterOnCrash: 0, Is64bit: 1
System  architecture: x64
Process architecture: x64
Date: 2026-10-01T05:57:07Z
[Licensing::Client] Code 10 while verifying Licensing Client signature (process Id: 13088, path: "D:/Unity/Unity Hub/UnityLicensingClient_V1/Unity.Licensing.Client.exe")
[Licensing::Module] LicensingClient has failed validation; ignoring
[Licensing::Client] Handshaking with LicensingClient:
  Version:                 1.18.3+d7ffd15
  Session Id:              6ac4605d3ee74dd68999f8bb3874be8d
  Correlation Id:          9e0b16346ac2c644471135d41f0f4599
  External correlation Id: 1838335993625587280
  Machine Id:              TExqC4bzIoEipys504spRup1M8I=
[Licensing::Module] Successfully connected to LicensingClient on channel: "LicenseClient-obscu" (connect: 0.00s, validation: 0.00s, handshake: 0.15s)
[Licensing::IpcConnector] Successfully connected to: "LicenseClient-obscu-notifications" at "2026-10-01T05:57:07.1743187Z"
[Licensing::Module] Error: Access token is unavailable; failed to update
[Licensing::Client] Successfully resolved entitlement details
[Licensing::Module] License group:
  Id: 2476054553666-UnityPersXXXX
  Product: Unity Personal
  Type: Assigned
  Expiration: Unlimited
[Licensing::Client] Successfully updated license, isAsync: True, time: 0.00
[Licensing::Client] Successfully resolved entitlement details
[Licensing::Module] Licensing Background thread has ended after 0.17s

COMMAND LINE ARGUMENTS:
D:\Unity\6000.6.3f1\Editor\Unity.exe
-batchmode
-projectPath
D:\Unity\HTH3 Project
-executeMethod
TherapyGame.Editor.SeasonalDetailsSetup.PreviewBatch
-logFile
D:\Hack the Hill\Deliverables\SeasonalDetails\Checks\Unity-Preview-Final.log
Successfully changed project path to: D:\Unity\HTH3 Project
D:/Unity/HTH3 Project
[UnityMemory] Configuration Parameters - Can be set up in boot.config
    "memorysetup-temp-allocator-size-gi-baking-worker=262144"
    "memorysetup-temp-allocator-size-gi-baking-worker=262144"
    "memorysetup-temp-allocator-size-gi-baking-worker=262144"
    "memorysetup-temp-allocator-size-gi-baking-worker=262144"
    "memorysetup-temp-allocator-size-gi-baking-worker=262144"
    "memorysetup-temp-allocator-size-nav-mesh-worker=65536"
    "memorysetup-temp-allocator-size-audio-worker=65536"
    "memorysetup-temp-allocator-size-cloud-worker=32768"
    "memorysetup-temp-allocator-size-gfx=262144"
    "memorysetup-remapper-allocator-initial-capacity=32768"
    "memorysetup-temp-allocator-size-preload-manager=33554432"
    "memorysetup-allocator-temp-initial-block-size-main=262144"
    "memorysetup-allocator-temp-initial-block-size-worker=262144"
    "memorysetup-temp-allocator-size-job-worker=262144"
    "memorysetup-temp-allocator-size-background-worker=32768"
    "memorysetup-bucket-allocator-granularity=16"
    "memorysetup-bucket-allocator-bucket-count=8"
    "memorysetup-bucket-allocator-block-size=33554432"
    "memorysetup-bucket-allocator-block-count=8"
    "memorysetup-main-allocator-block-size=16777216"
    "memorysetup-thread-allocator-block-size=16777216"
    "memorysetup-main-allocator-mimalloc-enabled=1"
    "memorysetup-gfx-main-allocator-block-size=16777216"
    "memorysetup-gfx-thread-allocator-block-size=16777216"
    "memorysetup-cache-allocator-block-size=4194304"
    "memorysetup-typetree-allocator-block-size=2097152"
    "memorysetup-profiler-bucket-allocator-granularity=16"
    "memorysetup-profiler-bucket-allocator-bucket-count=8"
    "memorysetup-profiler-bucket-allocator-block-size=33554432"
    "memorysetup-profiler-bucket-allocator-block-count=8"
    "memorysetup-profiler-allocator-block-size=16777216"
    "memorysetup-profiler-editor-allocator-block-size=1048576"
    "memorysetup-temp-allocator-size-main=16777216"
    "memorysetup-job-temp-allocator-block-size=2097152"
    "memorysetup-job-temp-allocator-block-size-background=1048576"
    "memorysetup-job-temp-allocator-reduction-small-platforms=262144"
Logging is directed to a specific file, skipping project log.
Player connection [28048]  Target information:

Player connection [28048]  * "[IP] 10.0.0.49 [Port] 55504 [Flags] 2 [Guid] 1431187881 [EditorId] 1431187881 [Version] 1048832 [Id] WindowsEditor(7,LAPTOP-IUN5378O) [Debug] 1 [PackageName] WindowsEditor [ProjectName] Editor" 

Player connection [28048] Host joined multi-casting on [225.0.0.222:54997]...
Player connection [28048] Host joined alternative multi-casting on [225.0.0.222:34997]...
Input System module state changed to: Initialized.
[Physics::Module] Initialized fallback backend.
[Physics::Module] Id: 0xdecafbad
[Package Manager] Connected to IPC stream "Upm-28044" after 0.7 seconds.
[Licensing::Client] Successfully resolved entitlement details
Library Redirect Path: Library/
Launching Unity Data Store - D:/Unity/6000.6.3f1/Editor/Data/Tools/Unity.DataStore.exe 
Unity Data Store artifact dir = Library/DataStore, working dir = D:/Unity/HTH3 ProjectActive build profile path: `Assets/Settings/Build Profiles/Windows.asset`
Unity Data Store running and initialised
Got setting from build profile YAML, name `m_BuildTarget`, value `19`
Got setting from build profile YAML, name `m_Subtarget`, value `2`
Refreshing native plugins compatible for Editor in 4.71 ms, found 0 plugins.
[Physics::Module] Selected backend (deferred post-plugins).
[Physics::Module] Name: PhysX
[Physics::Module] Id: 0xf2b8ea05
[Physics::Module] SDK Version: 4.1.2
[Physics::Module] Integration Version: 1.0.0
[Physics::Module] Threading Mode: Multi-Threaded
Initialize engine version: 6000.6.3f1 (45d8eee7de74)
[EntityIdStore] init: VM path (explicit commit), pageSize=4096, blockCount=1048576, entitiesPerBlock=256, slots reserved=4294967296 bytes
[Subsystems] Discovering subsystems at path D:/Unity/6000.6.3f1/Editor/Data/Resources/UnitySubsystems
[Subsystems] Discovering subsystems at path D:/Unity/HTH3 Project/Assets
GfxDevice: creating device client; kGfxThreadingModeNonThreaded
Direct3D:
    Version:  Direct3D 11.0 [level 11.1]
    Renderer: AMD Radeon(TM) Graphics (ID=0x1638)
    Vendor:   ATI
    VRAM:     7591 MB
    Driver:   31.0.21924.4004
Initialize mono
Mono path[0] = 'D:/Unity/6000.6.3f1/Editor/Data/Managed'
Mono path[1] = 'D:/Unity/6000.6.3f1/Editor/Data/BCLExtensions/runtime/netstandard2.1'
Mono path[2] = 'D:/Unity/6000.6.3f1/Editor/Data/MonoBleedingEdge/lib/mono/unityjit-win32'
Mono config path = 'D:/Unity/6000.6.3f1/Editor/Data/MonoBleedingEdge/etc'
Using monoOptions --debugger-agent=transport=dt_socket,embedding=1,server=y,suspend=n,address=127.0.0.1:56044
CodeReloadManager initialized
ImportWorker Server TCP listen port: 0
AcceleratorClientConnectionCallback - disconnected - :0
Begin MonoManager ReloadAssembly
Registering precompiled unity dll's ...
Register platform support module: D:/Unity/6000.6.3f1/Editor/Data/PlaybackEngines/WindowsStandaloneSupport/UnityEditor.WindowsStandalone.Extensions.dll
Registered in 0.003600 seconds.
Native extension for WindowsStandalone target not found
Package Manager log level set to [2]
ScheduleIndexationOnStartup MainProcess:False IndexOnStartup:True
Scripting: successfully reloaded assembly
- Finished resetting the current domain, in  1.854 seconds
Domain Reload Profiling: 3373ms
	BeginReloadAssembly (413ms)
		CreateAndSetChildDomain (21ms)
	RebuildCommonClasses (12ms)
	RebuildNativeTypeToScriptingClass (45ms)
	initialDomainReloadingComplete (194ms)
	LoadAllAssembliesAndSetupDomain (852ms)
		LoadAssemblies (391ms)
		TypeCache.Refresh (557ms)
			TypeCache.ScanAssembly (520ms)
		AnalyzeDomain (1ms)
	FinalizeReload (1857ms)
		SetupLoadedEditorAssemblies (0ms)
			LogAssemblyErrors (5ms)
			InitializePlatformSupportModulesInManaged (7ms)
			BeforeProcessingInitializeOnLoad (290ms)
			ProcessInitializeOnLoadAttributes (319ms)
			ProcessInitializeOnLoadMethodAttributes (630ms)
[Licensing::Client] Successfully resolved entitlement details
Application.AssetDatabase Initial Refresh Start
[Package Manager] Restoring resolved packages state from cache
[Licensing::Client] Successfully resolved entitlement details
[Package Manager] Registered 66 packages:
  Packages from [https://packages.unity.com]:
    com.unity.ai.assistant@2.20.0-pre.1 (location: D:\Unity\HTH3 Project\Library\PackageCache\com.unity.ai.assistant@ceb45b7b3ebd)
    com.unity.ai.inference@2.6.1 (location: D:\Unity\HTH3 Project\Library\PackageCache\com.unity.ai.inference@9a123aee5df7)
    com.unity.ai.navigation@2.0.14 (location: D:\Unity\HTH3 Project\Library\PackageCache\com.unity.ai.navigation@134dd6a3b97b)
    com.unity.collab-proxy@2.13.6 (location: D:\Unity\HTH3 Project\Library\PackageCache\com.unity.collab-proxy@4628d2ba6ea4)
    com.unity.ide.rider@3.0.38 (location: D:\Unity\HTH3 Project\Library\PackageCache\com.unity.ide.rider@1f60b3138684)
    com.unity.ide.visualstudio@2.0.26 (location: D:\Unity\HTH3 Project\Library\PackageCache\com.unity.ide.visualstudio@a99d56dec63f)
    com.unity.inputsystem@1.20.0 (location: D:\Unity\HTH3 Project\Library\PackageCache\com.unity.inputsystem@7a4e1a2a8194)
    com.unity.visualscripting@1.9.12 (location: D:\Unity\HTH3 Project\Library\PackageCache\com.unity.visualscripting@4edfcc09512f)
    com.unity.nuget.newtonsoft-json@3.2.2 (location: D:\Unity\HTH3 Project\Library\PackageCache\com.unity.nuget.newtonsoft-json@4dfd81071c64)
    com.unity.dt.app-ui@2.1.11 (location: D:\Unity\HTH3 Project\Library\PackageCache\com.unity.dt.app-ui@cd5609b130ce)
    com.unity.nuget.mono-cecil@1.11.6 (location: D:\Unity\HTH3 Project\Library\PackageCache\com.unity.nuget.mono-cecil@ecb9724e46ff)
    com.unity.searcher@4.9.5 (location: D:\Unity\HTH3 Project\Library\PackageCache\com.unity.searcher@a463122f2c00)
    com.unity.profiling.core@1.0.3 (location: D:\Unity\HTH3 Project\Library\PackageCache\com.unity.profiling.core@8a49f7027d06)
  Built-in packages:
    com.unity.render-pipelines.universal@17.6.0 (location: D:\Unity\HTH3 Project\Library\PackageCache\com.unity.render-pipelines.universal@327d93d1cbc8)
    com.unity.test-framework@1.8.0 (location: D:\Unity\HTH3 Project\Library\PackageCache\com.unity.test-framework@80f691d4262b)
    com.unity.timeline@6.6.0 (location: D:\Unity\HTH3 Project\Library\PackageCache\com.unity.timeline@c56d56b0070b)
    com.unity.ugui@2.6.0 (location: D:\Unity\HTH3 Project\Library\PackageCache\com.unity.ugui@0727b404f3a0)
    com.unity.modules.accessibility@1.0.0 (location: D:\Unity\HTH3 Project\Library\PackageCache\com.unity.modules.accessibility)
    com.unity.modules.adaptiveperformance@1.0.0 (location: D:\Unity\HTH3 Project\Library\PackageCache\com.unity.modules.adaptiveperformance)
    com.unity.modules.ai@1.0.0 (location: D:\Unity\HTH3 Project\Library\PackageCache\com.unity.modules.ai)
    com.unity.modules.androidjni@1.0.0 (location: D:\Unity\HTH3 Project\Library\PackageCache\com.unity.modules.androidjni)
    com.unity.modules.animation@1.0.0 (location: D:\Unity\HTH3 Project\Library\PackageCache\com.unity.modules.animation)
    com.unity.modules.assetbundle@1.0.0 (location: D:\Unity\HTH3 Project\Library\PackageCache\com.unity.modules.assetbundle)
    com.unity.modules.audio@1.0.0 (location: D:\Unity\HTH3 Project\Library\PackageCache\com.unity.modules.audio)
    com.unity.modules.cloth@1.0.0 (location: D:\Unity\HTH3 Project\Library\PackageCache\com.unity.modules.cloth)
    com.unity.modules.director@1.0.0 (location: D:\Unity\HTH3 Project\Library\PackageCache\com.unity.modules.director)
    com.unity.modules.imageconversion@1.0.0 (location: D:\Unity\HTH3 Project\Library\PackageCache\com.unity.modules.imageconversion)
    com.unity.modules.imgui@1.0.0 (location: D:\Unity\HTH3 Project\Library\PackageCache\com.unity.modules.imgui)
    com.unity.modules.jsonserialize@1.0.0 (location: D:\Unity\HTH3 Project\Library\PackageCache\com.unity.modules.jsonserialize)
    com.unity.modules.particlesystem@1.0.0 (location: D:\Unity\HTH3 Project\Library\PackageCache\com.unity.modules.particlesystem)
    com.unity.modules.physics@1.0.0 (location: D:\Unity\HTH3 Project\Library\PackageCache\com.unity.modules.physics)
    com.unity.modules.physics2d@1.0.0 (location: D:\Unity\HTH3 Project\Library\PackageCache\com.unity.modules.physics2d)
    com.unity.modules.physicscore2d@1.0.0 (location: D:\Unity\HTH3 Project\Library\PackageCache\com.unity.modules.physicscore2d)
    com.unity.modules.screencapture@1.0.0 (location: D:\Unity\HTH3 Project\Library\PackageCache\com.unity.modules.screencapture)
    com.unity.modules.terrain@1.0.0 (location: D:\Unity\HTH3 Project\Library\PackageCache\com.unity.modules.terrain)
    com.unity.modules.terrainphysics@1.0.0 (location: D:\Unity\HTH3 Project\Library\PackageCache\com.unity.modules.terrainphysics)
    com.unity.modules.tetgen@1.0.0 (location: D:\Unity\HTH3 Project\Library\PackageCache\com.unity.modules.tetgen)
    com.unity.modules.tilemap@1.0.0 (location: D:\Unity\HTH3 Project\Library\PackageCache\com.unity.modules.tilemap)
    com.unity.modules.timelinefoundation@1.0.0 (location: D:\Unity\HTH3 Project\Library\PackageCache\com.unity.modules.timelinefoundation)
    com.unity.modules.ui@1.0.0 (location: D:\Unity\HTH3 Project\Library\PackageCache\com.unity.modules.ui)
    com.unity.modules.uielements@1.0.0 (location: D:\Unity\HTH3 Project\Library\PackageCache\com.unity.modules.uielements)
    com.unity.modules.umbra@1.0.0 (location: D:\Unity\HTH3 Project\Library\PackageCache\com.unity.modules.umbra)
    com.unity.modules.unityanalytics@1.0.0 (location: D:\Unity\HTH3 Project\Library\PackageCache\com.unity.modules.unityanalytics)
    com.unity.modules.unitywebrequest@1.0.0 (location: D:\Unity\HTH3 Project\Library\PackageCache\com.unity.modules.unitywebrequest)
    com.unity.modules.unitywebrequestassetbundle@1.0.0 (location: D:\Unity\HTH3 Project\Library\PackageCache\com.unity.modules.unitywebrequestassetbundle)
    com.unity.modules.unitywebrequestaudio@1.0.0 (location: D:\Unity\HTH3 Project\Library\PackageCache\com.unity.modules.unitywebrequestaudio)
    com.unity.modules.unitywebrequesttexture@1.0.0 (location: D:\Unity\HTH3 Project\Library\PackageCache\com.unity.modules.unitywebrequesttexture)
    com.unity.modules.unitywebrequestwww@1.0.0 (location: D:\Unity\HTH3 Project\Library\PackageCache\com.unity.modules.unitywebrequestwww)
    com.unity.modules.vectorgraphics@1.0.0 (location: D:\Unity\HTH3 Project\Library\PackageCache\com.unity.modules.vectorgraphics)
    com.unity.modules.vehicles@1.0.0 (location: D:\Unity\HTH3 Project\Library\PackageCache\com.unity.modules.vehicles)
    com.unity.modules.video@1.0.0 (location: D:\Unity\HTH3 Project\Library\PackageCache\com.unity.modules.video)
    com.unity.modules.wind@1.0.0 (location: D:\Unity\HTH3 Project\Library\PackageCache\com.unity.modules.wind)
    com.unity.modules.xr@1.0.0 (location: D:\Unity\HTH3 Project\Library\PackageCache\com.unity.modules.xr)
    com.unity.modules.subsystems@1.0.0 (location: D:\Unity\HTH3 Project\Library\PackageCache\com.unity.modules.subsystems)
    com.unity.modules.hierarchycore@1.0.0 (location: D:\Unity\HTH3 Project\Library\PackageCache\com.unity.modules.hierarchycore)
    com.unity.ext.nunit@2.1.0 (location: D:\Unity\HTH3 Project\Library\PackageCache\com.unity.ext.nunit@0198eae3b53e)
    com.unity.render-pipelines.core@17.6.0 (location: D:\Unity\HTH3 Project\Library\PackageCache\com.unity.render-pipelines.core@02d75770e4b3)
    com.unity.shadergraph@17.6.0 (location: D:\Unity\HTH3 Project\Library\PackageCache\com.unity.shadergraph@1dd0fd24b57e)
    com.unity.render-pipelines.universal-config@17.6.0 (location: D:\Unity\HTH3 Project\Library\PackageCache\com.unity.render-pipelines.universal-config@561422b74439)
    com.unity.burst@2.0.0 (location: D:\Unity\HTH3 Project\Library\PackageCache\com.unity.burst@626e66ab421b)
    com.unity.collections@6.6.0 (location: D:\Unity\HTH3 Project\Library\PackageCache\com.unity.collections@10fff0607388)
    com.unity.2d.sprite@1.0.0 (location: D:\Unity\HTH3 Project\Library\PackageCache\com.unity.2d.sprite@26bcb5e737a2)
    com.unity.mathematics@1.4.0 (location: D:\Unity\HTH3 Project\Library\PackageCache\com.unity.mathematics@8306a64d0cd6)
    com.unity.graph-authoring@1.0.0 (location: D:\Unity\HTH3 Project\Library\PackageCache\com.unity.graph-authoring@cfd2588851ee)
    com.unity.test-framework.performance@6.6.0 (location: D:\Unity\HTH3 Project\Library\PackageCache\com.unity.test-framework.performance@b6023decb532)
  Embedded packages:
    io.elevenlabs.agents@file:D:\Unity\HTH3 Project\Packages\io.elevenlabs.agents (location: D:\Unity\HTH3 Project\Packages\io.elevenlabs.agents)
[Subsystems] No new subsystems found in resolved package list.
[Package Manager] Done registering packages in 0.06 seconds
Assets/StreamingAssets/TherapyGame/PresageBridge/node_modules/@smartspectra/node-sdk is a symbolic link. Using symlinks in Unity projects may cause your project to become corrupted if you create multiple references to the same asset, use recursive symlinks or use symlinks to share assets between projects used with different versions of Unity. Make sure you know what you are doing.
Disabling directory monitoring for current editor session. Found symlinks in project which cannot be used with directory monitoring. Directory monitoring settings can be changed in preferences.
AcceleratorClientConnectionCallback - disconnected - :0
[ScriptCompilation] Requested script compilation because: AssetDatabase observed changes in script compilation related files
Refreshing native plugins compatible for Editor in 10.43 ms, found 5 plugins.
Starting: D:\Unity\6000.6.3f1\Editor\Data\Tools\BuildPipeline\bee_backend.exe --ipc --defer-dag-verification --dagfile="Library/Bee/1900b0aE.dag" --continue-on-failure --profile="Library/Bee/backend1.traceevents" ScriptAssemblies
WorkingDir: D:/Unity/HTH3 Project
DisplayProgressbar: Compiling Scripts
ExitCode: 0 Duration: 7s981ms
[1257/1666  0s] ILPP-Configuration Library/ilpp-configuration.nevergeneratedoutput
[1654/1666  3s] Csc Library/Bee/artifacts/1900b0aE.dag/TherapyGame.Editor.dll (+2 others)
Assets\TherapyGame\Editor\TherapyRealismUpgrade.cs(104,84): warning CS0618: 'LightingSettings.Lightmapper.ProgressiveCPU' is obsolete: 'Lightmapper.ProgressiveCPU is deprecated, use Lightmapper.UnityComputeGPU instead.'
[1655/1666  1s] Csc Library/Bee/artifacts/1900b0aE.dag/Assembly-CSharp.dll (+2 others)
[1656/1666  0s] Csc Library/Bee/artifacts/1900b0aE.dag/Assembly-CSharp-Editor.dll (+2 others)
[1657/1666  0s] ILPostProcess Library/Bee/artifacts/1900b0aE.dag/post-processed/Assembly-CSharp-Editor.dll (+pdb)
Processing assembly Library/Bee/artifacts/1900b0aE.dag/Assembly-CSharp-Editor.dll, with 149 defines and 407 references

processors: Unity.Jobs.CodeGen.JobsILPostProcessor, zzzUnity.Burst.CodeGen.BurstILPostProcessor

1 processor(s) skipped this assembly

running Unity.Jobs.CodeGen.JobsILPostProcessor
[1658/1666  0s] ILPostProcess Library/Bee/artifacts/1900b0aE.dag/post-processed/Assembly-CSharp.dll (+pdb)
Processing assembly Library/Bee/artifacts/1900b0aE.dag/Assembly-CSharp.dll, with 151 defines and 384 references

processors: Unity.Jobs.CodeGen.JobsILPostProcessor, zzzUnity.Burst.CodeGen.BurstILPostProcessor

1 processor(s) skipped this assembly

running Unity.Jobs.CodeGen.JobsILPostProcessor
[1659/1666  0s] CopyFiles Library/ScriptAssemblies/Assembly-CSharp-Editor.dll
[1660/1666  0s] CopyFiles Library/ScriptAssemblies/Assembly-CSharp-Editor.pdb
[1661/1666  0s] ILPostProcess Library/Bee/artifacts/1900b0aE.dag/post-processed/TherapyGame.Editor.dll (+pdb)
Processing assembly Library/Bee/artifacts/1900b0aE.dag/TherapyGame.Editor.dll, with 149 defines and 322 references

processors: Unity.Jobs.CodeGen.JobsILPostProcessor, zzzUnity.Burst.CodeGen.BurstILPostProcessor

1 processor(s) skipped this assembly

running Unity.Jobs.CodeGen.JobsILPostProcessor
[1662/1666  0s] CopyFiles Library/ScriptAssemblies/Assembly-CSharp.dll
[1663/1666  0s] CopyFiles Library/ScriptAssemblies/Assembly-CSharp.pdb
[1664/1666  0s] CopyFiles Library/ScriptAssemblies/TherapyGame.Editor.pdb
[1665/1666  0s] CopyFiles Library/ScriptAssemblies/TherapyGame.Editor.dll
*** Tundra build success (7.84 seconds), 13 items updated, 1666 evaluated
Assets\TherapyGame\Editor\TherapyRealismUpgrade.cs(104,84): warning CS0618: 'LightingSettings.Lightmapper.ProgressiveCPU' is obsolete: 'Lightmapper.ProgressiveCPU is deprecated, use Lightmapper.UnityComputeGPU instead.'
Total cache size 268296782
Total cache size after purge 268296782, took 00:00:01.7588054
AssetDatabase: script compilation time: 11.200785s
Begin MonoManager ReloadAssembly
'Packages/com.unity.render-pipelines.core/Editor/Deprecated.cs' contains partial class of Unity.Object, exactly 1 of the partial classes needs to be in a file with the same filename. This is to know the one that can be referenced from ie. GameObjects
'Packages/com.unity.render-pipelines.core/Editor/Deprecated.cs' contains partial class of Unity.Object, exactly 1 of the partial classes needs to be in a file with the same filename. This is to know the one that can be referenced from ie. GameObjects
Refreshing native plugins compatible for Editor in 10.47 ms, found 5 plugins.
Native extension for WindowsStandalone target not found
Refreshing native plugins compatible for Editor in 10.10 ms, found 5 plugins.
[Licensing::Client] Error: Code 404 while processing request (status: Found 0 entitlement groups and 0 free entitlements matching requested entitlement ids)
[Licensing::Client] Error: Code 404 while processing request (status: Found 0 entitlement groups and 0 free entitlements matching requested entitlement ids)
[Licensing::Client] Error: Code 404 while processing request (status: Found 0 entitlement groups and 0 free entitlements matching requested entitlement ids)
ScheduleIndexationOnStartup MainProcess:True IndexOnStartup:True
Scripting: successfully reloaded assembly
- Finished resetting the current domain, in  5.217 seconds
Domain Reload Profiling: 8871ms
	BeginReloadAssembly (683ms)
		DisableScriptedObjects (62ms)
		CreateAndSetChildDomain (102ms)
	RebuildCommonClasses (23ms)
	RebuildNativeTypeToScriptingClass (46ms)
	initialDomainReloadingComplete (309ms)
	LoadAllAssembliesAndSetupDomain (2590ms)
		LoadAssemblies (1268ms)
		TypeCache.Refresh (974ms)
			TypeCache.ScanAssembly (920ms)
		AnalyzeDomain (255ms)
			BuildScriptInfoCaches (229ms)
			ResolveRequiredComponents (23ms)
	FinalizeReload (5219ms)
		SetupLoadedEditorAssemblies (0ms)
			LogAssemblyErrors (5ms)
			InitializePlatformSupportModulesInManaged (3ms)
			BeforeProcessingInitializeOnLoad (448ms)
			ProcessInitializeOnLoadAttributes (2895ms)
			ProcessInitializeOnLoadMethodAttributes (784ms)
			AfterProcessingInitializeOnLoad (8ms)
			EditorAssembliesLoaded (4ms)
		AwakeInstancesAfterBackupRestoration (64ms)
Starting new worker id: 0 with log in D:/Unity/HTH3 Project/Logs/AssetImportWorkerHW0.log
Refreshing native plugins compatible for Editor in 14.38 ms, found 5 plugins.

Asset Pipeline Refresh (id=5fbe45f605e42184eb0dd76600159997): Total: 24.574 seconds - Initiated by InitialRefreshV2(ForceSynchronousImport)
	(Values over 0.05ms)
	Summary:
		Imports: total=0 (actual=0, local cache=0, cache server=0)
		Asset DB Process Time: managed=0 ms, native=7670 ms
		Asset DB Callback time: managed=1406 ms, native=95 ms
		Scripting: domain reloads=1, domain reload time=3928 ms, compile time=11206 ms, other=266 ms
		Project Asset Count: scripts=2315, non-scripts=6437
		Asset File Changes: new=0, changed=1, moved=0, deleted=0
		Scan Filter Count: 0
	InvokePackagesCallback: 75.235ms
	ApplyChangesToAssetFolders: 2.180ms
	Scan: 1023.532ms
	Collect global state as custom dependencies: 46.248ms
	OnSourceAssetsModified: 1.382ms
	CategorizeScriptCompilationAssets: 172.643ms
	ProcessAssetsWithTransientArtifactChanges: 279.004ms
	CategorizeAssets: 250.727ms
	CompileScripts: 11206.415ms
	ImportOutOfDateAssets: 5310.100ms (5260.033ms without children)
		ReloadNativeAssets: 0.090ms
		UnloadImportedAssets: 1.488ms
		EnsureUptoDateAssetsAreRegisteredWithGuidPM: 2.961ms
		ImportSchedulerStart: 45.521ms
	PostProcessAllAssets: 1413.996ms
		XRBuildSystem.XRAssetImported 3.330ms
		VCAutoAddAssetPostprocess 2.886ms
		PostProcessCallbackCreateDeferredMaterials 0.073ms
		MonoPostProcessAllAssets: 1405.842ms
			AssetPostprocessor.OnPostprocessAllAssets 576.375ms
			AssetReferenceReimportMonitor.OnPostprocessAllAssets 71.711ms
			StyleCatalogPostProcessor.OnPostprocessAllAssets 41.842ms
			UniversalRenderPipelineGlobalSettingsPostprocessor.OnPostprocessAllAssets 39.189ms
			SyncVS.PostprocessSyncProject 29.579ms
			BuilderAssetPostprocessor.OnPostprocessAllAssets 16.618ms
			SpriteSlicePostprocessor.OnPostprocessAllAssets 7.802ms
			SpeedTree9Postprocessor.OnPostprocessAllAssets 5.807ms
			ShaderGraphAssetPostProcessor.OnPostprocessAllAssets 4.949ms
			GraphRefreshPostprocessor.OnPostprocessAllAssets 4.713ms
			AssetChangedListener.OnPostprocessAllAssets 4.304ms
			WindowAssetPostprocessingWatcher.OnPostprocessAllAssets 3.982ms
			RetainedModeAssetPostprocessor.OnPostprocessAllAssets 3.897ms
			EditModeScopePostprocessor.OnPostprocessAllAssets 3.820ms
			AssetChangeDetector.OnPostprocessAllAssets 3.305ms
			MaterialPostprocessor.OnPostprocessAllAssets 2.095ms
			RenderPipelineGlobalSettingsPostprocessor.OnPostprocessAllAssets 2.064ms
			SpriteEditorTexturePostprocessor.OnPostprocessAllAssets 1.526ms
			ShaderReflectionAssetPostProcessor.OnPostprocessAllAssets 1.377ms
			InputActionAssetPostprocessor.OnPostprocessAllAssets 1.157ms
			ArtifactBrowserPostProcessor.OnPostprocessAllAssets 1.129ms
			TextAssetPostProcessor.OnPostprocessAllAssets 1.106ms
			SkillsProjectAssetPostprocessor.OnPostprocessAllAssets 1.039ms
			PostProcessor.OnPostprocessAllAssets 1.024ms
			AssetEvents.OnPostprocessAllAssets 0.981ms
			InputActionJsonNameModifierAssetProcessor.OnPostprocessAllAssets 0.897ms
			UVCSAssetPostprocessor.OnPostprocessAllAssets 0.872ms
			TMPro_TexturePostProcessor.OnPostprocessAllAssets 0.864ms
			AudioMixerPostprocessor.OnPostprocessAllAssets 0.813ms
			TerrainToolbarOverlayPostProcessor.OnPostprocessAllAssets 0.808ms
			ReferencedClipsPostProcessor.OnPostprocessAllAssets 0.791ms
			ModelAssetProcessor.OnPostprocessAllAssets 0.674ms
			ProjectSettingsPostprocessor.OnPostprocessAllAssets 0.600ms
			SpeedTreePostProcessor.OnPostprocessAllAssets 0.537ms
			SamplePostprocessor.OnPostprocessAllAssets 0.515ms
			AssetDatabaseCallbacks.OnPostprocessAllAssets 0.452ms
			ThemePostprocessor.OnPostprocessAllAssets 0.442ms
			ConfigAssetsTracker.OnPostprocessAllAssets 0.433ms
			AssetReloadNotifier.OnPostprocessAllAssets 0.326ms
			ScenarioDriftAssetsTracker.OnPostprocessAllAssets 0.296ms
			AudioContainerPostProcessor.OnPostprocessAllAssets 0.189ms
			TrackSelectedAssetsProcessor.OnPostprocessAllAssets 0.150ms
	PostAssetChangesProfiler: 21.071ms
	UnloadStreamsBegin: 3.103ms
	PersistCurrentRevisions: 0.592ms
	GenerateScriptTypeHashes: 4.341ms
	GenerateScriptTypeSerializationHashes: 8.099ms
	Untracked: 4677.947ms

Application.AssetDatabase Initial Refresh End
Launched and connected shader compiler UnityShaderCompiler.exe after 0.05 seconds
Scanning for USB devices : 5.181ms
Initializing Unity extensions:
[MODES] ModeService[none].Initialize
[MODES] ModeService[none].LoadModes
[MODES] Loading mode Default (0) for mode-current-id-HTH3 Project
Unloading 105 Unused Serialized files (Serialized files now loaded: 0)
Unloading 10506 unused Assets / (30.0 MB). Loaded Objects now: 11471.
Memory consumption went from 0.57 GB to 0.54 GB.
Total: 61.590800 ms (FindLiveObjects: 2.104200 ms CreateObjectMapping: 1.274600 ms MarkObjects: 39.919400 ms  DeleteObjects: 17.358300 ms)

Opening scene 'Assets/TherapyGame/Scenes/TherapyRoom.unity'
Unloading 19 Unused Serialized files (Serialized files now loaded: 0)
LightingSettings: switching bake backend from 2 to 1.
Loaded scene 'Assets/TherapyGame/Scenes/TherapyRoom.unity'
	Deserialize:            249.841 ms
	Integration:            1350.913 ms
	Integration of assets:  20.052 ms
	Thread Wait Time:       0.107 ms
	Total Operation Time:   1620.912 ms
Unloading 12 unused Assets / (0.6 MB). Loaded Objects now: 16631.
Memory consumption went from 0.61 GB to 0.61 GB.
Total: 52.737600 ms (FindLiveObjects: 1.889900 ms CreateObjectMapping: 0.519100 ms MarkObjects: 48.953800 ms  DeleteObjects: 0.210400 ms)

D3D11 device created for Microsoft Media Foundation video decoding.
[Project] Loading completed in 36.011 seconds
	Project init time: 				33.355 seconds
		Template init time: 		0.000 seconds
		Package Manager init time: 		0.684 seconds
		Asset Database init time: 		2.172 seconds
		Global illumination init time: 	0.005 seconds
		Assemblies load time: 			3.491 seconds
		Unity extensions init time: 	0.072 seconds
		Asset Database refresh time: 	24.574 seconds
	Scene opening time: 			2.064 seconds
##utp:{"type":"ProjectInfo","version":2,"phase":"Immediate","time":1790834262936,"processId":28044,"projectLoad":36.0112114,"projectInit":33.3546417,"templateInit":0.0,"packageManagerInit":0.6843887,"assetDatabaseInit":2.1724453,"globalIlluminationInit":0.0051976,"assembliesLoad":3.4908471,"unityExtensionsInit":0.0724863,"assetDatabaseRefresh":24.5744558,"sceneOpening":2.0640582}
##utp:{"type":"EditorInfo","version":2,"phase":"Immediate","time":1790834262936,"processId":28044,"editorVersion":"6000.6.3f1 (45d8eee7de74)","branch":"6000.6/staging","buildType":"Release","platform":"Windows"}
[Licensing::Client] Error: Code 404 while processing request (status: Found 0 entitlement groups and 0 free entitlements matching requested entitlement ids)
[Licensing::Client] Error: Code 404 while processing request (status: Found 0 entitlement groups and 0 free entitlements matching requested entitlement ids)
[Licensing::Client] Successfully resolved entitlement details
[Licensing::Client] Successfully resolved entitlement details
PASS: saved seasonal scenery and runtime tests.
Flowers: 540; ground leaves: 1080; renderers: 8; total triangles: 44748 (only one seasonal set draws at a time).
Spring: Daylight 13.4h  ·  Sunrise 05:19  ·  Sunset 18:41
Summer: Daylight 15.4h  ·  Sunrise 04:17  ·  Sunset 19:43
Fall: Daylight 10.6h  ·  Sunrise 06:41  ·  Sunset 17:19
Winter: Daylight 8.6h  ·  Sunrise 07:43  ·  Sunset 16:17
PASS: nearby falling leaves emit, flutter and descend; 27 alive after 4 simulated seconds, cap 80; no particle collision or trails.
PASS: all four seasonal visibility states; 8-second smooth daylight transition; sunrise/sunset horizon checks; midnight wrap; seasonal night effects; original visibility restored on disable.
UnityEngine.Debug:ExtractStackTraceNoAlloc (byte*,int,string)
UnityEngine.StackTraceUtility:ExtractStackTrace ()
UnityEngine.DebugLogHandler:Internal_Log (UnityEngine.LogType,UnityEngine.LogOption,string,UnityEngine.Object)
UnityEngine.DebugLogHandler:LogFormat (UnityEngine.LogType,UnityEngine.Object,string,object[])
UnityEngine.Logger:Log (UnityEngine.LogType,object)
UnityEngine.Debug:Log (object)
TherapyGame.Editor.SeasonalDetailsSetup:Verify () (at Assets/TherapyGame/Editor/SeasonalDetailsSetup.cs:246)
TherapyGame.Editor.SeasonalDetailsSetup/<PreviewFrames>d__22:MoveNext () (at Assets/TherapyGame/Editor/SeasonalDetailsSetup.cs:250)
TherapyGame.Editor.SeasonalDetailsSetup/<>c__DisplayClass11_0:<PreviewBatch>g__Advance|0 () (at Assets/TherapyGame/Editor/SeasonalDetailsSetup.cs:37)
UnityEditor.EditorApplication:Internal_CallUpdateFunctions ()

(Filename: Assets/TherapyGame/Editor/SeasonalDetailsSetup.cs Line: 246)

Worker ready: AssetImportWorkerHW0 0
Start Indexing on Editor startup
[Indexing] Starting Initial Indexing for Assets
[UnityConnectServicesConfig] config is NOT valid, switching to default
Created GICache directory at C:/Users/obscu/AppData/LocalLow/Unity/Caches/GiCache. Took: 0.121s, timestamps: [36.043 - 36.164]
GPU Resident Drawer created.
[Licensing::Client] Error: Code 404 while processing request (status: Found 0 entitlement groups and 0 free entitlements matching requested entitlement ids)
[Licensing::Client] Error: Code 404 while processing request (status: Found 0 entitlement groups and 0 free entitlements matching requested entitlement ids)
[Licensing::Client] Error: Code 404 while processing request (status: Found 0 entitlement groups and 0 free entitlements matching requested entitlement ids)
MonoPathRemapper: Attempts to remap: 84473; Successful remaps: 37628
Serialized file version minimum: 23, current 23
Importing 'GUID: 00000000000000009000000000000000 - Path: ProjectSettings/QualitySettings.asset' with importer (LibraryAssetImporter)
Imported 'GUID: 00000000000000009000000000000000' -> (Import Result ID: '8151b601d05d3e12de314c2aa1f82962') in 0.018 seconds [static dependencies only]. Details - ImportResultOutputID=2a108b3da874f726c62fbe5f12be4a8a DependenciesID=6180c49ef29638684367d2893c04e070 StaticDependenciesID=5b19720d9149525484b40148944c8e26 
Importing 'GUID: 0000000000000000b000000000000000 - Path: ProjectSettings/EditorBuildSettings.asset' with importer (LibraryAssetImporter)
Imported 'GUID: 0000000000000000b000000000000000' -> (Import Result ID: 'd4827db114a63d7288b8bcf417abcc6f') in 0.011 seconds [static dependencies only]. Details - ImportResultOutputID=0a89a5c5f492143e0fa186859e17ba6f DependenciesID=3da8392e8948ba3d7eaac11a5f2bcdd2 StaticDependenciesID=3d814ff576369d7c8d39e3bc863bad94 
Refreshing native plugins compatible for Editor in 10.64 ms, found 5 plugins.

Asset Pipeline Refresh (id=055e25b9355249c4aae9a357d7051612): Total: 0.336 seconds - Initiated by StopAssetImportingV2(NoUpdateAssetOptions)
	(Values over 0.05ms)
	Summary:
		Imports: total=2 (actual=2, local cache=0, cache server=0)
		Asset DB Process Time: managed=4 ms, native=292 ms
		Asset DB Callback time: managed=11 ms, native=27 ms
		Scripting: domain reloads=0, domain reload time=0 ms, compile time=0 ms, other=0 ms
		Project Asset Count: scripts=2315, non-scripts=6437
		Asset File Changes: new=0, changed=0, moved=0, deleted=0
		Scan Filter Count: 2
	ApplyChangesToAssetFolders: 0.214ms
	Scan: 45.746ms
	Collect global state as custom dependencies: 1.036ms
	ProcessAssetsWithTransientArtifactChanges: 0.155ms
	CategorizeAssets: 175.107ms
	ImportOutOfDateAssets: 54.218ms (0.601ms without children)
		ImportManagerImport: 48.791ms (8.454ms without children)
			UpdateCategorizedAssets: 0.089ms
		ReloadNativeAssets: 1.045ms
		UnloadImportedAssets: 0.501ms
		EnsureUptoDateAssetsAreRegisteredWithGuidPM: 2.650ms
		ImportSchedulerStart: 0.628ms
	PostProcessAllAssets: 27.271ms
		XRBuildSystem.XRAssetImported 15.031ms
		MonoPostProcessAllAssets: 11.955ms
			AssetPostprocessor.OnPostprocessAllAssets 6.354ms
			SyncVS.PostprocessSyncProject 3.099ms
			AssetChangedListener.OnPostprocessAllAssets 0.590ms
			ShaderGraphAssetPostProcessor.OnPostprocessAllAssets 0.211ms
			RenderPipelineGlobalSettingsPostprocessor.OnPostprocessAllAssets 0.171ms
			ModelAssetProcessor.OnPostprocessAllAssets 0.170ms
			SpriteEditorTexturePostprocessor.OnPostprocessAllAssets 0.141ms
			GraphRefreshPostprocessor.OnPostprocessAllAssets 0.117ms
			InputActionJsonNameModifierAssetProcessor.OnPostprocessAllAssets 0.082ms
			EditModeScopePostprocessor.OnPostprocessAllAssets 0.057ms
	PostAssetChangesProfiler: 12.144ms
	GatherAllCurrentPrimaryImportResultRevisions: 0.981ms
	UnloadStreamsBegin: 6.243ms
	PersistCurrentRevisions: 0.528ms
	Untracked: 12.436ms

GPU Resident Drawer disposed.
[Physics::Module] Cleanup current backend.
[Physics::Module] Id: 0xf2b8ea05
Input System module state changed to: ShutdownInProgress.
Input Polling Thread exited.
Input System module state changed to: Shutdown.
[Licensing::IpcConnector] LicenseClient-obscu-notifications channel disconnected successfully.
[Licensing::IpcConnector] LicenseClient-obscu channel disconnected successfully.
Lingering sessions upon destruction of worker manager
Unity Data Store service was successfully shut down
UDS shutting down local client system
AcceleratorClientConnectionCallback - disconnected - :0
Cleanup mono
CodeReloadManager destroyed
VBCSCompilerPreWarmer: requested VBCSCompiler shutdown
Checking for leaked weakptr:
  Found no leaked weakptrs.
[Package Manager] Server process was shutdown
##utp:{"type":"MemoryLeaks","version":2,"phase":"Immediate","time":1790834279949,"processId":28044,"allocatedMemory":22684439,"memoryLabels":[{"Default":220294},{"Permanent":15516},{"NewDelete":72879},{"Thread":4197984},{"Manager":2341213},{"VertexData":3320},{"Geometry":816},{"Texture":24},{"Shader":853210},{"Material":68},{"GfxDevice":57192},{"Animation":952},{"FreeType":8},{"FontEngine":736},{"Physics":1970},{"Physics2D":16},{"Serialization":22816},{"Input":42840},{"JobScheduler":256},{"TextLib":336},{"Mono":48},{"MonoCode":320},{"ScriptingNativeRuntime":1365208},{"BaseObject":48784},{"Resource":1252},{"Renderer":2384},{"Transform":4685},{"File":7389},{"WebCam":616},{"Culling":32},{"Terrain":11442},{"Wind":24},{"STL":40},{"String":458893},{"StaticString":3808},{"Utility":2674806},{"Curl":2478},{"PoolAlloc":3416},{"AI":80},{"TypeTree":14973},{"ScriptManager":12656},{"CodeReload":448},{"RuntimeInitializeOnLoadManager":64},{"Sprites":102},{"SpriteAtlas":120},{"GI":7816},{"Director":8296},{"CloudService":7296},{"WebRequest":8749},{"VR":49650},{"SceneManager":608},{"Video":208},{"LazyScriptCache":32},{"Camera":729},{"Secure":2377},{"SerializationCache":9256},{"APIUpdating":10320},{"Subsystems":336},{"VirtualTexturing":57888},{"StaticSafetyDebugInfo":278528},{"Analytics":768},{"Hierarchy":1188},{"UIElements":40},{"CoreStats":14456},{"Identifiers":7152},{"Gui":128},{"EditorUtility":165055},{"VersionControl":8},{"Undo":931},{"AssetDatabase":9541402},{"AssetImporter":40},{"EditorGi":328},{"UnityConnect":40465},{"Upm":1912},{"UpmDiagnostics":8},{"AssetCompliance":96},{"DrivenProperties":72},{"LocalIPC":260},{"ProfilerEditor":9746},{"CoreBusinessMetrics":3600},{"Windowing":456},{"Licensing":12757},{"AssetReference":32},{"IPCStream":32}]}
